Checking PreliminariesLegendre.lean
PreliminariesLegendre.lean:130:6: warning: Used `tac1 <;> tac2` where `(tac1; tac2)` would suffice
note: this linter can be disabled with `set_option linter.unnecessarySeqFocus false`
PreliminariesLegendre.lean:157:6: warning: Used `tac1 <;> tac2` where `(tac1; tac2)` would suffice
note: this linter can be disabled with `set_option linter.unnecessarySeqFocus false`
PreliminariesLegendre.lean:164:6: warning: Used `tac1 <;> tac2` where `(tac1; tac2)` would suffice
note: this linter can be disabled with `set_option linter.unnecessarySeqFocus false`
Checking K182Dual.lean
Checking K182Numerics.lean
'ProjectionChannels.K182.certified_entropy_gap' depends on axioms: [propext, Classical.choice, Quot.sound]
Checking K182Entropy.lean
ProjectionChannels.K182.normalized_coordinate_le_L {u : Fin 182 → ℝ} (hu0 : ∀ (i : Fin 182), 0 ≤ u i)
  (hu1 : ∀ (i : Fin 182), u i ≤ 1)
  (hc : ∑ i, ProjectionChannels.bernoulliCost ProjectionChannels.K182.t (u i) ≤ 1 / 182) (hs : 0 < ∑ j, u j)
  (i : Fin 182) : u i / ∑ j, u j ≤ ProjectionChannels.K182.L
ProjectionChannels.K182.certified_entropy_gap :
  477 / 1000000 < 2 * ProjectionChannels.K182.entropyLower - ProjectionChannels.K182.bellEntropy
ProjectionChannels.K182.entropy_gap_of_one_high_minimizer
  (hshape : ProjectionChannels.HasOneHighEntropyMinimizer ProjectionChannels.K182.normalizedFeasible) {v : Fin 182 → ℝ}
  (hv : v ∈ ProjectionChannels.K182.normalizedFeasible) :
  477 / 1000000 < 2 * ProjectionChannels.finiteShannon v - ProjectionChannels.K182.bellEntropy
ProjectionChannels.K182.eventual_gap_of_one_high_minimizer
  (hshape : ProjectionChannels.HasOneHighEntropyMinimizer ProjectionChannels.K182.normalizedFeasible) {v : Fin 182 → ℝ}
  (hv : v ∈ ProjectionChannels.K182.normalizedFeasible) (single bell productMinimum : ℕ → ℝ)
  (hsingle : Filter.Tendsto single Filter.atTop (nhds (ProjectionChannels.finiteShannon v)))
  (hbell : Filter.Tendsto bell Filter.atTop (nhds ProjectionChannels.K182.bellEntropy))
  (hBellWitness : ∀ (n : ℕ), productMinimum n ≤ bell n) : ∀ᶠ (n : ℕ) in Filter.atTop, productMinimum n < 2 * single n
AUDIT_TARGET ProjectionChannels.entropy_lower_bound_of_one_high_minimizer
AUDIT_TARGET ProjectionChannels.eventual_product_violation_of_limits
AUDIT_TARGET ProjectionChannels.eventual_strict_gap_of_limits
AUDIT_TARGET ProjectionChannels.finiteShannon_oneHigh
AUDIT_TARGET ProjectionChannels.oneHighEntropy_antitoneOn
AUDIT_TARGET ProjectionChannels.oneHighEntropy_eq_qaryEntropy
AUDIT_TARGET ProjectionChannels.K182.bellAlpha_eq
AUDIT_TARGET ProjectionChannels.K182.bellBeta_eq
AUDIT_TARGET ProjectionChannels.K182.bell_coefficients_valid
AUDIT_TARGET ProjectionChannels.K182.certified_entropy_gap
AUDIT_TARGET ProjectionChannels.K182.coordinate_le_L_sum
AUDIT_TARGET ProjectionChannels.K182.coordinate_lt_quarter
AUDIT_TARGET ProjectionChannels.K182.density_admissible
AUDIT_TARGET ProjectionChannels.K182.dual_bound_neg
AUDIT_TARGET ProjectionChannels.K182.entropy_gap_of_one_high_minimizer
AUDIT_TARGET ProjectionChannels.K182.eventual_gap_of_one_high_minimizer
AUDIT_TARGET ProjectionChannels.K182.first_sqrt_upper
AUDIT_TARGET ProjectionChannels.K182.log_enclosure
AUDIT_TARGET ProjectionChannels.K182.normalizedFeasible_coordinate_le_L
AUDIT_TARGET ProjectionChannels.K182.normalizedFeasible_probability
AUDIT_TARGET ProjectionChannels.K182.normalized_coordinate_le_L
AUDIT_TARGET ProjectionChannels.K182.scalar_upper_bound
AUDIT_TARGET ProjectionChannels.K182.second_sqrt_upper
AUDIT_TARGET ProjectionChannels.K182.sum_pos
AUDIT_TARGET ProjectionChannels.finiteShannon_oneHigh._proof_1
AUDIT_TARGET ProjectionChannels.oneHighEntropy.eq_1
AUDIT_TARGET ProjectionChannels.oneHighEntropy_eq_qaryEntropy._proof_1
AUDIT_TARGET _private.K182Numerics.0.ProjectionChannels.K182.log_alpha_scaled_bounds
AUDIT_TARGET _private.K182Numerics.0.ProjectionChannels.K182.log_beta_scaled_bounds
AUDIT_TARGET _private.K182Numerics.0.ProjectionChannels.K182.log_cutoff_scaled_bounds
AUDIT_TARGET _private.K182Numerics.0.ProjectionChannels.K182.log_dimension_scaled_bounds
AUDIT_TARGET _private.K182Numerics.0.ProjectionChannels.K182.log_half_bounds
AUDIT_TARGET _private.K182Numerics.0.ProjectionChannels.K182.log_mul_half_pow
AUDIT_TARGET _private.K182Numerics.0.ProjectionChannels.K182.log_rest_bounds
AUDIT_TARGET ProjectionChannels.K182.L._proof_3
AUDIT_TARGET ProjectionChannels.K182.L._proof_4
AUDIT_TARGET ProjectionChannels.K182.L.eq_1
AUDIT_TARGET ProjectionChannels.K182.bellAlpha.eq_1
AUDIT_TARGET ProjectionChannels.K182.bellBeta.eq_1
AUDIT_TARGET ProjectionChannels.K182.bellMixing._proof_5
AUDIT_TARGET ProjectionChannels.K182.bellMixing.eq_1
AUDIT_TARGET ProjectionChannels.K182.cutoff._proof_1
AUDIT_TARGET ProjectionChannels.K182.cutoff._proof_2
AUDIT_TARGET ProjectionChannels.K182.cutoff.eq_1
AUDIT_TARGET ProjectionChannels.K182.density._proof_3
AUDIT_TARGET ProjectionChannels.K182.density._proof_4
AUDIT_TARGET ProjectionChannels.K182.density.eq_1
AUDIT_TARGET ProjectionChannels.K182.entropyLower._proof_6
AUDIT_TARGET ProjectionChannels.K182.entropyLower.eq_1
AUDIT_TARGET ProjectionChannels.K182.normalizedFeasible._proof_1
AUDIT_TARGET ProjectionChannels.K182.q._proof_7
AUDIT_TARGET ProjectionChannels.K182.q._proof_8
AUDIT_TARGET ProjectionChannels.K182.t._proof_1
AUDIT_TARGET ProjectionChannels.K182.t._proof_2
AUDIT_TARGET ProjectionChannels.K182.t.eq_1
AUDIT_TARGET ProjectionChannels.K182.z._proof_5
AUDIT_TARGET ProjectionChannels.K182.z._proof_6
AUDIT_TARGET ProjectionChannels.K182.z.eq_1
TRANSITIVE AXIOMS: [propext, Classical.choice, Quot.sound]
PROJECT LOGICAL AXIOM DECLARATIONS: []
TOTAL audited theorem declarations: 58
