audit_original/AppendixB_probe.lean:130:15: warning: Used `tac1 <;> tac2` where `(tac1; tac2)` would suffice
note: this linter can be disabled with `set_option linter.unnecessarySeqFocus false`
audit_original/AppendixB_probe.lean:140:21: warning: 'ring' tactic does nothing
note: this linter can be disabled with `set_option linter.unusedTactic false`
audit_original/AppendixB_probe.lean:140:21: warning: this tactic is never executed
note: this linter can be disabled with `set_option linter.unreachableTactic false`
audit_original/AppendixB_probe.lean:145:15: warning: Used `tac1 <;> tac2` where `(tac1; tac2)` would suffice
note: this linter can be disabled with `set_option linter.unnecessarySeqFocus false`
audit_original/AppendixB_probe.lean:166:15: warning: Used `tac1 <;> tac2` where `(tac1; tac2)` would suffice
note: this linter can be disabled with `set_option linter.unnecessarySeqFocus false`
audit_original/AppendixB_probe.lean:191:17: warning: Used `tac1 <;> tac2` where `(tac1; tac2)` would suffice
note: this linter can be disabled with `set_option linter.unnecessarySeqFocus false`
audit_original/AppendixB_probe.lean:195:15: warning: Used `tac1 <;> tac2` where `(tac1; tac2)` would suffice
note: this linter can be disabled with `set_option linter.unnecessarySeqFocus false`
audit_original/AppendixB_probe.lean:235:15: warning: Used `tac1 <;> tac2` where `(tac1; tac2)` would suffice
note: this linter can be disabled with `set_option linter.unnecessarySeqFocus false`
audit_original/AppendixB_probe.lean:335:31: warning: `pow_le_pow_left` has been deprecated: use `pow_le_pow_left₀` instead
audit_original/AppendixB_probe.lean:407:29: warning: 'ring' tactic does nothing
note: this linter can be disabled with `set_option linter.unusedTactic false`
audit_original/AppendixB_probe.lean:407:29: warning: this tactic is never executed
note: this linter can be disabled with `set_option linter.unreachableTactic false`
audit_original/AppendixB_probe.lean:397:25: warning: Used `tac1 <;> tac2` where `(tac1; tac2)` would suffice
note: this linter can be disabled with `set_option linter.unnecessarySeqFocus false`
audit_original/AppendixB_probe.lean:636:27: warning: `pow_le_pow_left` has been deprecated: use `pow_le_pow_left₀` instead
audit_original/AppendixB_probe.lean:664:27: warning: `pow_le_pow_left` has been deprecated: use `pow_le_pow_left₀` instead
audit_original/AppendixB_probe.lean:570:0: error: (deterministic) timeout at `whnf`, maximum number of heartbeats (200000) has been reached
Use `set_option maxHeartbeats <num>` to set the limit.

Additional diagnostic information may be available using the `set_option diagnostics true` command.
audit_original/AppendixB_probe.lean:851:38: error: application type mismatch
  insert_subset hx (le_trans ?m.41171 ?m.41437)
argument
  le_trans ?m.41171 ?m.41437
has type
  ?m.40885 ≤ ?m.40887 : Prop
but is expected to have type
  J ⊆ s : Prop
audit_original/AppendixB_probe.lean:883:2: error: no goals to be solved
audit_original/AppendixB_probe.lean:892:2: error: tactic 'simp' failed, nested error:
(deterministic) timeout at `whnf`, maximum number of heartbeats (200000) has been reached
Use `set_option maxHeartbeats <num>` to set the limit.

Additional diagnostic information may be available using the `set_option diagnostics true` command.
audit_original/AppendixB_probe.lean:919:11: error: typeclass instance problem is stuck, it is often due to metavariables
  AddCommMonoid ?m.47615
audit_original/AppendixB_probe.lean:976:19: warning: 'ring' tactic does nothing
note: this linter can be disabled with `set_option linter.unusedTactic false`
audit_original/AppendixB_probe.lean:976:19: warning: this tactic is never executed
note: this linter can be disabled with `set_option linter.unreachableTactic false`
audit_original/AppendixB_probe.lean:978:13: warning: Used `tac1 <;> tac2` where `(tac1; tac2)` would suffice
note: this linter can be disabled with `set_option linter.unnecessarySeqFocus false`
audit_original/AppendixB_probe.lean:1033:35: warning: `pow_le_pow_left` has been deprecated: use `pow_le_pow_left₀` instead
audit_original/AppendixB_probe.lean:1072:26: warning: unused variable `ht0`
note: this linter can be disabled with `set_option linter.unusedVariables false`
audit_original/AppendixB_probe.lean:1072:40: warning: unused variable `ht1`
note: this linter can be disabled with `set_option linter.unusedVariables false`
audit_original/AppendixB_probe.lean:1114:4: error: linarith failed to find a contradiction
case a
t s B : ℝ
ht0 : 0 < t
ht1 : t < 1
hs : 4 ≤ s
hB : B ^ 2 ≤ 4 * (t * (1 - t)) + 6 / s
hs0 : 0 < s
hs0' : s ≠ 0
ht0' : t ≠ 0
x : ℝ := s ^ 2 * t
hkt : 16 ≤ x
hx : x = s ^ 2 * t
hx0 : 0 < x
hx2 : 0 < x - 2
hx0' : x ≠ 0
h1 : s ^ 2 / (x - 2) ^ 2 ≤ (1 + 8 / x) / (t ^ 2 * s ^ 2)
h8 : 8 / x ≤ 1 / 2
h80 : 0 ≤ 8 / x
hB' : B ^ 2 * (1 + 8 / x) ≤ (4 * (t * (1 - t)) + 6 / s) * (1 + 8 / x)
e : 4 * (t * (1 - t)) * (8 / x) = 32 * (1 - t) / s ^ 2
h3 : 32 * (1 - t) / s ^ 2 ≤ 8 / s
h4 : 6 / s * (1 + 8 / x) ≤ 9 / s
e2 : (4 * (t * (1 - t)) + 6 / s) * (1 + 8 / x) = 4 * (t * (1 - t)) + 4 * (t * (1 - t)) * (8 / x) + 6 / s * (1 + 8 / x)
a✝ : B ^ 2 * (1 + 8 / x) > 4 * (t * (1 - t)) + 17 / s
⊢ False failed
audit_original/AppendixB_probe.lean:1192:37: warning: `pow_le_pow_left` has been deprecated: use `pow_le_pow_left₀` instead
audit_original/AppendixB_probe.lean:1203:32: warning: `pow_le_pow_left` has been deprecated: use `pow_le_pow_left₀` instead
audit_original/AppendixB_probe.lean:1216:21: warning: `pow_le_pow_left` has been deprecated: use `pow_le_pow_left₀` instead
audit_original/AppendixB_probe.lean:1257:6: error: (deterministic) timeout at `«Linarith.SimplexAlgorithm.Gauss.getTableauImp»`, maximum number of heartbeats (200000) has been reached
Use `set_option maxHeartbeats <num>` to set the limit.

Additional diagnostic information may be available using the `set_option diagnostics true` command.
audit_original/AppendixB_probe.lean:1231:2: error: (deterministic) timeout at `«tactic execution»`, maximum number of heartbeats (200000) has been reached
Use `set_option maxHeartbeats <num>` to set the limit.

Additional diagnostic information may be available using the `set_option diagnostics true` command.
audit_original/AppendixB_probe.lean:1129:0: error: (deterministic) timeout at `whnf`, maximum number of heartbeats (200000) has been reached
Use `set_option maxHeartbeats <num>` to set the limit.

Additional diagnostic information may be available using the `set_option diagnostics true` command.
audit_original/AppendixB_probe.lean:1304:71: warning: `pow_le_pow_left` has been deprecated: use `pow_le_pow_left₀` instead
audit_original/AppendixB_probe.lean:1294:17: warning: Used `tac1 <;> tac2` where `(tac1; tac2)` would suffice
note: this linter can be disabled with `set_option linter.unnecessarySeqFocus false`
audit_original/AppendixB_probe.lean:1307:26: warning: Used `tac1 <;> tac2` where `(tac1; tac2)` would suffice
note: this linter can be disabled with `set_option linter.unnecessarySeqFocus false`
audit_original/AppendixB_probe.lean:1350:57: error: no goals to be solved
audit_original/AppendixB_probe.lean:1350:21: error: unsolved goals
t : ℝ
ht0 : 0 < t
ht1 : t < 1
n : ℕ
hk2n : 2 ≤ n + 2
K : ℝ := ↑(n + 2)
hk : max 2 (max (1 / (2 * t)) (1 / (2 * (1 - t)))) ≤ K
hk2 : 2 ≤ K
hka : 1 / (2 * t) ≤ K
hkb : 1 / (2 * (1 - t)) ≤ K
hK : K = ↑(n + 2)
hK0 : 0 < K
hKa : 1 ≤ 2 * t * K
this : 0 < 1 - t
⊢ 0 < 2 * (1 - t)
audit_original/AppendixB_probe.lean:1332:0: error: (deterministic) timeout at `whnf`, maximum number of heartbeats (200000) has been reached
Use `set_option maxHeartbeats <num>` to set the limit.

Additional diagnostic information may be available using the `set_option diagnostics true` command.
audit_original/AppendixB_probe.lean:1571:12: warning: `lt_of_pow_lt_pow_left` has been deprecated: use `lt_of_pow_lt_pow_left₀` instead
audit_original/AppendixB_probe.lean:1626:28: error: linarith failed to find a contradiction
case h
t p : ℝ
ht0 : 0 < t
ht1 : t < 1
hp : 0 < p
r' : ℕ
hr : 1 ≤ r' + 1
η Cu : ℝ
hη : 0 < η
hη' : η ≤ 1 / 2
hCu : 0 ≤ Cu
hunif :
  ∀ {ι : Type} (s : Finset ι) (d y : ι → ℝ) (M e : ℝ),
    0 < M →
      (∀ j ∈ s, 0 ≤ d j) →
        ∑ j ∈ s, d j = M →
          ∑ j ∈ s, d j * y j = 0 →
            (∀ j ∈ s, |y j| ≤ e) →
              e ≤ η →
                |(renyi p s d fun j => (1 + y j) / M) - log M + p / 2 * ((∑ j ∈ s, d j * y j ^ 2) / M)| ≤
                  Cu * (e + (∑ j ∈ s, d j * y j ^ 2) / M) * ((∑ j ∈ s, d j * y j ^ 2) / M)
CL kL : ℝ
hCL : 0 ≤ CL
CT kT : ℝ
hCT : 0 ≤ CT
γ : ℝ := (1 - t) / t
hloc :
  ∀ (k : ℕ),
    kL ≤ ↑k →
      ∀ q ∈ Lam k t,
        ∑ i, q i = 1 ∧
          (∀ (i : Fin k), 0 ≤ q i) ∧
            (∀ (i : Fin k), |↑k * q i - 1| ≤ CL / √↑k) ∧ ∑ i, (↑k * q i - 1) ^ 2 ≤ 4 * γ / ↑k + CL / (↑k * √↑k)
htwo : ∀ (k : ℕ), kT ≤ ↑k → ∃ q ∈ Lam k t, 4 * γ / ↑k - CT / ↑k ^ 2 ≤ ∑ i, (↑k * q i - 1) ^ 2
hγ : γ = (1 - t) / t
hγ0 : 0 < γ
R : ℝ := ↑(r' + 1)
hR : R = ↑(r' + 1)
hR1 : 1 ≤ R
hR0 : 0 < R
C : ℝ := p * CL + Cu * (2 * CL + 4 * γ) * (4 * γ + CL) + p * (CT + 8 * R * γ)
hC : C = p * CL + Cu * (2 * CL + 4 * γ) * (4 * γ + CL) + p * (CT + 8 * R * γ)
k : ℕ
hk : max (max kL kT) (max (4 * R + 4) ((CL / η) ^ 2 + 1)) ≤ ↑k
hkL : kL ≤ ↑k
hkT : kT ≤ ↑k
hkR : 4 * R + 4 ≤ ↑k
hkη : (CL / η) ^ 2 + 1 ≤ ↑k
hkpos : 0 < ↑k
hkr : r' + 2 ≤ k
s : ℝ := √↑k
hs_def : s = √↑k
hs2 : s ^ 2 = ↑k
hs0 : 0 < s
hs1 : 1 ≤ s
hsk : s ≤ ↑k
e : ℝ := CL / s
he : e = CL / s
heη : e ≤ η
he0 : 0 ≤ e
D : ℝ := ↑(k.choose (r' + 1))
hD : D = ↑(k.choose (r' + 1))
hD0 : 0 < D
hgen :
  ∀ (q : Fin k → ℝ),
    ∑ i, q i = 1 →
      (∀ (i : Fin k), |↑k * q i - 1| ≤ e) →
        |renyi p (subsets k (r' + 1)) (fun x => 1) (shuffle k (r' + 1) q) - log D +
              p / 2 * ((↑k - R) / (R * ↑k * (↑k - 1)) * ∑ i, (↑k * q i - 1) ^ 2)| ≤
          Cu * (e + (↑k - R) / (R * ↑k * (↑k - 1)) * ∑ i, (↑k * q i - 1) ^ 2) *
            ((↑k - R) / (R * ↑k * (↑k - 1)) * ∑ i, (↑k * q i - 1) ^ 2)
a✝ : 0 ≥ R * ↑k * (↑k - 1)
⊢ False failed
audit_original/AppendixB_probe.lean:1627:4: error: (deterministic) timeout at `isDefEq`, maximum number of heartbeats (200000) has been reached
Use `set_option maxHeartbeats <num>` to set the limit.

Additional diagnostic information may be available using the `set_option diagnostics true` command.
audit_original/AppendixB_probe.lean:1529:0: error: (deterministic) timeout at `whnf`, maximum number of heartbeats (200000) has been reached
Use `set_option maxHeartbeats <num>` to set the limit.

Additional diagnostic information may be available using the `set_option diagnostics true` command.
audit_original/AppendixB_probe.lean:1788:8: error: (kernel) unknown constant 'AppendixB.single_output'
audit_original/AppendixB_probe.lean:1826:69: warning: Used `tac1 <;> tac2` where `(tac1; tac2)` would suffice
note: this linter can be disabled with `set_option linter.unnecessarySeqFocus false`
audit_original/AppendixB_probe.lean:1833:17: warning: Used `tac1 <;> tac2` where `(tac1; tac2)` would suffice
note: this linter can be disabled with `set_option linter.unnecessarySeqFocus false`
audit_original/AppendixB_probe.lean:1844:19: warning: Used `tac1 <;> tac2` where `(tac1; tac2)` would suffice
note: this linter can be disabled with `set_option linter.unnecessarySeqFocus false`
audit_original/AppendixB_probe.lean:1896:13: warning: Used `tac1 <;> tac2` where `(tac1; tac2)` would suffice
note: this linter can be disabled with `set_option linter.unnecessarySeqFocus false`
audit_original/AppendixB_probe.lean:1918:13: warning: `pow_le_pow_left` has been deprecated: use `pow_le_pow_left₀` instead
audit_original/AppendixB_probe.lean:1927:15: warning: `pow_le_pow_left` has been deprecated: use `pow_le_pow_left₀` instead
audit_original/AppendixB_probe.lean:2005:29: error: linarith failed to find a contradiction
case «1».a
t p : ℝ
ht0 : 0 < t
ht1 : t < 1
hp : 0 < p
η₁ C₁ : ℝ
hη₁ : 0 < η₁
hη₁' : η₁ ≤ 1 / 2
hC₁ : 0 ≤ C₁
hloc : ∀ (y : ℝ), |y| ≤ η₁ → |psi p y - kappa p * y ^ 2| ≤ C₁ * |y| ^ 3
C₂ : ℝ
hC₂ : 0 ≤ C₂
hF : ∀ (x : ℝ), |x| ≤ 1 / 2 → |Fp p x - cp p * x| ≤ C₂ * x ^ 2
L ηL : ℝ
hηL : 0 < ηL
hL : 0 ≤ L
γ : ℝ := (1 - t) / t
hγ0 : 0 < γ
hlip : ∀ (y : ℝ), |y - γ| ≤ ηL → |psi p y - psi p γ| ≤ L * |y - γ|
hγ : γ = (1 - t) / t
P0 : ℝ := |psi p γ|
hP0 : P0 = |psi p γ|
E : ℝ := 8 * γ * L + (|kappa p| + C₁) * (2 * γ) ^ 2
hE : E = 8 * γ * L + (|kappa p| + C₁) * (2 * γ) ^ 2
hE0 : 0 ≤ E
k : ℕ
hk : max (max 2 (1 / t)) (max (8 * γ / ηL + 1) (max (2 * γ / η₁ + 1) (2 * (P0 + E) + 1))) ≤ ↑k
hk2 : 2 ≤ ↑k
hkt : 1 / t ≤ ↑k
hkL : 8 * γ / ηL + 1 ≤ ↑k
hkη : 2 * γ / η₁ + 1 ≤ ↑k
hkP : 2 * (P0 + E) + 1 ≤ ↑k
hkpos : 0 < ↑k
hk0 : ↑k ≠ 0
hkk : ↑k ≤ ↑k ^ 2
hk2t : 1 ≤ ↑k ^ 2 * t
ρ : ℝ := rkt k t
hρ0 : 0 ≤ ρ
hρ1 : ρ ≤ 2 * γ / ↑k ^ 2
hρ2 : |↑k ^ 2 * ρ - γ| ≤ 6 * γ / ↑k ^ 2
hρ : ρ = rkt k t
hρη : ρ ≤ η₁
y0 : ℝ := ρ * (↑k ^ 2 - 1)
hy0 : y0 = ρ * (↑k ^ 2 - 1)
hyγ : |y0 - γ| ≤ 8 * γ / ↑k ^ 2
hyL : |y0 - γ| ≤ ηL
hψ1 : |psi p y0 - psi p γ| ≤ L * |y0 - γ|
hψ2 : |psi p (-ρ)| ≤ (|kappa p| + C₁) * (-ρ) ^ 2
hspec : ∀ j ∈ univ, ![alphaB k t, betaB k t] j = (fun j => (1 + ![y0, -ρ] j) / ↑k ^ 2) j
a✝¹ : (fun i => i) ⟨1, ⋯⟩ ∈ univ
a✝ : 1 > k
⊢ False failed
audit_original/AppendixB_probe.lean:2011:67: error: (deterministic) timeout at `isDefEq`, maximum number of heartbeats (200000) has been reached
Use `set_option maxHeartbeats <num>` to set the limit.

Additional diagnostic information may be available using the `set_option diagnostics true` command.
audit_original/AppendixB_probe.lean:1932:0: error: (deterministic) timeout at `whnf`, maximum number of heartbeats (200000) has been reached
Use `set_option maxHeartbeats <num>` to set the limit.

Additional diagnostic information may be available using the `set_option diagnostics true` command.
audit_original/AppendixB_probe.lean:2131:46: error: (deterministic) timeout at `«Linarith.SimplexAlgorithm.Gauss.getTableauImp»`, maximum number of heartbeats (200000) has been reached
Use `set_option maxHeartbeats <num>` to set the limit.

Additional diagnostic information may be available using the `set_option diagnostics true` command.
audit_original/AppendixB_probe.lean:2092:0: error: (deterministic) timeout at `whnf`, maximum number of heartbeats (200000) has been reached
Use `set_option maxHeartbeats <num>` to set the limit.

Additional diagnostic information may be available using the `set_option diagnostics true` command.
