{
  "status": "passed",
  "precision_decimal_digits": 85,
  "scope": "Numerical checks; not a proof of the random matrix limit.",
  "scalar": {
    "legendre_inequalities": 210,
    "maximum_legendre_equality_error": "1.029511517893605783627790434694337793721675916246924565437281545420717215915015585181e-84",
    "duality_cases": 210,
    "regimes": {
      "finite_critical_parameter": 122,
      "infinite_parameter": 88
    },
    "equality_threshold_case": "passed"
  },
  "haar_finite_size_experiments": [
    {
      "k": 2,
      "n": 24,
      "rank": 14,
      "t": 0.3,
      "a": [
        1.0,
        -0.8
      ],
      "largest_eigenvalue": 0.7931440865118715,
      "limiting_formula": 0.8572549868446275,
      "finite_size_error": -0.06411090033275602
    },
    {
      "k": 2,
      "n": 72,
      "rank": 43,
      "t": 0.3,
      "a": [
        1.0,
        -0.8
      ],
      "largest_eigenvalue": 0.8354802608049015,
      "limiting_formula": 0.8572549868446275,
      "finite_size_error": -0.021774726039726078
    },
    {
      "k": 2,
      "n": 160,
      "rank": 96,
      "t": 0.3,
      "a": [
        1.0,
        -0.8
      ],
      "largest_eigenvalue": 0.8332643379316451,
      "limiting_formula": 0.8572549868446275,
      "finite_size_error": -0.023990648912982415
    },
    {
      "k": 3,
      "n": 24,
      "rank": 29,
      "t": 0.4,
      "a": [
        1.0,
        0.1,
        -0.7
      ],
      "largest_eigenvalue": 0.7635266775381959,
      "limiting_formula": 0.8159629268025355,
      "finite_size_error": -0.05243624926433954
    },
    {
      "k": 3,
      "n": 72,
      "rank": 86,
      "t": 0.4,
      "a": [
        1.0,
        0.1,
        -0.7
      ],
      "largest_eigenvalue": 0.7951275218592331,
      "limiting_formula": 0.8159629268025355,
      "finite_size_error": -0.020835404943302382
    },
    {
      "k": 3,
      "n": 160,
      "rank": 192,
      "t": 0.4,
      "a": [
        1.0,
        0.1,
        -0.7
      ],
      "largest_eigenvalue": 0.8054829010352971,
      "limiting_formula": 0.8159629268025355,
      "finite_size_error": -0.010480025767238388
    }
  ]
}
