{
  "status": "certified",
  "arithmetic": "exact rational interval endpoints; no floats",
  "inputs": {
    "k": 182,
    "t": "27/100000",
    "L": "162513/1000000",
    "z": "2077/2000"
  },
  "parameters": {
    "log_series_terms": 48,
    "sqrt_grid_digits": 70
  },
  "outward_decimal_enclosures": {
    "ubar": [
      "0.00819050280497145655686391",
      "0.00819050280497145655686392"
    ],
    "dual": [
      "-0.00000001659812476018135078",
      "-0.00000001659812476018135077"
    ],
    "one_copy_lower": [
      "4.79748729461169332918497549",
      "4.79748729461169332918497550"
    ],
    "bell_entropy": [
      "9.59449702812108282577619603",
      "9.59449702812108282577619604"
    ],
    "gap_lower_bound": [
      "0.00047756110230383259375495",
      "0.00047756110230383259375496"
    ]
  },
  "checks": [
    "minimizer lemma: t range",
    "random-channel limit: t>1/k^2",
    "scalar dual: L and z ranges",
    "minimizer lemma: coordinate bound<1/4",
    "global scalar dual is negative",
    "Bell coefficients are positive",
    "Bell trace is exactly one",
    "exact decimal enclosure of scalar dual",
    "exact decimal enclosure of one-copy entropy lower bound",
    "exact decimal enclosure of Bell entropy",
    "gap>477/1000000"
  ],
  "analytic_dependencies": [
    "one-high entropy-minimizer reduction",
    "scalar dual upper bound for every feasible eigenvalue",
    "output-set and Bell-output limits to infer finite channel violation"
  ],
  "conclusion": "k_high(1)<=182; minimality and an explicit finite n are not certified"
}
