The pinned dependency patch is already applied.
Lean (version 4.33.0, x86_64-unknown-linux-gnu, commit d8b18978322de05a8f3dba51ef03cf5461676c17, Release)
Physlib: c76e3ccab04eacb69a126ca5c021b0788d513292
Mathlib: db584cd6d46c92f209a44c0f1c829460d327499d
Local proof modules: 30 (all rebuilt from source)
Using existing standard dependency artifacts; every local proof is still rebuilt.
Build completed successfully (3693 jobs).
Checking BellAlgebra.lean
Checking FilterTrace.lean
FilterTrace.lean:81:21: warning: Variable name `ha` is not explicitly referenced.

Hint: The binding can be removed (if unused) or named `_` (if used implicitly). Alternatively, prefix the name with `_` to silence this warning:
  [apply] _ha

Note: This linter can be disabled with `set_option linter.unusedVariables false`
FilterTrace.lean:82:5: warning: Variable name `hγ` is not explicitly referenced.

Hint: The binding can be removed (if unused) or named `_` (if used implicitly). Alternatively, prefix the name with `_` to silence this warning:
  [apply] _hγ

Note: This linter can be disabled with `set_option linter.unusedVariables false`
Checking JointBound.lean
'SuppressorEntropy.suppressor_bellOverlap_lower' depends on axioms: [propext, Classical.choice, Quot.sound]
Checking JointProjection.lean
Checking JointEntropy.lean
Checking SingleEntropy.lean
'SuppressorEntropy.single_copy_of_hilbertSchmidt' depends on axioms: [propext, Classical.choice, Quot.sound]
'SuppressorEntropy.minimumOutputEntropy_lower_of_self_pairing' depends on axioms: [propext,
 Classical.choice,
 Quot.sound]
'SuppressorEntropy.minimumOutputEntropy_le' depends on axioms: [propext, Classical.choice, Quot.sound]
Checking TensorBridge.lean
'EntropyLemmas.TensorBridge.product_bell_entry_eq_sigmaEntry' depends on axioms: [propext, Classical.choice, Quot.sound]
'EntropyLemmas.TensorBridge.product_bell_inner' depends on axioms: [propext, Classical.choice, Quot.sound]
'EntropyLemmas.TensorBridge.product_bell_diagonal_mass' depends on axioms: [propext, Classical.choice, Quot.sound]
Checking JointChannel.lean
'SuppressorEntropy.joint_copy_lemma' depends on axioms: [propext, Classical.choice, Quot.sound]
Checking TensorMarginalEntropy.lean
'SuppressorEntropy.TensorMarginal.paired_channel_marginal' depends on axioms: [propext, Classical.choice, Quot.sound]
'SuppressorEntropy.TensorMarginal.paired_partial_trace' depends on axioms: [propext, Classical.choice, Quot.sound]
'SuppressorEntropy.TensorMarginal.tensor_pair_entropy_from_exact_marginals' depends on axioms: [propext,
 Classical.choice,
 Quot.sound]
'SuppressorEntropy.TensorMarginal.joint_copy_bell_entropy' depends on axioms: [propext, Classical.choice, Quot.sound]
'SuppressorEntropy.TensorMarginal.entropy_le_sum_coordinateMarginals' depends on axioms: [propext,
 Classical.choice,
 Quot.sound]
'SuppressorEntropy.TensorMarginal.pair_output_entropy_le' depends on axioms: [propext, Classical.choice, Quot.sound]
'SuppressorEntropy.TensorMarginal.global_suppressor_spectator_cancels' depends on axioms: [propext,
 Classical.choice,
 Quot.sound]
'SuppressorEntropy.TensorMarginal.partial_trace_suppressed_tensor_output' depends on axioms: [propext,
 Classical.choice,
 Quot.sound]
'SuppressorEntropy.TensorMarginal.state_marginal_suppressed_tensor_output' depends on axioms: [propext,
 Classical.choice,
 Quot.sound]
Checking ActualTensorTuple.lean
ActualTensorTuple.lean:20:0: warning: automatically included section variable(s) unused in theorem `ActualTensorTuple.piProd_mul`:
  [DecidableEq d]
consider restructuring your `variable` declarations so that the variables are not in scope or explicitly omit them:
  omit [DecidableEq d] in theorem ...

Note: This linter can be disabled with `set_option linter.unusedSectionVars false`
ActualTensorTuple.lean:28:0: warning: automatically included section variable(s) unused in theorem `ActualTensorTuple.piProd_adjoint`:
  [DecidableEq a]
  [Fintype d]
  [DecidableEq d]
consider restructuring your `variable` declarations so that the variables are not in scope or explicitly omit them:
  omit [DecidableEq a] [Fintype d] [DecidableEq d] in theorem ...

Note: This linter can be disabled with `set_option linter.unusedSectionVars false`
ActualTensorTuple.lean:34:0: warning: automatically included section variable(s) unused in theorem `ActualTensorTuple.piProd_one`:
  [DecidableEq a]
  [Fintype d]
consider restructuring your `variable` declarations so that the variables are not in scope or explicitly omit them:
  omit [DecidableEq a] [Fintype d] in theorem ...

Note: This linter can be disabled with `set_option linter.unusedSectionVars false`
ActualTensorTuple.lean:101:0: warning: automatically included section variable(s) unused in theorem `ActualTensorTuple.splitIndex_at`:
  [Fintype a]
consider restructuring your `variable` declarations so that the variables are not in scope or explicitly omit them:
  omit [Fintype a] in theorem ...

Note: This linter can be disabled with `set_option linter.unusedSectionVars false`
ActualTensorTuple.lean:105:0: warning: automatically included section variable(s) unused in theorem `ActualTensorTuple.splitIndex_other`:
  [Fintype a]
consider restructuring your `variable` declarations so that the variables are not in scope or explicitly omit them:
  omit [Fintype a] in theorem ...

Note: This linter can be disabled with `set_option linter.unusedSectionVars false`
ActualTensorTuple.lean:109:0: warning: automatically included section variable(s) unused in theorem `ActualTensorTuple.splitIndex_eq_iff`:
  [Fintype a]
consider restructuring your `variable` declarations so that the variables are not in scope or explicitly omit them:
  omit [Fintype a] in theorem ...

Note: This linter can be disabled with `set_option linter.unusedSectionVars false`
ActualTensorTuple.lean:135:2: warning: Try this: 
  letI̵

The goal is a proposition, so `let` is preferred over `letI`.
The difference between `let` and `letI` is that `letI` inlines the value.
But this is not relevant for proofs because of proof irrelevance.

Note: This linter can be disabled with `set_option linter.style.haveILetI false`
'ActualTensorTuple.tuple_unitary' depends on axioms: [propext, Classical.choice, Quot.sound]
'ActualTensorTuple.coordinateUnitary_unitary' depends on axioms: [propext, Classical.choice, Quot.sound]
'ActualTensorTuple.tuple_coordinate_cancellation' depends on axioms: [propext, Classical.choice, Quot.sound]
'ActualTensorTuple.global_suppressor_coordinate_cancellation' depends on axioms: [propext, Classical.choice, Quot.sound]
'ActualTensorTuple.coordinate_partial_trace_formula' depends on axioms: [propext, Classical.choice, Quot.sound]
'ActualTensorTuple.coordinate_partial_trace_of_cancellation' depends on axioms: [propext, Classical.choice, Quot.sound]
Checking ActualCoordinateMarginal.lean
ActualCoordinateMarginal.lean:168:13: warning: This simp argument is unused:
  Finset.sum_ite_irrel

Hint: Omit it from the simp argument list.
  [apply] simp only [Finset.sum_const_zero, Finset.sum_ite_eq', Finset.mem_univ, if_true]

Note: This linter can be disabled with `set_option linter.unusedSimpArgs false`
ActualCoordinateMarginal.lean:168:35: warning: This simp argument is unused:
  Finset.sum_const_zero

Hint: Omit it from the simp argument list.
  [apply] simp only [Finset.sum_ite_irrel, Finset.sum_ite_eq', Finset.mem_univ, if_true]

Note: This linter can be disabled with `set_option linter.unusedSimpArgs false`
'ActualCoordinateMarginal.coordinateMarginal_entry' depends on axioms: [propext, Classical.choice, Quot.sound]
'ActualCoordinateMarginal.coordinateMarginal_eq_split' depends on axioms: [propext, Classical.choice, Quot.sound]
'ActualCoordinateMarginal.coordinateMarginal_matrix' depends on axioms: [propext, Classical.choice, Quot.sound]
'ActualCoordinateMarginal.paired_coordinate_trace' depends on axioms: [propext, Classical.choice, Quot.sound]
'ActualCoordinateMarginal.paired_channel_coordinate_marginal' depends on axioms: [propext, Classical.choice, Quot.sound]
Checking FiniteFilterSupport.lean
'FiniteFilterSupport.filter_contraction_order' depends on axioms: [propext, Classical.choice, Quot.sound]
'FiniteFilterSupport.filter_contraction_norm' depends on axioms: [propext, Classical.choice, Quot.sound]
'FiniteFilterSupport.norm_le_of_net' depends on axioms: [propext, Classical.choice, Quot.sound]
'FiniteFilterSupport.apply_norm_le_of_net' depends on axioms: [propext, Classical.choice, Quot.sound]
'FiniteFilterSupport.finite_filter_net_bound' depends on axioms: [propext, Classical.choice, Quot.sound]
Checking SignFilterLower.lean
'SignFilterLower.even_power_supporting_line' depends on axioms: [propext, Classical.choice, Quot.sound]
'SignFilterLower.even_moment_lower' depends on axioms: [propext, Classical.choice, Quot.sound]
'SignFilterLower.matrix_signed_second_moment' depends on axioms: [propext, Classical.choice, Quot.sound]
'SignFilterLower.signed_even_moment_lower' depends on axioms: [propext, Classical.choice, Quot.sound]
'SignFilterLower.quadrature_square_sum' depends on axioms: [propext, Classical.choice, Quot.sound]
'SignFilterLower.unitary_gaussian_sign_lower' depends on axioms: [propext, Classical.choice, Quot.sound]
'SignFilterLower.normalized_unitary_gaussian_sign_lower' depends on axioms: [propext, Classical.choice, Quot.sound]
'SignFilterLower.full_filter_gaussian_sign_lower' depends on axioms: [propext, Classical.choice, Quot.sound]
Checking GaussianSignCoefficient.lean
'GaussianSignCoefficient.complex_pair_quadratures' depends on axioms: [propext, Classical.choice, Quot.sound]
'GaussianSignCoefficient.pair_word_unitary' depends on axioms: [propext, Classical.choice, Quot.sound]
'GaussianSignCoefficient.sum_eq_upper_ite' depends on axioms: [propext, Classical.choice, Quot.sound]
'GaussianSignCoefficient.sum_eq_upper_edges' depends on axioms: [propext, Classical.choice, Quot.sound]
'GaussianSignCoefficient.observable_eq_signed_quadratures' depends on axioms: [propext, Classical.choice, Quot.sound]
Checking GridNet.lean
'GaussianHermitianGrid.rounded_error' depends on axioms: [propext, Classical.choice, Quot.sound]
'GaussianHermitianGrid.grid_net' depends on axioms: [propext, Classical.choice, Quot.sound]
'GaussianHermitianGrid.grid_net_trace' depends on axioms: [propext, Classical.choice, Quot.sound]
Checking GridCardinality.lean
'GaussianHermitianGrid.grid_entry_coordinate_lt' depends on axioms: [propext, Classical.choice, Quot.sound]
'GaussianHermitianGrid.grid_finite' depends on axioms: [propext, Classical.choice, Quot.sound]
'GaussianHermitianGrid.grid_cardinality_le' depends on axioms: [propext, Classical.choice, Quot.sound]
Checking GaussianSignGrid.lean
'GaussianSignGrid.signedHermitian_inGrid' depends on axioms: [propext, Classical.choice, Quot.sound]
'GaussianSignGrid.signedHermitian_injective' depends on axioms: [propext, Classical.choice, Quot.sound]
'GaussianSignGrid.twice_upperEdge_card' depends on axioms: [propext, Classical.choice, Quot.sound]
Checking ActualGridFilterLower.lean
'ActualGridFilterLower.full_grid_filter_lower_edges' depends on axioms: [propext, Classical.choice, Quot.sound]
'ActualGridFilterLower.full_grid_filter_lower' depends on axioms: [propext, Classical.choice, Quot.sound]
'ActualGridFilterLower.full_grid_filter_trace_lower' depends on axioms: [propext, Classical.choice, Quot.sound]
Checking ActualGridSupport.lean
'ActualGridSupport.actual_grid_net' depends on axioms: [propext, Classical.choice, Quot.sound]
'ActualGridSupport.observable_gridPoint' depends on axioms: [propext, Classical.choice, Quot.sound]
'ActualGridSupport.actual_grid_support_bound' depends on axioms: [propext, Classical.choice, Quot.sound]
Checking ActualGridFilterProperties.lean
'ActualGridFilterProperties.fullGridFilter_nonneg' depends on axioms: [propext, Classical.choice, Quot.sound]
'ActualGridFilterProperties.fullGridH_nonneg' depends on axioms: [propext, Classical.choice, Quot.sound]
'ActualGridFilterProperties.fullGridH_sq' depends on axioms: [propext, Classical.choice, Quot.sound]
'ActualGridFilterProperties.fullGridFilter_inv_le_one' depends on axioms: [propext, Classical.choice, Quot.sound]
'ActualGridFilterProperties.fullGridH_sq_le_gamma' depends on axioms: [propext, Classical.choice, Quot.sound]
'ActualGridFilterProperties.fullGridH_sq_le_one' depends on axioms: [propext, Classical.choice, Quot.sound]
Checking ActualTensorBasis.lean
'ActualTensorBasis.reindexedTuple_unitary' depends on axioms: [propext, Classical.choice, Quot.sound]
'ActualTensorBasis.reindexedCoordinate_unitary' depends on axioms: [propext, Classical.choice, Quot.sound]
'ActualTensorBasis.reindexed_coordinate_cancellation' depends on axioms: [propext, Classical.choice, Quot.sound]
'ActualTensorBasis.piProd_real' depends on axioms: [propext, Classical.choice, Quot.sound]
'ActualTensorBasis.reindexedTuple_real' depends on axioms: [propext, Classical.choice, Quot.sound]
'ActualTensorBasis.reindexedCoordinate_real' depends on axioms: [propext, Classical.choice, Quot.sound]
'ActualTensorBasis.enumeratedTuple_unitary' depends on axioms: [propext, Classical.choice, Quot.sound]
'ActualTensorBasis.enumeratedTuple_unitary_right' depends on axioms: [propext, Classical.choice, Quot.sound]
'ActualTensorBasis.enumeratedTuple_real' depends on axioms: [propext, Classical.choice, Quot.sound]
'ActualTensorBasis.enumerated_coordinate_cancellation' depends on axioms: [propext, Classical.choice, Quot.sound]
'ActualTensorBasis.enumeratedTuple_output_inverse' depends on axioms: [propext, Classical.choice, Quot.sound]
Checking GapObstruction.lean
'SuppressorEntropy.comparisonEntropy_deficit' depends on axioms: [propext, Classical.choice, Quot.sound]
'SuppressorEntropy.universal_reference_gap_scaled' depends on axioms: [propext, Classical.choice, Quot.sound]
'SuppressorEntropy.universal_reference_gap' depends on axioms: [propext, Classical.choice, Quot.sound]
Checking GapRemainder.lean
'EntropyGapRemainder.entropyDeficit_remainder_eq' depends on axioms: [propext, Classical.choice, Quot.sound]
'EntropyGapRemainder.entropyDeficit_remainder_bounds' depends on axioms: [propext, Classical.choice, Quot.sound]
Checking GapAsymptotics.lean
'SuppressorEntropy.tensor_envelope_tendsto_zero' depends on axioms: [propext, Classical.choice, Quot.sound]
'SuppressorEntropy.tensor_parameter_gap_upper' depends on axioms: [propext, Classical.choice, Quot.sound]
'SuppressorEntropy.reference_gap_le_inverse_e' depends on axioms: [propext, Classical.choice, Quot.sound]
'SuppressorEntropy.tensor_parameter_gap_eventually_lt' depends on axioms: [propext, Classical.choice, Quot.sound]
'SuppressorEntropy.comparisonEntropy_sharp_remainder' depends on axioms: [propext, Classical.choice, Quot.sound]
Checking SingleChannel.lean
'SuppressorEntropy.single_copy_lemma' depends on axioms: [propext, Classical.choice, Quot.sound]
Checking TensorAmplification.lean
'SuppressorEntropy.tensor_marginal_scalar_amplification' depends on axioms: [propext, Classical.choice, Quot.sound]
'SuppressorEntropy.concrete_amplification_slope' depends on axioms: [propext, Classical.choice, Quot.sound]
'SuppressorEntropy.concrete_tensor_marginal_gap' depends on axioms: [propext, Classical.choice, Quot.sound]
'SuppressorEntropy.conditional_unbounded_tensor_marginal_gap' depends on axioms: [propext, Classical.choice, Quot.sound]
'SuppressorEntropy.concrete_tensor_marginal_gap_with_filter_constant' depends on axioms: [propext,
 Classical.choice,
 Quot.sound]
'SuppressorEntropy.concrete_tensor_marginal_gap_with_bounded_intercept' depends on axioms: [propext,
 Classical.choice,
 Quot.sound]
'SuppressorEntropy.conditional_unbounded_tensor_marginal_gap_with_filter_constant' depends on axioms: [propext,
 Classical.choice,
 Quot.sound]
Checking SymbolicAmplification.lean
'SuppressorEntropy.comparison_deficit_lower' depends on axioms: [propext, Classical.choice, Quot.sound]
'SuppressorEntropy.symbolic_slope_lower' depends on axioms: [propext, Classical.choice, Quot.sound]
'SuppressorEntropy.symbolic_slope_positive' depends on axioms: [propext, Classical.choice, Quot.sound]
'SuppressorEntropy.eventually_dimension_criterion' depends on axioms: [propext, Classical.choice, Quot.sound]
'SuppressorEntropy.filter_signal_mem_Ioo' depends on axioms: [propext, Classical.choice, Quot.sound]
'SuppressorEntropy.physical_parameters_eventually_positive_slope' depends on axioms: [propext,
 Classical.choice,
 Quot.sound]
'SuppressorEntropy.support_entropy_cost_bound' depends on axioms: [propext, Classical.choice, Quot.sound]
'SuppressorEntropy.symbolic_tensor_gap' depends on axioms: [propext, Classical.choice, Quot.sound]
'SuppressorEntropy.unbounded_from_symbolic_gap' depends on axioms: [propext, Classical.choice, Quot.sound]
'SuppressorEntropy.symbolic_gap_tendsto_atTop' depends on axioms: [propext, Classical.choice, Quot.sound]
'SuppressorEntropy.channel_symbolic_tensor_gap' depends on axioms: [propext, Classical.choice, Quot.sound]
'SuppressorEntropy.symbolic_unbounded_violation' depends on axioms: [propext, Classical.choice, Quot.sound]
Checking TensorCalibration.lean
'TensorCalibration.scale_pos' depends on axioms: [propext, Classical.choice, Quot.sound]
'TensorCalibration.scale_sq' depends on axioms: [propext, Classical.choice, Quot.sound]
'TensorCalibration.normalized_scale_sq' depends on axioms: [propext, Classical.choice, Quot.sound]
'TensorCalibration.calibrated_single_entropy_normalization' depends on axioms: [propext, Classical.choice, Quot.sound]
'TensorCalibration.calibrated_margin' depends on axioms: [propext, Classical.choice, Quot.sound]
'TensorCalibration.user_margin_iff_ratio' depends on axioms: [propext, Classical.choice, Quot.sound]
'TensorCalibration.two_le_pow' depends on axioms: [propext, Classical.choice, Quot.sound]
Checking SupplementEntropy.lean
Checking SupplementSingle.lean
'SupplementSingle.single_copy_self_pairing' depends on axioms: [propext, Classical.choice, Quot.sound]
'SupplementSingle.single_copy_hilbertSchmidt_bound' depends on axioms: [propext, Classical.choice, Quot.sound]
'SupplementSingle.lemma3' depends on axioms: [propext, Classical.choice, Quot.sound]
AUDIT_DECL ActualCoordinateMarginal.coordinateMarginal_entry: [propext, Classical.choice, Quot.sound]
AUDIT_DECL ActualCoordinateMarginal.coordinateMarginal_eq_split: [propext, Classical.choice, Quot.sound]
AUDIT_DECL ActualCoordinateMarginal.coordinateMarginal_matrix: [propext, Classical.choice, Quot.sound]
AUDIT_DECL ActualCoordinateMarginal.coordinateTraceChannel: [propext, Classical.choice, Quot.sound]
AUDIT_DECL ActualCoordinateMarginal.coordinateTraceChannel_apply: [propext, Classical.choice, Quot.sound]
AUDIT_DECL ActualCoordinateMarginal.coordinateTraceChannel_map: [propext, Classical.choice, Quot.sound]
AUDIT_DECL ActualCoordinateMarginal.pair_split_index: [propext, Classical.choice, Quot.sound]
AUDIT_DECL ActualCoordinateMarginal.paired_channel_coordinate_marginal: [propext, Classical.choice, Quot.sound]
AUDIT_DECL ActualCoordinateMarginal.paired_coordinate_entry: [propext, Classical.choice, Quot.sound]
AUDIT_DECL ActualCoordinateMarginal.paired_coordinate_trace: [propext, Classical.choice, Quot.sound]
AUDIT_DECL ActualCoordinateMarginal.split_at: [propext, Classical.choice, Quot.sound]
AUDIT_DECL ActualCoordinateMarginal.split_partial_trace_entry: [propext, Classical.choice, Quot.sound]
AUDIT_DECL ActualCoordinateMarginal.split_update: [propext, Classical.choice, Quot.sound]
AUDIT_DECL ActualGridFilterLower.fullGridFilter: [propext, Classical.choice, Quot.sound]
AUDIT_DECL ActualGridFilterLower.full_grid_filter_lower: [propext, Classical.choice, Quot.sound]
AUDIT_DECL ActualGridFilterLower.full_grid_filter_lower_edges: [propext, Classical.choice, Quot.sound]
AUDIT_DECL ActualGridFilterLower.full_grid_filter_trace_lower: [propext, Classical.choice, Quot.sound]
AUDIT_DECL ActualGridFilterProperties.fullGridFilter_inv_le_one: [propext, Classical.choice, Quot.sound]
AUDIT_DECL ActualGridFilterProperties.fullGridFilter_nonneg: [propext, Classical.choice, Quot.sound]
AUDIT_DECL ActualGridFilterProperties.fullGridH_nonneg: [propext, Classical.choice, Quot.sound]
AUDIT_DECL ActualGridFilterProperties.fullGridH_sq: [propext, Classical.choice, Quot.sound]
AUDIT_DECL ActualGridFilterProperties.fullGridH_sq_le_gamma: [propext, Classical.choice, Quot.sound]
AUDIT_DECL ActualGridFilterProperties.fullGridH_sq_le_one: [propext, Classical.choice, Quot.sound]
AUDIT_DECL ActualGridSupport.GridIndex: [propext, Classical.choice, Quot.sound]
AUDIT_DECL ActualGridSupport.actual_grid_net: [propext, Classical.choice, Quot.sound]
AUDIT_DECL ActualGridSupport.actual_grid_support_bound: [propext, Classical.choice, Quot.sound]
AUDIT_DECL ActualGridSupport.fullGridH: [propext, Classical.choice, Quot.sound]
AUDIT_DECL ActualGridSupport.gridObservable: [propext, Classical.choice, Quot.sound]
AUDIT_DECL ActualGridSupport.gridPoint: [propext, Classical.choice, Quot.sound]
AUDIT_DECL ActualGridSupport.observableCLM: [propext, Classical.choice, Quot.sound]
AUDIT_DECL ActualGridSupport.observableLinear: [propext, Classical.choice, Quot.sound]
AUDIT_DECL ActualGridSupport.observable_gridPoint: [propext, Classical.choice, Quot.sound]
AUDIT_DECL ActualGridSupport.zeroDiagonal: [propext, Classical.choice, Quot.sound]
AUDIT_DECL ActualTensorBasis.coordinate_real: [propext, Classical.choice, Quot.sound]
AUDIT_DECL ActualTensorBasis.eInput: [propext, Classical.choice, Quot.sound]
AUDIT_DECL ActualTensorBasis.eOut: [propext, Classical.choice, Quot.sound]
AUDIT_DECL ActualTensorBasis.enumeratedTuple: [propext, Classical.choice, Quot.sound]
AUDIT_DECL ActualTensorBasis.enumeratedTuple_output_inverse: [propext, Classical.choice, Quot.sound]
AUDIT_DECL ActualTensorBasis.enumeratedTuple_real: [propext, Classical.choice, Quot.sound]
AUDIT_DECL ActualTensorBasis.enumeratedTuple_unitary: [propext, Classical.choice, Quot.sound]
AUDIT_DECL ActualTensorBasis.enumeratedTuple_unitary_right: [propext, Classical.choice, Quot.sound]
AUDIT_DECL ActualTensorBasis.enumerated_coordinate_cancellation: [propext, Classical.choice, Quot.sound]
AUDIT_DECL ActualTensorBasis.piProd_real: [propext, Classical.choice, Quot.sound]
AUDIT_DECL ActualTensorBasis.reindexedCoordinate: [propext, Classical.choice, Quot.sound]
AUDIT_DECL ActualTensorBasis.reindexedCoordinate_real: [propext, Classical.choice, Quot.sound]
AUDIT_DECL ActualTensorBasis.reindexedCoordinate_unitary: [propext, Classical.choice, Quot.sound]
AUDIT_DECL ActualTensorBasis.reindexedTuple: [propext, Classical.choice, Quot.sound]
AUDIT_DECL ActualTensorBasis.reindexedTuple_real: [propext, Classical.choice, Quot.sound]
AUDIT_DECL ActualTensorBasis.reindexedTuple_unitary: [propext, Classical.choice, Quot.sound]
AUDIT_DECL ActualTensorBasis.reindexed_coordinate_cancellation: [propext, Classical.choice, Quot.sound]
AUDIT_DECL ActualTensorBasis.tuple_real: [propext, Classical.choice, Quot.sound]
AUDIT_DECL ActualTensorTuple.coordinatePartialTrace: [propext, Classical.choice, Quot.sound]
AUDIT_DECL ActualTensorTuple.coordinateUnitary: [propext, Classical.choice, Quot.sound]
AUDIT_DECL ActualTensorTuple.coordinateUnitary_unitary: [propext, Classical.choice, Quot.sound]
AUDIT_DECL ActualTensorTuple.coordinate_partial_trace_formula: [propext, Classical.choice, Quot.sound]
AUDIT_DECL ActualTensorTuple.coordinate_partial_trace_of_cancellation: [propext, Classical.choice, Quot.sound]
AUDIT_DECL ActualTensorTuple.global_suppressor_coordinate_cancellation: [propext, Classical.choice, Quot.sound]
AUDIT_DECL ActualTensorTuple.piProd_adjoint: [propext, Classical.choice, Quot.sound]
AUDIT_DECL ActualTensorTuple.piProd_mul: [propext, Classical.choice, Quot.sound]
AUDIT_DECL ActualTensorTuple.piProd_one: [propext, Classical.choice, Quot.sound]
AUDIT_DECL ActualTensorTuple.splitIndex: [propext, Classical.choice, Quot.sound]
AUDIT_DECL ActualTensorTuple.splitIndex_at: [propext, Classical.choice, Quot.sound]
AUDIT_DECL ActualTensorTuple.splitIndex_eq_iff: [propext, Classical.choice, Quot.sound]
AUDIT_DECL ActualTensorTuple.splitIndex_other: [propext, Classical.choice, Quot.sound]
AUDIT_DECL ActualTensorTuple.tuple: [propext, Classical.choice, Quot.sound]
AUDIT_DECL ActualTensorTuple.tuple_coordinate_cancellation: [propext, Classical.choice, Quot.sound]
AUDIT_DECL ActualTensorTuple.tuple_unitary: [propext, Classical.choice, Quot.sound]
AUDIT_DECL EntropyGapRemainder.binaryEntropy: [propext, Classical.choice, Quot.sound]
AUDIT_DECL EntropyGapRemainder.entropyDeficit: [propext, Classical.choice, Quot.sound]
AUDIT_DECL EntropyGapRemainder.entropyDeficit_remainder_bounds: [propext, Classical.choice, Quot.sound]
AUDIT_DECL EntropyGapRemainder.entropyDeficit_remainder_eq: [propext, Classical.choice, Quot.sound]
AUDIT_DECL EntropyGapRemainder.logMerge: [propext, Classical.choice, Quot.sound]
AUDIT_DECL EntropyGapRemainder.logMerge_eq: [propext, Classical.choice, Quot.sound]
AUDIT_DECL EntropyGapRemainder.logMerge_le: [propext, Classical.choice, Quot.sound]
AUDIT_DECL EntropyGapRemainder.logMerge_nonneg: [propext, Classical.choice, Quot.sound]
AUDIT_DECL EntropyVerification.cfc_nested_projections: [propext, Classical.choice, Quot.sound]
AUDIT_DECL EntropyVerification.log_nested_projections: [propext, Classical.choice, Quot.sound]
AUDIT_DECL EntropyVerification.posDef_nested_projections: [propext, Classical.choice, Quot.sound]
AUDIT_DECL EntropyVerification.trace_nested_projections: [propext, Classical.choice, Quot.sound]
AUDIT_DECL FiniteFilterSupport.abs_le_one_add_even_pow: [propext, Classical.choice, Quot.sound]
AUDIT_DECL FiniteFilterSupport.apply_norm_le_of_net: [propext, Classical.choice, Quot.sound]
AUDIT_DECL FiniteFilterSupport.compressedMap: [propext, Classical.choice, Quot.sound]
AUDIT_DECL FiniteFilterSupport.damping: [propext, Classical.choice, Quot.sound]
AUDIT_DECL FiniteFilterSupport.damping_identity: [propext, Classical.choice, Quot.sound]
AUDIT_DECL FiniteFilterSupport.even_power_nonneg: [propext, Classical.choice, Quot.sound]
AUDIT_DECL FiniteFilterSupport.filter: [propext, Classical.choice, Quot.sound]
AUDIT_DECL FiniteFilterSupport.filter_contraction_norm: [propext, Classical.choice, Quot.sound]
AUDIT_DECL FiniteFilterSupport.filter_contraction_order: [propext, Classical.choice, Quot.sound]
AUDIT_DECL FiniteFilterSupport.filter_nonneg: [propext, Classical.choice, Quot.sound]
AUDIT_DECL FiniteFilterSupport.finite_filter_net_bound: [propext, Classical.choice, Quot.sound]
AUDIT_DECL FiniteFilterSupport.le_one_add_even_power: [propext, Classical.choice, Quot.sound]
AUDIT_DECL FiniteFilterSupport.neg_le_one_add_even_power: [propext, Classical.choice, Quot.sound]
AUDIT_DECL FiniteFilterSupport.norm_le_of_net: [propext, Classical.choice, Quot.sound]
AUDIT_DECL FiniteFilterSupport.operator_norm_le_one_of_order: [propext, Classical.choice, Quot.sound]
AUDIT_DECL FiniteFilterSupport.scalar_even_nonneg: [propext, Classical.choice, Quot.sound]
AUDIT_DECL FiniteFilterSupport.scaled_contraction: [propext, Classical.choice, Quot.sound]
AUDIT_DECL FiniteFilterSupport.summand_le_filter: [propext, Classical.choice, Quot.sound]
AUDIT_DECL GaussianHermitianGrid.CoordinateBox: [propext, Classical.choice, Quot.sound]
AUDIT_DECL GaussianHermitianGrid.GridCoordinate: [propext, Classical.choice, Quot.sound]
AUDIT_DECL GaussianHermitianGrid.InGrid: [propext, Classical.choice, Quot.sound]
AUDIT_DECL GaussianHermitianGrid.coordinateBox_card: [propext, Classical.choice, Quot.sound]
AUDIT_DECL GaussianHermitianGrid.gaussianRound: [propext, Classical.choice, Quot.sound]
AUDIT_DECL GaussianHermitianGrid.gaussianRound_error: [propext, Classical.choice, Quot.sound]
AUDIT_DECL GaussianHermitianGrid.gaussianRound_gaussian: [propext, Classical.choice, Quot.sound]
AUDIT_DECL GaussianHermitianGrid.gridCoordinate_card: [propext, Classical.choice, Quot.sound]
AUDIT_DECL GaussianHermitianGrid.gridEncoding: [propext, Classical.choice, Quot.sound]
AUDIT_DECL GaussianHermitianGrid.gridEncoding_injective: [propext, Classical.choice, Quot.sound]
AUDIT_DECL GaussianHermitianGrid.grid_cardinality_le: [propext, Classical.choice, Quot.sound]
AUDIT_DECL GaussianHermitianGrid.grid_entry_coordinate_lt: [propext, Classical.choice, Quot.sound]
AUDIT_DECL GaussianHermitianGrid.grid_finite: [propext, Classical.choice, Quot.sound]
AUDIT_DECL GaussianHermitianGrid.grid_net: [propext, Classical.choice, Quot.sound]
AUDIT_DECL GaussianHermitianGrid.grid_net_trace: [propext, Classical.choice, Quot.sound]
AUDIT_DECL GaussianHermitianGrid.instFintypeCoordinateBox: [propext, Classical.choice, Quot.sound]
AUDIT_DECL GaussianHermitianGrid.instFintypeGridCoordinate: [propext, Classical.choice, Quot.sound]
AUDIT_DECL GaussianHermitianGrid.norm_sq_entries: [propext, Classical.choice, Quot.sound]
AUDIT_DECL GaussianHermitianGrid.realCoordinate: [propext, Classical.choice, Quot.sound]
AUDIT_DECL GaussianHermitianGrid.realCoordinate_injective: [propext, Classical.choice, Quot.sound]
AUDIT_DECL GaussianHermitianGrid.realCoordinate_integer: [propext, Classical.choice, Quot.sound]
AUDIT_DECL GaussianHermitianGrid.realCoordinate_lt: [propext, Classical.choice, Quot.sound]
AUDIT_DECL GaussianHermitianGrid.rounded: [propext, Classical.choice, Quot.sound]
AUDIT_DECL GaussianHermitianGrid.roundedMatrix: [propext, Classical.choice, Quot.sound]
AUDIT_DECL GaussianHermitianGrid.roundedMatrix_hermitian: [propext, Classical.choice, Quot.sound]
AUDIT_DECL GaussianHermitianGrid.rounded_diag: [propext, Classical.choice, Quot.sound]
AUDIT_DECL GaussianHermitianGrid.rounded_entry_error: [propext, Classical.choice, Quot.sound]
AUDIT_DECL GaussianHermitianGrid.rounded_error: [propext, Classical.choice, Quot.sound]
AUDIT_DECL GaussianHermitianGrid.rounded_gaussian: [propext, Classical.choice, Quot.sound]
AUDIT_DECL GaussianHermitianGrid.trace_square_eq_norm_sq: [propext, Classical.choice, Quot.sound]
AUDIT_DECL GaussianHermitianGrid.twice_entry_energy_le: [propext, Classical.choice, Quot.sound]
AUDIT_DECL GaussianSignCoefficient.UpperEdge: []
AUDIT_DECL GaussianSignCoefficient.complex_pair_quadratures: [propext, Classical.choice, Quot.sound]
AUDIT_DECL GaussianSignCoefficient.edgeWord: [propext, Classical.choice, Quot.sound]
AUDIT_DECL GaussianSignCoefficient.observable: [propext, Classical.choice, Quot.sound]
AUDIT_DECL GaussianSignCoefficient.observable_eq_signed_quadratures: [propext, Classical.choice, Quot.sound]
AUDIT_DECL GaussianSignCoefficient.pair_word_unitary: [propext, Classical.choice, Quot.sound]
AUDIT_DECL GaussianSignCoefficient.sum_eq_upper_edges: [propext, Classical.choice, Quot.sound]
AUDIT_DECL GaussianSignCoefficient.sum_eq_upper_ite: [propext, Classical.choice, Quot.sound]
AUDIT_DECL GaussianSignGrid.UpperEdge: []
AUDIT_DECL GaussianSignGrid.gridEmbedding: [propext, Classical.choice, Quot.sound]
AUDIT_DECL GaussianSignGrid.instFintypeUpperEdge: [propext, Classical.choice, Quot.sound]
AUDIT_DECL GaussianSignGrid.sign_injective: [propext, Classical.choice, Quot.sound]
AUDIT_DECL GaussianSignGrid.signedEntry: [propext, Classical.choice, Quot.sound]
AUDIT_DECL GaussianSignGrid.signedEntry_energy: [propext, Classical.choice, Quot.sound]
AUDIT_DECL GaussianSignGrid.signedEntry_gaussian: [propext, Classical.choice, Quot.sound]
AUDIT_DECL GaussianSignGrid.signedHermitian: [propext, Classical.choice, Quot.sound]
AUDIT_DECL GaussianSignGrid.signedHermitian_diag: [propext, Classical.choice, Quot.sound]
AUDIT_DECL GaussianSignGrid.signedHermitian_entry_energy: [propext, Classical.choice, Quot.sound]
AUDIT_DECL GaussianSignGrid.signedHermitian_gaussian: [propext, Classical.choice, Quot.sound]
AUDIT_DECL GaussianSignGrid.signedHermitian_inGrid: [propext, Classical.choice, Quot.sound]
AUDIT_DECL GaussianSignGrid.signedHermitian_injective: [propext, Classical.choice, Quot.sound]
AUDIT_DECL GaussianSignGrid.signedHermitian_norm_sq: [propext, Classical.choice, Quot.sound]
AUDIT_DECL GaussianSignGrid.signedHermitian_upper: [propext, Classical.choice, Quot.sound]
AUDIT_DECL GaussianSignGrid.signedMatrix: [propext, Classical.choice, Quot.sound]
AUDIT_DECL GaussianSignGrid.signedMatrix_isHermitian: [propext, Classical.choice, Quot.sound]
AUDIT_DECL GaussianSignGrid.twice_upperEdge_card: [propext, Classical.choice, Quot.sound]
AUDIT_DECL GaussianSignGrid.upperEdge_card: [propext, Classical.choice, Quot.sound]
AUDIT_DECL SignFilterLower.embedded_even_sum_le_filter: [propext, Classical.choice, Quot.sound]
AUDIT_DECL SignFilterLower.even_moment_lower: [propext, Classical.choice, Quot.sound]
AUDIT_DECL SignFilterLower.even_power_supporting_line: [propext, Classical.choice, Quot.sound]
AUDIT_DECL SignFilterLower.flip: [propext, Quot.sound]
AUDIT_DECL SignFilterLower.full_filter_gaussian_sign_lower: [propext, Classical.choice, Quot.sound]
AUDIT_DECL SignFilterLower.imagQuadrature: [propext, Classical.choice, Quot.sound]
AUDIT_DECL SignFilterLower.matrix_signed_second_moment: [propext, Classical.choice, Quot.sound]
AUDIT_DECL SignFilterLower.normalized_unitary_gaussian_sign_lower: [propext, Classical.choice, Quot.sound]
AUDIT_DECL SignFilterLower.power_supporting_line: [propext, Classical.choice, Quot.sound]
AUDIT_DECL SignFilterLower.quadratureFamily: [propext, Classical.choice, Quot.sound]
AUDIT_DECL SignFilterLower.quadrature_family_second_moment: [propext, Classical.choice, Quot.sound]
AUDIT_DECL SignFilterLower.quadrature_square_sum: [propext, Classical.choice, Quot.sound]
AUDIT_DECL SignFilterLower.realQuadrature: [propext, Classical.choice, Quot.sound]
AUDIT_DECL SignFilterLower.real_smul_pow: [propext, Classical.choice, Quot.sound]
AUDIT_DECL SignFilterLower.sign: [propext, Classical.choice, Quot.sound]
AUDIT_DECL SignFilterLower.sign_mul_self: [propext, Classical.choice, Quot.sound]
AUDIT_DECL SignFilterLower.sign_not: [propext, Classical.choice, Quot.sound]
AUDIT_DECL SignFilterLower.signedSum: [propext, Classical.choice, Quot.sound]
AUDIT_DECL SignFilterLower.signed_even_moment_lower: [propext, Classical.choice, Quot.sound]
AUDIT_DECL SignFilterLower.signed_second_moment: [propext, Classical.choice, Quot.sound]
AUDIT_DECL SignFilterLower.sum_sign_mul: [propext, Classical.choice, Quot.sound]
AUDIT_DECL SignFilterLower.unitary_gaussian_sign_lower: [propext, Classical.choice, Quot.sound]
AUDIT_DECL SupplementEntropy.TensorData: [propext, Classical.choice, Quot.sound]
AUDIT_DECL SupplementEntropy.coordinateTrace_conjugate: [propext, Classical.choice, Quot.sound]
AUDIT_DECL SupplementEntropy.corollary1: [propext, Classical.choice, Quot.sound]
AUDIT_DECL SupplementEntropy.corollary2: [propext, Classical.choice, Quot.sound]
AUDIT_DECL SupplementEntropy.corollary2_unbounded: [propext, Classical.choice, Quot.sound]
AUDIT_DECL SupplementEntropy.lemma4: [propext, Classical.choice, Quot.sound]
AUDIT_DECL SupplementEntropy.output_relabel_prod: [propext, Classical.choice, Quot.sound]
AUDIT_DECL SupplementEntropy.tensor_bell_entropy_of_cancellation: [propext, Classical.choice, Quot.sound]
AUDIT_DECL SupplementSingle.lemma3: [propext, Classical.choice, Quot.sound]
AUDIT_DECL SupplementSingle.single_copy_hilbertSchmidt_bound: [propext, Classical.choice, Quot.sound]
AUDIT_DECL SupplementSingle.single_copy_self_pairing: [propext, Classical.choice, Quot.sound]
AUDIT_DECL Suppressor.amgm_pow: [propext, Classical.choice, Quot.sound]
AUDIT_DECL Suppressor.determinant_scalar_bound: [propext, Classical.choice, Quot.sound]
AUDIT_DECL Suppressor.filter_determinant_identity: [propext, Classical.choice, Quot.sound]
AUDIT_DECL Suppressor.filter_trace_lower_bound: [propext, Classical.choice, Quot.sound]
AUDIT_DECL Suppressor.filter_trace_lower_bound_cyclic: [propext, Classical.choice, Quot.sound]
AUDIT_DECL Suppressor.filtered_gram_trace: [propext, Classical.choice, Quot.sound]
AUDIT_DECL Suppressor.gram_det_amgm: [propext, Classical.choice, Quot.sound]
AUDIT_DECL Suppressor.psd_det_amgm: [propext, Classical.choice, Quot.sound]
AUDIT_DECL Suppressor.psd_det_le_trace_bound: [propext, Classical.choice, Quot.sound]
AUDIT_DECL Suppressor.psd_det_norm_eq_re: [propext, Classical.choice, Quot.sound]
AUDIT_DECL Suppressor.unitary_det_norm: [propext, Classical.choice, Quot.sound]
AUDIT_DECL SuppressorEntropy.amplificationBase: [propext]
AUDIT_DECL SuppressorEntropy.amplificationS: [propext, Classical.choice, Quot.sound]
AUDIT_DECL SuppressorEntropy.amplificationSlope: [propext, Classical.choice, Quot.sound]
AUDIT_DECL SuppressorEntropy.basisDiagonal: [propext, Classical.choice, Quot.sound]
AUDIT_DECL SuppressorEntropy.basisDiagonal_nonneg: [propext, Classical.choice, Quot.sound]
AUDIT_DECL SuppressorEntropy.binaryEntropy_le_log_two: [propext, Classical.choice, Quot.sound]
AUDIT_DECL SuppressorEntropy.channel_symbolic_tensor_gap: [propext, Classical.choice, Quot.sound]
AUDIT_DECL SuppressorEntropy.comparisonEntropy: [propext, Classical.choice, Quot.sound]
AUDIT_DECL SuppressorEntropy.comparisonEntropy_deficit: [propext, Classical.choice, Quot.sound]
AUDIT_DECL SuppressorEntropy.comparisonEntropy_deficit_le: [propext, Classical.choice, Quot.sound]
AUDIT_DECL SuppressorEntropy.comparisonEntropy_sharp_remainder: [propext, Classical.choice, Quot.sound]
AUDIT_DECL SuppressorEntropy.comparison_deficit_lower: [propext, Classical.choice, Quot.sound]
AUDIT_DECL SuppressorEntropy.concrete_amplification_slope: [propext, Classical.choice, Quot.sound]
AUDIT_DECL SuppressorEntropy.concrete_tensor_marginal_gap: [propext, Classical.choice, Quot.sound]
AUDIT_DECL SuppressorEntropy.concrete_tensor_marginal_gap_with_bounded_intercept: [propext,
 Classical.choice,
 Quot.sound]
AUDIT_DECL SuppressorEntropy.concrete_tensor_marginal_gap_with_filter_constant: [propext, Classical.choice, Quot.sound]
AUDIT_DECL SuppressorEntropy.conditional_unbounded_tensor_marginal_gap: [propext, Classical.choice, Quot.sound]
AUDIT_DECL SuppressorEntropy.conditional_unbounded_tensor_marginal_gap_with_filter_constant: [propext,
 Classical.choice,
 Quot.sound]
AUDIT_DECL SuppressorEntropy.entropy_le_basisDiagonal: [propext, Classical.choice, Quot.sound]
AUDIT_DECL SuppressorEntropy.entropy_le_bell_projections: [propext, Classical.choice, Quot.sound]
AUDIT_DECL SuppressorEntropy.entropy_le_crossEntropy: [propext, Classical.choice, Quot.sound]
AUDIT_DECL SuppressorEntropy.entropy_le_neg_inner_log: [propext, Classical.choice, Quot.sound]
AUDIT_DECL SuppressorEntropy.entropy_le_of_log_moments: [propext, Classical.choice, Quot.sound]
AUDIT_DECL SuppressorEntropy.eventually_dimension_criterion: [propext, Classical.choice, Quot.sound]
AUDIT_DECL SuppressorEntropy.filter_signal_mem_Ioo: [propext, Classical.choice, Quot.sound]
AUDIT_DECL SuppressorEntropy.gap_le_comparison_deficit: [propext, Classical.choice, Quot.sound]
AUDIT_DECL SuppressorEntropy.hilbertSchmidt_bound_from_self_pairing: [propext, Classical.choice, Quot.sound]
AUDIT_DECL SuppressorEntropy.joint_copy_lemma: [propext, Classical.choice, Quot.sound]
AUDIT_DECL SuppressorEntropy.log_div_le_inverse_e: [propext, Classical.choice, Quot.sound]
AUDIT_DECL SuppressorEntropy.minimumOutputEntropy: [propext, Classical.choice, Quot.sound]
AUDIT_DECL SuppressorEntropy.minimumOutputEntropy_le: [propext, Classical.choice, Quot.sound]
AUDIT_DECL SuppressorEntropy.minimumOutputEntropy_le_log_dimension: [propext, Classical.choice, Quot.sound]
AUDIT_DECL SuppressorEntropy.minimumOutputEntropy_lower_of_hilbertSchmidt: [propext, Classical.choice, Quot.sound]
AUDIT_DECL SuppressorEntropy.minimumOutputEntropy_lower_of_self_pairing: [propext, Classical.choice, Quot.sound]
AUDIT_DECL SuppressorEntropy.mul_log_interpolation: [propext, Classical.choice, Quot.sound]
AUDIT_DECL SuppressorEntropy.negMulLog_div_sq: [propext, Classical.choice, Quot.sound]
AUDIT_DECL SuppressorEntropy.negMulLog_le_tangent: [propext, Classical.choice, Quot.sound]
AUDIT_DECL SuppressorEntropy.neg_log_collision_le_shannon: [propext, Classical.choice, Quot.sound]
AUDIT_DECL SuppressorEntropy.neg_log_purity_le_vonNeumann: [propext, Classical.choice, Quot.sound]
AUDIT_DECL SuppressorEntropy.neg_log_sum_sq_le_entropy: [propext, Classical.choice, Quot.sound]
AUDIT_DECL SuppressorEntropy.norm_sub_uniform_sq: [propext, Classical.choice, Quot.sound]
AUDIT_DECL SuppressorEntropy.physical_parameters_eventually_positive_slope: [propext, Classical.choice, Quot.sound]
AUDIT_DECL SuppressorEntropy.referenceEntropy: [propext, Classical.choice, Quot.sound]
AUDIT_DECL SuppressorEntropy.referenceEntropy_eq_comparisonEntropy: [propext, Classical.choice, Quot.sound]
AUDIT_DECL SuppressorEntropy.reference_gap_le_inverse_e: [propext, Classical.choice, Quot.sound]
AUDIT_DECL SuppressorEntropy.single_copy_lemma: [propext, Classical.choice, Quot.sound]
AUDIT_DECL SuppressorEntropy.single_copy_of_hilbertSchmidt: [propext, Classical.choice, Quot.sound]
AUDIT_DECL SuppressorEntropy.state_inner_le_operatorNorm: [propext, Classical.choice, Quot.sound]
AUDIT_DECL SuppressorEntropy.state_purity_pos: [propext, Classical.choice, Quot.sound]
AUDIT_DECL SuppressorEntropy.sum_basisDiagonal: [propext, Classical.choice, Quot.sound]
AUDIT_DECL SuppressorEntropy.sum_sq_pos_of_probability: [propext, Classical.choice, Quot.sound]
AUDIT_DECL SuppressorEntropy.support_entropy_cost_bound: [propext, Classical.choice, Quot.sound]
AUDIT_DECL SuppressorEntropy.suppressor_bellOverlap_lower: [propext, Classical.choice, Quot.sound]
AUDIT_DECL SuppressorEntropy.suppressor_output_diagonal: [propext, Classical.choice, Quot.sound]
AUDIT_DECL SuppressorEntropy.symbolic_gap_tendsto_atTop: [propext, Classical.choice, Quot.sound]
AUDIT_DECL SuppressorEntropy.symbolic_slope_lower: [propext, Classical.choice, Quot.sound]
AUDIT_DECL SuppressorEntropy.symbolic_slope_positive: [propext, Classical.choice, Quot.sound]
AUDIT_DECL SuppressorEntropy.symbolic_tensor_gap: [propext, Classical.choice, Quot.sound]
AUDIT_DECL SuppressorEntropy.symbolic_unbounded_violation: [propext, Classical.choice, Quot.sound]
AUDIT_DECL SuppressorEntropy.tensor_envelope_identity: [propext, Classical.choice, Quot.sound]
AUDIT_DECL SuppressorEntropy.tensor_envelope_tendsto_zero: [propext, Classical.choice, Quot.sound]
AUDIT_DECL SuppressorEntropy.tensor_marginal_scalar_amplification: [propext, Classical.choice, Quot.sound]
AUDIT_DECL SuppressorEntropy.tensor_parameter_gap_eventually_lt: [propext, Classical.choice, Quot.sound]
AUDIT_DECL SuppressorEntropy.tensor_parameter_gap_upper: [propext, Classical.choice, Quot.sound]
AUDIT_DECL SuppressorEntropy.testObservable: [propext, Classical.choice, Quot.sound]
AUDIT_DECL SuppressorEntropy.testObservable_isHermitian: [propext, Classical.choice, Quot.sound]
AUDIT_DECL SuppressorEntropy.unbounded_from_symbolic_gap: [propext, Classical.choice, Quot.sound]
AUDIT_DECL SuppressorEntropy.unitary_pair: [propext, Classical.choice, Quot.sound]
AUDIT_DECL SuppressorEntropy.universal_reference_gap: [propext, Classical.choice, Quot.sound]
AUDIT_DECL SuppressorEntropy.universal_reference_gap_scaled: [propext, Classical.choice, Quot.sound]
AUDIT_DECL TensorCalibration.calibrated_margin: [propext, Classical.choice, Quot.sound]
AUDIT_DECL TensorCalibration.calibrated_single_entropy_normalization: [propext, Classical.choice, Quot.sound]
AUDIT_DECL TensorCalibration.normalized_scale_sq: [propext, Classical.choice, Quot.sound]
AUDIT_DECL TensorCalibration.scale_pos: [propext, Classical.choice, Quot.sound]
AUDIT_DECL TensorCalibration.scale_sq: [propext, Classical.choice, Quot.sound]
AUDIT_DECL TensorCalibration.tensorScale: [propext, Classical.choice, Quot.sound]
AUDIT_DECL TensorCalibration.two_le_pow: [propext, Classical.choice, Quot.sound]
AUDIT_DECL TensorCalibration.user_margin_iff_ratio: [propext, Classical.choice, Quot.sound]
AUDIT_DECL _private.JointProjection.0.EntropyVerification.nested_cfc_E: [propext, Classical.choice, Quot.sound]
AUDIT_DECL _private.JointProjection.0.EntropyVerification.nested_cfc_P: [propext, Classical.choice, Quot.sound]
AUDIT_DECL _private.JointProjection.0.EntropyVerification.nested_cfc_linear: [propext, Classical.choice, Quot.sound]
AUDIT_DECL _private.JointProjection.0.EntropyVerification.nested_cube: [propext, Classical.choice, Quot.sound]
AUDIT_DECL _private.JointProjection.0.EntropyVerification.nested_spectrum: [propext, Classical.choice, Quot.sound]
AUDIT_DECL _private.JointProjection.0.EntropyVerification.nested_square: [propext, Classical.choice, Quot.sound]
AUDIT_DECL ActualCoordinateMarginal.coordinateMarginal_entry._simp_1_2: [propext, Classical.choice, Quot.sound]
AUDIT_DECL ActualCoordinateMarginal.coordinateTraceChannel.eq_1: [propext, Classical.choice, Quot.sound]
AUDIT_DECL ActualCoordinateMarginal.paired_coordinate_trace._simp_1_1: [propext, Classical.choice, Quot.sound]
AUDIT_DECL ActualGridFilterLower.fullGridFilter._proof_1: [propext, Quot.sound]
AUDIT_DECL ActualGridFilterLower.fullGridFilter._proof_2: [propext]
AUDIT_DECL ActualGridFilterLower.fullGridFilter._proof_3: [propext, Classical.choice, Quot.sound]
AUDIT_DECL ActualGridFilterLower.fullGridFilter.congr_simp: [propext, Classical.choice, Quot.sound]
AUDIT_DECL ActualGridFilterLower.full_grid_filter_lower._proof_1_1: [propext, Classical.choice, Quot.sound]
AUDIT_DECL ActualGridFilterLower.full_grid_filter_lower._proof_1_2: [propext, Quot.sound]
AUDIT_DECL ActualGridFilterLower.full_grid_filter_lower._simp_1_3: [propext]
AUDIT_DECL ActualGridFilterLower.full_grid_filter_lower._simp_1_4: [propext]
AUDIT_DECL ActualGridFilterLower.full_grid_filter_lower._simp_1_5: [propext]
AUDIT_DECL ActualGridFilterLower.full_grid_filter_lower._simp_1_6: [propext]
AUDIT_DECL ActualGridFilterLower.full_grid_filter_lower._simp_1_7: [propext]
AUDIT_DECL ActualGridFilterLower.full_grid_filter_lower._simp_1_8: [propext, Classical.choice, Quot.sound]
AUDIT_DECL ActualGridFilterLower.full_grid_filter_lower._simp_1_9: [propext]
AUDIT_DECL ActualGridFilterProperties.fullGridFilter_nonneg._proof_1_1: [propext, Quot.sound]
AUDIT_DECL ActualGridSupport.actual_grid_support_bound._proof_1_1: [propext, Quot.sound]
AUDIT_DECL ActualGridSupport.actual_grid_support_bound._simp_1_2: [propext]
AUDIT_DECL ActualGridSupport.actual_grid_support_bound._simp_1_3: [propext]
AUDIT_DECL ActualGridSupport.actual_grid_support_bound._simp_1_4: [propext]
AUDIT_DECL ActualGridSupport.actual_grid_support_bound._simp_1_5: [propext]
AUDIT_DECL ActualGridSupport.actual_grid_support_bound._simp_1_6: [propext]
AUDIT_DECL ActualGridSupport.actual_grid_support_bound._simp_1_7: [propext, Classical.choice, Quot.sound]
AUDIT_DECL ActualGridSupport.actual_grid_support_bound._simp_1_8: [propext]
AUDIT_DECL ActualGridSupport.fullGridH._proof_1: [propext]
AUDIT_DECL ActualGridSupport.gridPoint._proof_1: [propext, Classical.choice, Quot.sound]
AUDIT_DECL ActualGridSupport.observableCLM._proof_1: [propext, Classical.choice, Quot.sound]
AUDIT_DECL ActualGridSupport.observableCLM._proof_10: [propext, Classical.choice, Quot.sound]
AUDIT_DECL ActualGridSupport.observableCLM._proof_11: [propext, Classical.choice, Quot.sound]
AUDIT_DECL ActualGridSupport.observableCLM._proof_12: [propext, Classical.choice, Quot.sound]
AUDIT_DECL ActualGridSupport.observableCLM._proof_2: [propext, Classical.choice, Quot.sound]
AUDIT_DECL ActualGridSupport.observableCLM._proof_3: [propext, Classical.choice, Quot.sound]
AUDIT_DECL ActualGridSupport.observableCLM._proof_4: [propext, Classical.choice, Quot.sound]
AUDIT_DECL ActualGridSupport.observableCLM._proof_5: [propext, Classical.choice, Quot.sound]
AUDIT_DECL ActualGridSupport.observableCLM._proof_6: [propext, Classical.choice, Quot.sound]
AUDIT_DECL ActualGridSupport.observableCLM._proof_7: [propext, Classical.choice, Quot.sound]
AUDIT_DECL ActualGridSupport.observableCLM._proof_8: [propext, Classical.choice, Quot.sound]
AUDIT_DECL ActualGridSupport.observableCLM._proof_9: [propext, Classical.choice, Quot.sound]
AUDIT_DECL ActualGridSupport.observableLinear._proof_1: [propext, Classical.choice, Quot.sound]
AUDIT_DECL ActualGridSupport.observableLinear._proof_2: [propext, Classical.choice, Quot.sound]
AUDIT_DECL ActualGridSupport.observable_gridPoint._proof_1_1: [propext, Quot.sound]
AUDIT_DECL ActualGridSupport.zeroDiagonal._proof_1: [propext, Classical.choice, Quot.sound]
AUDIT_DECL ActualGridSupport.zeroDiagonal._proof_2: [propext, Classical.choice, Quot.sound]
AUDIT_DECL ActualGridSupport.zeroDiagonal._proof_3: [propext, Classical.choice, Quot.sound]
AUDIT_DECL ActualTensorBasis.eInput._proof_1: [propext, Classical.choice, Quot.sound]
AUDIT_DECL ActualTensorBasis.eOut._proof_1: [propext, Classical.choice, Quot.sound]
AUDIT_DECL ActualTensorBasis.enumeratedTuple.eq_1: [propext, Classical.choice, Quot.sound]
AUDIT_DECL ActualTensorBasis.reindexedCoordinate.eq_1: [propext, Classical.choice, Quot.sound]
AUDIT_DECL ActualTensorBasis.reindexedTuple.eq_1: [propext, Classical.choice, Quot.sound]
AUDIT_DECL ActualTensorTuple.coordinatePartialTrace.congr_simp: [propext, Classical.choice, Quot.sound]
AUDIT_DECL ActualTensorTuple.coordinateUnitary.congr_simp: [propext, Classical.choice, Quot.sound]
AUDIT_DECL ActualTensorTuple.coordinateUnitary.eq_1: [propext, Classical.choice, Quot.sound]
AUDIT_DECL ActualTensorTuple.coordinate_partial_trace_formula._simp_1_10: [propext]
AUDIT_DECL ActualTensorTuple.coordinate_partial_trace_formula._simp_1_3: [propext, Classical.choice, Quot.sound]
AUDIT_DECL ActualTensorTuple.coordinate_partial_trace_formula._simp_1_4: [propext]
AUDIT_DECL ActualTensorTuple.coordinate_partial_trace_formula._simp_1_5: [propext]
AUDIT_DECL ActualTensorTuple.coordinate_partial_trace_formula._simp_1_6: [propext]
AUDIT_DECL ActualTensorTuple.coordinate_partial_trace_formula._simp_1_7: [propext]
AUDIT_DECL ActualTensorTuple.coordinate_partial_trace_formula._simp_1_8: [propext]
AUDIT_DECL ActualTensorTuple.coordinate_partial_trace_formula._simp_1_9: [propext, Classical.choice, Quot.sound]
AUDIT_DECL ActualTensorTuple.coordinate_partial_trace_of_cancellation._simp_1_2: [propext, Classical.choice, Quot.sound]
AUDIT_DECL ActualTensorTuple.coordinate_partial_trace_of_cancellation._simp_1_3: [propext]
AUDIT_DECL ActualTensorTuple.coordinate_partial_trace_of_cancellation._simp_1_4: [propext]
AUDIT_DECL ActualTensorTuple.coordinate_partial_trace_of_cancellation._simp_1_5: [propext]
AUDIT_DECL ActualTensorTuple.coordinate_partial_trace_of_cancellation._simp_1_6: [propext]
AUDIT_DECL ActualTensorTuple.coordinate_partial_trace_of_cancellation._simp_1_7: [propext]
AUDIT_DECL ActualTensorTuple.coordinate_partial_trace_of_cancellation._simp_1_8: [propext, Classical.choice, Quot.sound]
AUDIT_DECL ActualTensorTuple.coordinate_partial_trace_of_cancellation._simp_1_9: [propext]
AUDIT_DECL ActualTensorTuple.piProd_mul._simp_1_1: [propext, Quot.sound]
AUDIT_DECL ActualTensorTuple.piProd_one._simp_1_1: [propext, Quot.sound]
AUDIT_DECL ActualTensorTuple.piProd_one._simp_1_2: [propext, Classical.choice, Quot.sound]
AUDIT_DECL ActualTensorTuple.splitIndex.congr_simp: [propext, Classical.choice, Quot.sound]
AUDIT_DECL ActualTensorTuple.splitIndex.eq_1: [propext, Classical.choice, Quot.sound]
AUDIT_DECL ActualTensorTuple.tuple.eq_1: [propext, Classical.choice, Quot.sound]
AUDIT_DECL EntropyGapRemainder.binaryEntropy.eq_1: [propext, Classical.choice, Quot.sound]
AUDIT_DECL EntropyLemmas.BellAlgebra.bellOutputContraction: [propext, Classical.choice, Quot.sound]
AUDIT_DECL EntropyLemmas.BellAlgebra.bellOutputContraction_eq_sigmaEntry: [propext, Classical.choice, Quot.sound]
AUDIT_DECL EntropyLemmas.BellAlgebra.bellOverlap: [propext, Classical.choice, Quot.sound]
AUDIT_DECL EntropyLemmas.BellAlgebra.bellOverlap_diagonal_split: [propext, Classical.choice, Quot.sound]
AUDIT_DECL EntropyLemmas.BellAlgebra.bellOverlap_trace_sum: [propext, Classical.choice, Quot.sound]
AUDIT_DECL EntropyLemmas.BellAlgebra.channelEntry: [propext, Classical.choice, Quot.sound]
AUDIT_DECL EntropyLemmas.BellAlgebra.channelEntry_matrixUnit: [propext, Classical.choice, Quot.sound]
AUDIT_DECL EntropyLemmas.BellAlgebra.channelEntry_suppressor: [propext, Classical.choice, Quot.sound]
AUDIT_DECL EntropyLemmas.BellAlgebra.channelEntry_tracePairing: [propext, Classical.choice, Quot.sound]
AUDIT_DECL EntropyLemmas.BellAlgebra.offDiagonalSum: [propext, Classical.choice, Quot.sound]
AUDIT_DECL EntropyLemmas.BellAlgebra.sigmaEntry: [propext, Classical.choice, Quot.sound]
AUDIT_DECL EntropyLemmas.BellAlgebra.sigmaEntry_diagonal: [propext, Classical.choice, Quot.sound]
AUDIT_DECL EntropyLemmas.BellAlgebra.suppressorK: [propext, Classical.choice, Quot.sound]
AUDIT_DECL EntropyLemmas.BellAlgebra.suppressorK_conjTranspose: [propext, Classical.choice, Quot.sound]
AUDIT_DECL EntropyLemmas.BellAlgebra.suppressorK_diagonal: [propext, Classical.choice, Quot.sound]
AUDIT_DECL EntropyLemmas.BellAlgebra.suppressorK_offDiagonal_trace: [propext, Classical.choice, Quot.sound]
AUDIT_DECL EntropyLemmas.BellAlgebra.suppressorK_zeroDiagonal_sum: [propext, Classical.choice, Quot.sound]
AUDIT_DECL EntropyLemmas.BellAlgebra.suppressor_bellOverlap: [propext, Classical.choice, Quot.sound]
AUDIT_DECL EntropyLemmas.BellAlgebra.suppressor_sigmaEntry_diagonal: [propext, Classical.choice, Quot.sound]
AUDIT_DECL EntropyLemmas.TensorBridge.bellProjection: [propext, Classical.choice, Quot.sound]
AUDIT_DECL EntropyLemmas.TensorBridge.bellProjection_idempotent: [propext, Classical.choice, Quot.sound]
AUDIT_DECL EntropyLemmas.TensorBridge.bellProjection_mul_diagonalTensorProjection: [propext,
 Classical.choice,
 Quot.sound]
AUDIT_DECL EntropyLemmas.TensorBridge.bellProjection_trace: [propext, Classical.choice, Quot.sound]
AUDIT_DECL EntropyLemmas.TensorBridge.bell_input_entry: [propext, Classical.choice, Quot.sound]
AUDIT_DECL EntropyLemmas.TensorBridge.conjugate_matrix_unit_entries: [propext, Classical.choice, Quot.sound]
AUDIT_DECL EntropyLemmas.TensorBridge.diagonalTensorProjection: [propext, Classical.choice, Quot.sound]
AUDIT_DECL EntropyLemmas.TensorBridge.diagonalTensorProjection_idempotent: [propext, Classical.choice, Quot.sound]
AUDIT_DECL EntropyLemmas.TensorBridge.diagonalTensorProjection_mul_bellProjection: [propext,
 Classical.choice,
 Quot.sound]
AUDIT_DECL EntropyLemmas.TensorBridge.diagonalTensorProjection_trace: [propext, Classical.choice, Quot.sound]
AUDIT_DECL EntropyLemmas.TensorBridge.inner_diagonalTensorProjection_of_uniform: [propext, Classical.choice, Quot.sound]
AUDIT_DECL EntropyLemmas.TensorBridge.product_bell_diagonal: [propext, Classical.choice, Quot.sound]
AUDIT_DECL EntropyLemmas.TensorBridge.product_bell_diagonal_mass: [propext, Classical.choice, Quot.sound]
AUDIT_DECL EntropyLemmas.TensorBridge.product_bell_entry_eq_contraction: [propext, Classical.choice, Quot.sound]
AUDIT_DECL EntropyLemmas.TensorBridge.product_bell_entry_eq_sigmaEntry: [propext, Classical.choice, Quot.sound]
AUDIT_DECL EntropyLemmas.TensorBridge.product_bell_inner: [propext, Classical.choice, Quot.sound]
AUDIT_DECL EntropyLemmas.TensorBridge.product_bell_overlap: [propext, Classical.choice, Quot.sound]
AUDIT_DECL EntropyLemmas.TensorBridge.trace_bell_mul: [propext, Classical.choice, Quot.sound]
AUDIT_DECL Equiv.funSplitAt.eq_1: [propext, Classical.choice, Quot.sound]
AUDIT_DECL Equiv.piSplitAt.eq_1: [propext, Classical.choice, Quot.sound]
AUDIT_DECL FiniteFilterSupport.abs_le_one_add_even_pow._proof_1_1: [propext, Quot.sound]
AUDIT_DECL FiniteFilterSupport.compressedMap._proof_1: [propext, Classical.choice, Quot.sound]
AUDIT_DECL FiniteFilterSupport.compressedMap._proof_2: [propext, Classical.choice, Quot.sound]
AUDIT_DECL FiniteFilterSupport.compressedMap._proof_3: [propext, Classical.choice, Quot.sound]
AUDIT_DECL FiniteFilterSupport.damping.eq_1: [propext, Classical.choice, Quot.sound]
AUDIT_DECL GaussianHermitianGrid.coordinateBox_card._proof_1_1: [propext, Quot.sound]
AUDIT_DECL GaussianHermitianGrid.gaussianRound.eq_1: [propext, Classical.choice, Quot.sound]
AUDIT_DECL GaussianHermitianGrid.gridEncoding._proof_1: [propext, Classical.choice, Quot.sound]
AUDIT_DECL GaussianHermitianGrid.instFintypeCoordinateBox._aux_1: [propext, Classical.choice, Quot.sound]
AUDIT_DECL GaussianHermitianGrid.instFintypeCoordinateBox._proof_3: [propext, Classical.choice, Quot.sound]
AUDIT_DECL GaussianHermitianGrid.instFintypeGridCoordinate._aux_1: [propext, Classical.choice, Quot.sound]
AUDIT_DECL GaussianHermitianGrid.instFintypeGridCoordinate._proof_3: [propext, Classical.choice, Quot.sound]
AUDIT_DECL GaussianHermitianGrid.realCoordinate.eq_1: [propext, Classical.choice, Quot.sound]
AUDIT_DECL GaussianHermitianGrid.roundedMatrix.eq_1: [propext, Classical.choice, Quot.sound]
AUDIT_DECL GaussianSignCoefficient.edgeWord.eq_1: [propext, Classical.choice, Quot.sound]
AUDIT_DECL GaussianSignCoefficient.observable._proof_1: [propext, Classical.choice, Quot.sound]
AUDIT_DECL GaussianSignCoefficient.observable_eq_signed_quadratures._simp_1_2: []
AUDIT_DECL GaussianSignCoefficient.sum_eq_upper_ite._simp_1_1: [propext, Quot.sound]
AUDIT_DECL GaussianSignGrid.gridEmbedding._proof_1: [propext]
AUDIT_DECL GaussianSignGrid.gridEmbedding._proof_2: [propext, Classical.choice, Quot.sound]
AUDIT_DECL GaussianSignGrid.instFintypeUpperEdge._aux_1: [propext, Classical.choice, Quot.sound]
AUDIT_DECL GaussianSignGrid.instFintypeUpperEdge._proof_3: [propext, Classical.choice, Quot.sound]
AUDIT_DECL GaussianSignGrid.signedEntry.eq_1: [propext, Classical.choice, Quot.sound]
AUDIT_DECL GaussianSignGrid.signedMatrix.eq_1: [propext, Classical.choice, Quot.sound]
AUDIT_DECL Ket.MES.congr_simp: [propext, Classical.choice, Quot.sound]
AUDIT_DECL Real.binEntropy.eq_1: [propext, Classical.choice, Quot.sound]
AUDIT_DECL SignFilterLower.even_moment_lower._simp_1_1: [propext, Quot.sound]
AUDIT_DECL SignFilterLower.even_power_supporting_line._simp_1_1: [propext]
AUDIT_DECL SignFilterLower.flip._proof_1: [propext, Quot.sound]
AUDIT_DECL SignFilterLower.flip.eq_1: [propext, Quot.sound]
AUDIT_DECL SignFilterLower.imagQuadrature._proof_1: [propext, Classical.choice, Quot.sound]
AUDIT_DECL SignFilterLower.normalized_unitary_gaussian_sign_lower._simp_1_1: [propext, Quot.sound]
AUDIT_DECL SignFilterLower.quadratureFamily.eq_1: [propext, Classical.choice, Quot.sound]
AUDIT_DECL SignFilterLower.quadrature_square_sum._abel_1_1: [propext, Classical.choice, Quot.sound]
AUDIT_DECL SignFilterLower.realQuadrature._proof_1: [propext, Classical.choice, Quot.sound]
AUDIT_DECL SignFilterLower.sign.eq_1: [propext, Classical.choice, Quot.sound]
AUDIT_DECL SignFilterLower.signedSum.eq_1: [propext, Classical.choice, Quot.sound]
AUDIT_DECL SupplementEntropy.TensorData.F: [propext, Classical.choice, Quot.sound]
AUDIT_DECL SupplementEntropy.TensorData.H: [propext, Classical.choice, Quot.sound]
AUDIT_DECL SupplementEntropy.TensorData.T: [propext, Classical.choice, Quot.sound]
AUDIT_DECL SupplementEntropy.TensorData._sizeOf_1: [propext, Classical.choice, Quot.sound]
AUDIT_DECL SupplementEntropy.TensorData._sizeOf_inst: [propext, Classical.choice, Quot.sound]
AUDIT_DECL SupplementEntropy.TensorData.basis: [propext, Classical.choice, Quot.sound]
AUDIT_DECL SupplementEntropy.TensorData.casesOn: [propext, Classical.choice, Quot.sound]
AUDIT_DECL SupplementEntropy.TensorData.conjugate: [propext, Classical.choice, Quot.sound]
AUDIT_DECL SupplementEntropy.TensorData.ctorIdx: [propext, Classical.choice, Quot.sound]
AUDIT_DECL SupplementEntropy.TensorData.d: [propext, Classical.choice, Quot.sound]
AUDIT_DECL SupplementEntropy.TensorData.dimension: [propext, Classical.choice, Quot.sound]
AUDIT_DECL SupplementEntropy.TensorData.entries: [propext, Classical.choice, Quot.sound]
AUDIT_DECL SupplementEntropy.TensorData.filter: [propext, Classical.choice, Quot.sound]
AUDIT_DECL SupplementEntropy.TensorData.gap_bound: [propext, Classical.choice, Quot.sound]
AUDIT_DECL SupplementEntropy.TensorData.hermitian: [propext, Classical.choice, Quot.sound]
AUDIT_DECL SupplementEntropy.TensorData.hn: [propext, Classical.choice, Quot.sound]
AUDIT_DECL SupplementEntropy.TensorData.mk: [propext, Classical.choice, Quot.sound]
AUDIT_DECL SupplementEntropy.TensorData.n: [propext, Classical.choice, Quot.sound]
AUDIT_DECL SupplementEntropy.TensorData.noConfusion: [propext, Classical.choice, Quot.sound]
AUDIT_DECL SupplementEntropy.TensorData.noConfusionType: [propext, Classical.choice, Quot.sound]
AUDIT_DECL SupplementEntropy.TensorData.positive: [propext, Classical.choice, Quot.sound]
AUDIT_DECL SupplementEntropy.TensorData.rec: [propext, Classical.choice, Quot.sound]
AUDIT_DECL SupplementEntropy.TensorData.recOn: [propext, Classical.choice, Quot.sound]
AUDIT_DECL SupplementEntropy.TensorData.suppressor_bound: [propext, Classical.choice, Quot.sound]
AUDIT_DECL SupplementEntropy.TensorData.trace_bound: [propext, Classical.choice, Quot.sound]
AUDIT_DECL SupplementEntropy.TensorData.unitary: [propext, Classical.choice, Quot.sound]
AUDIT_DECL SupplementEntropy.TensorData.Φ: [propext, Classical.choice, Quot.sound]
AUDIT_DECL SupplementEntropy.TensorData.Φbar: [propext, Classical.choice, Quot.sound]
AUDIT_DECL SupplementEntropy.corollary1._simp_1_2: [propext, Classical.choice, Quot.sound]
AUDIT_DECL SupplementEntropy.corollary2._proof_1_1: [propext, Quot.sound]
AUDIT_DECL SupplementEntropy.corollary2_unbounded._proof_1_1: [propext, Quot.sound]
AUDIT_DECL SupplementEntropy.tensor_bell_entropy_of_cancellation._proof_1_3: [propext, Quot.sound]
AUDIT_DECL SupplementSingle.single_copy_self_pairing._abel_1_1: [propext, Classical.choice, Quot.sound]
AUDIT_DECL Suppressor.psd_det_amgm._simp_1_1: [propext, Classical.choice, Quot.sound]
AUDIT_DECL Suppressor.psd_det_amgm._simp_1_2: [propext, Classical.choice, Quot.sound]
AUDIT_DECL SuppressorEntropy.TensorMarginal.coordinateMarginal: [propext, Classical.choice, Quot.sound]
AUDIT_DECL SuppressorEntropy.TensorMarginal.entropy_le_card_mul_of_marginal_bounds: [propext,
 Classical.choice,
 Quot.sound]
AUDIT_DECL SuppressorEntropy.TensorMarginal.entropy_le_sum_coordinateMarginals: [propext, Classical.choice, Quot.sound]
AUDIT_DECL SuppressorEntropy.TensorMarginal.global_suppressor_spectator_cancels: [propext, Classical.choice, Quot.sound]
AUDIT_DECL SuppressorEntropy.TensorMarginal.headTailEquiv: [propext, Quot.sound]
AUDIT_DECL SuppressorEntropy.TensorMarginal.joint_copy_bell_entropy: [propext, Classical.choice, Quot.sound]
AUDIT_DECL SuppressorEntropy.TensorMarginal.kronecker_spectator_cancels: [propext, Classical.choice, Quot.sound]
AUDIT_DECL SuppressorEntropy.TensorMarginal.pairCoordinatesEquiv: []
AUDIT_DECL SuppressorEntropy.TensorMarginal.pair_output_entropy_le: [propext, Classical.choice, Quot.sound]
AUDIT_DECL SuppressorEntropy.TensorMarginal.paired_channel_marginal: [propext, Classical.choice, Quot.sound]
AUDIT_DECL SuppressorEntropy.TensorMarginal.paired_partial_trace: [propext, Classical.choice, Quot.sound]
AUDIT_DECL SuppressorEntropy.TensorMarginal.partial_trace_suppressed_tensor_output: [propext,
 Classical.choice,
 Quot.sound]
AUDIT_DECL SuppressorEntropy.TensorMarginal.state_marginal_suppressed_tensor_output: [propext,
 Classical.choice,
 Quot.sound]
AUDIT_DECL SuppressorEntropy.TensorMarginal.tensor_pair_entropy_from_exact_marginals: [propext,
 Classical.choice,
 Quot.sound]
AUDIT_DECL SuppressorEntropy.amplificationS._proof_1: [propext]
AUDIT_DECL SuppressorEntropy.amplificationS._proof_2: [propext]
AUDIT_DECL SuppressorEntropy.amplificationS.eq_1: [propext, Classical.choice, Quot.sound]
AUDIT_DECL SuppressorEntropy.amplificationSlope._proof_1: [propext]
AUDIT_DECL SuppressorEntropy.basisDiagonal.eq_1: [propext, Classical.choice, Quot.sound]
AUDIT_DECL SuppressorEntropy.comparisonEntropy.eq_1: [propext, Classical.choice, Quot.sound]
AUDIT_DECL SuppressorEntropy.comparisonEntropy_deficit_le._proof_1_1: [propext, Quot.sound]
AUDIT_DECL SuppressorEntropy.comparisonEntropy_deficit_le._simp_1_2: [propext]
AUDIT_DECL SuppressorEntropy.comparisonEntropy_deficit_le._simp_1_3: [propext]
AUDIT_DECL SuppressorEntropy.comparisonEntropy_deficit_le._simp_1_4: [propext]
AUDIT_DECL SuppressorEntropy.comparisonEntropy_deficit_le._simp_1_5: [propext]
AUDIT_DECL SuppressorEntropy.comparisonEntropy_deficit_le._simp_1_6: [propext]
AUDIT_DECL SuppressorEntropy.comparisonEntropy_deficit_le._simp_1_7: [propext, Classical.choice, Quot.sound]
AUDIT_DECL SuppressorEntropy.comparisonEntropy_deficit_le._simp_1_8: [propext]
AUDIT_DECL SuppressorEntropy.comparisonEntropy_sharp_remainder._proof_1_1: [propext, Quot.sound]
AUDIT_DECL SuppressorEntropy.entropy_le_bell_projections._proof_1_1: [propext, Classical.choice, Quot.sound]
AUDIT_DECL SuppressorEntropy.entropy_le_bell_projections._proof_1_2: [propext, Classical.choice, Quot.sound]
AUDIT_DECL SuppressorEntropy.joint_copy_lemma._proof_1_1: [propext, Quot.sound]
AUDIT_DECL SuppressorEntropy.neg_log_sum_sq_le_entropy._simp_1_1: [propext, Quot.sound]
AUDIT_DECL SuppressorEntropy.norm_sub_uniform_sq._simp_1_1: [propext, Classical.choice, Quot.sound]
AUDIT_DECL SuppressorEntropy.physical_parameters_eventually_positive_slope._proof_1_1: [propext, Quot.sound]
AUDIT_DECL SuppressorEntropy.reference_gap_le_inverse_e._proof_1_1: [propext, Quot.sound]
AUDIT_DECL SuppressorEntropy.single_copy_lemma._abel_1_1: [propext, Classical.choice, Quot.sound]
AUDIT_DECL SuppressorEntropy.suppressor_bellOverlap_lower._simp_1_10: [propext, Classical.choice, Quot.sound]
AUDIT_DECL SuppressorEntropy.suppressor_bellOverlap_lower._simp_1_11: [propext]
AUDIT_DECL SuppressorEntropy.suppressor_bellOverlap_lower._simp_1_2: [propext, Classical.choice, Quot.sound]
AUDIT_DECL SuppressorEntropy.suppressor_bellOverlap_lower._simp_1_3: [propext, Classical.choice, Quot.sound]
AUDIT_DECL SuppressorEntropy.suppressor_bellOverlap_lower._simp_1_4: [propext, Classical.choice, Quot.sound]
AUDIT_DECL SuppressorEntropy.suppressor_bellOverlap_lower._simp_1_5: [propext]
AUDIT_DECL SuppressorEntropy.suppressor_bellOverlap_lower._simp_1_6: [propext]
AUDIT_DECL SuppressorEntropy.suppressor_bellOverlap_lower._simp_1_7: [propext]
AUDIT_DECL SuppressorEntropy.suppressor_bellOverlap_lower._simp_1_8: [propext]
AUDIT_DECL SuppressorEntropy.suppressor_bellOverlap_lower._simp_1_9: [propext]
AUDIT_DECL SuppressorEntropy.symbolic_slope_lower._proof_1_1: [propext, Quot.sound]
AUDIT_DECL SuppressorEntropy.symbolic_slope_positive._proof_1_1: [propext, Quot.sound]
AUDIT_DECL SuppressorEntropy.symbolic_tensor_gap._proof_1_1: [propext, Quot.sound]
AUDIT_DECL SuppressorEntropy.tensor_envelope_tendsto_zero._proof_1_1: [propext, Quot.sound]
AUDIT_DECL SuppressorEntropy.tensor_parameter_gap_eventually_lt._proof_1_1: [propext, Quot.sound]
AUDIT_DECL SuppressorEntropy.tensor_parameter_gap_eventually_lt._proof_1_2: [propext, Quot.sound]
AUDIT_DECL SuppressorEntropy.tensor_parameter_gap_upper._proof_1_1: [propext, Quot.sound]
AUDIT_DECL SuppressorEntropy.testObservable.eq_1: [propext, Classical.choice, Quot.sound]
AUDIT_DECL SuppressorEntropy.universal_reference_gap_scaled._proof_1_1: [propext, Quot.sound]
AUDIT_DECL TensorCalibration.calibrated_single_entropy_normalization._simp_1_1: [propext]
AUDIT_DECL TensorCalibration.calibrated_single_entropy_normalization._simp_1_2: [propext]
AUDIT_DECL TensorCalibration.calibrated_single_entropy_normalization._simp_1_3: [propext]
AUDIT_DECL TensorCalibration.calibrated_single_entropy_normalization._simp_1_4: [propext]
AUDIT_DECL TensorCalibration.calibrated_single_entropy_normalization._simp_1_5: [propext]
AUDIT_DECL TensorCalibration.calibrated_single_entropy_normalization._simp_1_6: [propext, Classical.choice, Quot.sound]
AUDIT_DECL TensorCalibration.calibrated_single_entropy_normalization._simp_1_7: [propext]
AUDIT_DECL TensorCalibration.normalized_scale_sq._proof_1_1: [propext, Quot.sound]
AUDIT_DECL TensorCalibration.scale_pos._proof_1_1: [propext, Quot.sound]
AUDIT_DECL TensorCalibration.scale_pos._proof_1_2: [propext, Quot.sound]
AUDIT_DECL TensorCalibration.tensorScale._proof_1: [propext]
AUDIT_DECL TensorCalibration.two_le_pow._proof_1_1: [propext, Quot.sound]
AUDIT_DECL TensorCalibration.two_le_pow._proof_1_2: [propext, Quot.sound]
AUDIT_DECL TensorCalibration.user_margin_iff_ratio._simp_1_1: [propext]
AUDIT_DECL TensorCalibration.user_margin_iff_ratio._simp_1_2: [propext]
AUDIT_DECL TensorCalibration.user_margin_iff_ratio._simp_1_3: [propext]
AUDIT_DECL TensorCalibration.user_margin_iff_ratio._simp_1_4: [propext]
AUDIT_DECL TensorCalibration.user_margin_iff_ratio._simp_1_5: [propext]
AUDIT_DECL TensorCalibration.user_margin_iff_ratio._simp_1_6: [propext, Classical.choice, Quot.sound]
AUDIT_DECL TensorCalibration.user_margin_iff_ratio._simp_1_7: [propext]
AUDIT_DECL EntropyLemmas.BellAlgebra.bellOutputContraction.eq_1: [propext, Classical.choice, Quot.sound]
AUDIT_DECL EntropyLemmas.BellAlgebra.bellOutputContraction_eq_sigmaEntry._simp_1_1: [propext,
 Classical.choice,
 Quot.sound]
AUDIT_DECL EntropyLemmas.BellAlgebra.bellOverlap.eq_1: [propext, Classical.choice, Quot.sound]
AUDIT_DECL EntropyLemmas.BellAlgebra.bellOverlap_trace_sum._simp_1_1: [propext, Classical.choice, Quot.sound]
AUDIT_DECL EntropyLemmas.BellAlgebra.channelEntry.eq_1: [propext, Classical.choice, Quot.sound]
AUDIT_DECL EntropyLemmas.BellAlgebra.offDiagonalSum.eq_1: [propext, Classical.choice, Quot.sound]
AUDIT_DECL EntropyLemmas.BellAlgebra.sigmaEntry.eq_1: [propext, Classical.choice, Quot.sound]
AUDIT_DECL EntropyLemmas.BellAlgebra.suppressorK.eq_1: [propext, Classical.choice, Quot.sound]
AUDIT_DECL EntropyLemmas.BellAlgebra.suppressorK_diagonal._abel_1_1: [propext, Classical.choice, Quot.sound]
AUDIT_DECL EntropyLemmas.TensorBridge.bellProjection.eq_1: [propext, Classical.choice, Quot.sound]
AUDIT_DECL EntropyLemmas.TensorBridge.diagonalTensorProjection.eq_1: [propext, Classical.choice, Quot.sound]
AUDIT_DECL EntropyLemmas.TensorBridge.inner_diagonalTensorProjection_of_uniform._simp_1_2: [propext,
 Classical.choice,
 Quot.sound]
AUDIT_DECL EntropyLemmas.TensorBridge.product_bell_entry_eq_contraction._simp_1_2: [propext,
 Classical.choice,
 Quot.sound]
AUDIT_DECL EntropyLemmas.TensorBridge.trace_bell_mul._simp_1_2: [propext, Classical.choice, Quot.sound]
AUDIT_DECL SupplementEntropy.TensorData.mk._flat_ctor: [propext, Classical.choice, Quot.sound]
AUDIT_DECL SupplementEntropy.TensorData.mk.inj: [propext, Classical.choice, Quot.sound]
AUDIT_DECL SupplementEntropy.TensorData.mk.injEq: [propext, Classical.choice, Quot.sound]
AUDIT_DECL SupplementEntropy.TensorData.mk.noConfusion: [propext, Classical.choice, Quot.sound]
AUDIT_DECL SupplementEntropy.TensorData.mk.sizeOf_spec: [propext, Classical.choice, Quot.sound]
AUDIT_DECL SuppressorEntropy.TensorMarginal.coordinateMarginal._f: [propext, Classical.choice, Quot.sound]
AUDIT_DECL SuppressorEntropy.TensorMarginal.coordinateMarginal._sunfold: [propext, Classical.choice, Quot.sound]
AUDIT_DECL SuppressorEntropy.TensorMarginal.coordinateMarginal._unsafe_rec: [propext, Classical.choice, Quot.sound]
AUDIT_DECL SuppressorEntropy.TensorMarginal.coordinateMarginal.match_1: [propext, Classical.choice, Quot.sound]
AUDIT_DECL SuppressorEntropy.TensorMarginal.headTailEquiv._proof_1: [propext]
AUDIT_DECL SuppressorEntropy.TensorMarginal.headTailEquiv._proof_2: [propext]
AUDIT_DECL SuppressorEntropy.TensorMarginal.headTailEquiv._proof_3: [propext, Quot.sound]
AUDIT_DECL SuppressorEntropy.TensorMarginal.headTailEquiv.eq_1: [propext, Quot.sound]
AUDIT_DECL SuppressorEntropy.TensorMarginal.joint_copy_bell_entropy._proof_1_1: [propext, Quot.sound]
AUDIT_DECL SuppressorEntropy.TensorMarginal.pairCoordinatesEquiv._proof_1: []
AUDIT_DECL SuppressorEntropy.TensorMarginal.pairCoordinatesEquiv._proof_2: []
AUDIT_DECL SuppressorEntropy.TensorMarginal.pairCoordinatesEquiv.eq_1: []
AUDIT_DECL SuppressorEntropy.TensorMarginal.partial_trace_suppressed_tensor_output._simp_1_1: [propext]
AUDIT_DECL SuppressorEntropy.TensorMarginal.partial_trace_suppressed_tensor_output._simp_1_2: [propext]
AUDIT_DECL SuppressorEntropy.TensorMarginal.partial_trace_suppressed_tensor_output._simp_1_3: [propext]
AUDIT_DECL SuppressorEntropy.TensorMarginal.partial_trace_suppressed_tensor_output._simp_1_4: [propext]
AUDIT_DECL SuppressorEntropy.TensorMarginal.partial_trace_suppressed_tensor_output._simp_1_5: [propext]
AUDIT_DECL SuppressorEntropy.TensorMarginal.partial_trace_suppressed_tensor_output._simp_1_6: [propext,
 Classical.choice,
 Quot.sound]
AUDIT_DECL SuppressorEntropy.TensorMarginal.partial_trace_suppressed_tensor_output._simp_1_7: [propext]
AXIOM_AUDIT_OK declarations=584 modules=30
Aggregate audit passed: 584 declarations in 30 modules; standard axioms only.
Verification completed. Results: /workspace/scratch/ca20910c35a8/repository/lean/entropy/verification
