entropy/Entropy/Analysis.lean:24:15: warning: Used `tac1 <;> tac2` where `(tac1; tac2)` would suffice
note: this linter can be disabled with `set_option linter.unnecessarySeqFocus false`
entropy/Entropy/Analysis.lean:34:21: warning: 'ring' tactic does nothing
note: this linter can be disabled with `set_option linter.unusedTactic false`
entropy/Entropy/Analysis.lean:34:21: warning: this tactic is never executed
note: this linter can be disabled with `set_option linter.unreachableTactic false`
entropy/Entropy/Analysis.lean:39:15: warning: Used `tac1 <;> tac2` where `(tac1; tac2)` would suffice
note: this linter can be disabled with `set_option linter.unnecessarySeqFocus false`
entropy/Entropy/Analysis.lean:60:15: warning: Used `tac1 <;> tac2` where `(tac1; tac2)` would suffice
note: this linter can be disabled with `set_option linter.unnecessarySeqFocus false`
entropy/Entropy/Analysis.lean:85:17: warning: Used `tac1 <;> tac2` where `(tac1; tac2)` would suffice
note: this linter can be disabled with `set_option linter.unnecessarySeqFocus false`
entropy/Entropy/Analysis.lean:89:15: warning: Used `tac1 <;> tac2` where `(tac1; tac2)` would suffice
note: this linter can be disabled with `set_option linter.unnecessarySeqFocus false`
entropy/Entropy/Analysis.lean:129:15: warning: Used `tac1 <;> tac2` where `(tac1; tac2)` would suffice
note: this linter can be disabled with `set_option linter.unnecessarySeqFocus false`
entropy/Entropy/Analysis.lean:229:31: warning: `pow_le_pow_left` has been deprecated: use `pow_le_pow_left₀` instead
entropy/Entropy/Analysis.lean:301:29: warning: 'ring' tactic does nothing
note: this linter can be disabled with `set_option linter.unusedTactic false`
entropy/Entropy/Analysis.lean:301:29: warning: this tactic is never executed
note: this linter can be disabled with `set_option linter.unreachableTactic false`
entropy/Entropy/Analysis.lean:291:25: warning: Used `tac1 <;> tac2` where `(tac1; tac2)` would suffice
note: this linter can be disabled with `set_option linter.unnecessarySeqFocus false`
entropy/Entropy/Analysis.lean:530:27: warning: `pow_le_pow_left` has been deprecated: use `pow_le_pow_left₀` instead
entropy/Entropy/Analysis.lean:558:27: warning: `pow_le_pow_left` has been deprecated: use `pow_le_pow_left₀` instead
