AUDIT_TARGET _private.GaussianRank.0._proof_2
AUDIT_TARGET _private.GaussianRank.0._proof_3
AUDIT_TARGET AppendixB.B_identity
AUDIT_TARGET AppendixB.B_one_eq_A
AUDIT_TARGET AppendixB.D2wm
AUDIT_TARGET AppendixB.Dset_sum_pos
AUDIT_TARGET AppendixB.Fp_local
AUDIT_TARGET AppendixB.Lam_nonempty
AUDIT_TARGET AppendixB.abs_add_three
AUDIT_TARGET AppendixB.bell_output
AUDIT_TARGET AppendixB.bell_output_r1
AUDIT_TARGET AppendixB.card_filter_mem_powersetCard
AUDIT_TARGET AppendixB.card_in
AUDIT_TARGET AppendixB.card_in_out
AUDIT_TARGET AppendixB.card_subsets
AUDIT_TARGET AppendixB.choose_le_pow
AUDIT_TARGET AppendixB.choose_le_ratio
AUDIT_TARGET AppendixB.choose_mul_left
AUDIT_TARGET AppendixB.choose_mul_right
AUDIT_TARGET AppendixB.choose_mul_right'
AUDIT_TARGET AppendixB.choose_succ_ratio
AUDIT_TARGET AppendixB.continuousAt_renyi_positive
AUDIT_TARGET AppendixB.continuousAt_shuffled_entropy
AUDIT_TARGET AppendixB.continuous_ct
AUDIT_TARGET AppendixB.cp_mul_kappa
AUDIT_TARGET AppendixB.ct_bound
AUDIT_TARGET AppendixB.dm_small
AUDIT_TARGET AppendixB.eig_recursion
AUDIT_TARGET AppendixB.entropy_sInf_abs_le
AUDIT_TARGET AppendixB.eps_sq_sum
AUDIT_TARGET AppendixB.eventual_nonadditivity_from_limits
AUDIT_TARGET AppendixB.exact_expansion
AUDIT_TARGET AppendixB.exp_bound2
AUDIT_TARGET AppendixB.final_step
AUDIT_TARGET AppendixB.isCompact_Dset
AUDIT_TARGET AppendixB.isCompact_Lam
AUDIT_TARGET AppendixB.loc_final
AUDIT_TARGET AppendixB.localization
AUDIT_TARGET AppendixB.log_bound1
AUDIT_TARGET AppendixB.log_bound2
AUDIT_TARGET AppendixB.log_sixteen_lt_three
AUDIT_TARGET AppendixB.main_coefficient_gap
AUDIT_TARGET AppendixB.main_coefficient_strict
AUDIT_TARGET AppendixB.mult_sum
AUDIT_TARGET AppendixB.outputEntropyValues_eventually_nonempty_bddBelow
AUDIT_TARGET AppendixB.outputEntropyValues_one
AUDIT_TARGET AppendixB.power_remainder_lower
AUDIT_TARGET AppendixB.psi_bdd
AUDIT_TARGET AppendixB.psi_lip
AUDIT_TARGET AppendixB.psi_local
AUDIT_TARGET AppendixB.psi_quad
AUDIT_TARGET AppendixB.psi_small
AUDIT_TARGET AppendixB.quad_coeff
AUDIT_TARGET AppendixB.quadratic_form
AUDIT_TARGET AppendixB.renyi_congr
AUDIT_TARGET AppendixB.renyi_r1
AUDIT_TARGET AppendixB.rkt_bounds
AUDIT_TARGET AppendixB.rpow_bound
AUDIT_TARGET AppendixB.shuffle_pos
AUDIT_TARGET AppendixB.shuffle_repr
AUDIT_TARGET AppendixB.shuffled_entropy_attains_minimum
AUDIT_TARGET AppendixB.shuffled_entropy_eventually_attains_minimum
AUDIT_TARGET AppendixB.single_output
AUDIT_TARGET AppendixB.single_output_infimum
AUDIT_TARGET AppendixB.single_output_minimum
AUDIT_TARGET AppendixB.single_output_r1
AUDIT_TARGET AppendixB.single_output_r1_infimum
AUDIT_TARGET AppendixB.single_output_r1_minimum
AUDIT_TARGET AppendixB.spectral_nonadditivity_all_orders
AUDIT_TARGET AppendixB.spike_final
AUDIT_TARGET AppendixB.sqrt_tt_le
AUDIT_TARGET AppendixB.strict_gap_from_errors
AUDIT_TARGET AppendixB.sum_by_parts
AUDIT_TARGET AppendixB.sum_cons2
AUDIT_TARGET AppendixB.sum_mem_eq_ite
AUDIT_TARGET AppendixB.sum_over_subsets
AUDIT_TARGET AppendixB.trace_identity
AUDIT_TARGET AppendixB.two_le_log_sixteen
AUDIT_TARGET AppendixB.two_spike
AUDIT_TARGET AppendixB.uniform_expansion
AUDIT_TARGET AppendixB.weighted_choose_sq
AUDIT_TARGET AppendixB.xlogx_bound
AUDIT_TARGET BellLimitVerification.bellEntry_eq_block_trace
AUDIT_TARGET BellLimitVerification.bell_overlap_eq_normalized_purity
AUDIT_TARGET BellLimitVerification.bell_spectrum_identities
AUDIT_TARGET BellLimitVerification.bell_spectrum_positive
AUDIT_TARGET BellLimitVerification.bernoulli_derivative_substitution
AUDIT_TARGET BellLimitVerification.centralDifference_tendsto
AUDIT_TARGET BellLimitVerification.denominator_identity
AUDIT_TARGET BellLimitVerification.denominator_pos
AUDIT_TARGET BellLimitVerification.hessian_bell_coefficients
AUDIT_TARGET BellLimitVerification.log_central_remainder
AUDIT_TARGET BellLimitVerification.log_symmetric_remainder
AUDIT_TARGET BellLimitVerification.mixing_mem_unit_interval
AUDIT_TARGET BellLimitVerification.moment_limit_of_central_differences
AUDIT_TARGET BellLimitVerification.moment_limit_of_uniform_approximation
AUDIT_TARGET BellLimitVerification.negative_root_arithmetic
AUDIT_TARGET BellLimitVerification.sum_block_trace_eq_trace_square
AUDIT_TARGET BellLimitVerification.weighted_log_central_remainder
AUDIT_TARGET GaussianRank.ae_complexGaussian_matrix_rank
AUDIT_TARGET GaussianRank.ae_complexGaussian_matrix_rank_reindex
AUDIT_TARGET GaussianRank.ae_gaussian_whitening_rank_inputs
AUDIT_TARGET GaussianRank.ae_matrixGaussian_rank
AUDIT_TARGET GaussianRank.ae_matrixGaussian_whitening_rank_inputs
AUDIT_TARGET GaussianRank.ae_matrix_rank
AUDIT_TARGET GaussianRank.ae_radial_matrix_rank
AUDIT_TARGET GaussianRank.ae_volume_matrix_rank_reindex
AUDIT_TARGET GaussianRank.euclideanBorelSpace
AUDIT_TARGET GaussianRank.euclideanCoordinates_quasiMeasurePreserving
AUDIT_TARGET GaussianRank.gaussianMass_pos
AUDIT_TARGET GaussianRank.instIsProbabilityMeasureComplexComplexGaussian
AUDIT_TARGET GaussianRank.instIsProbabilityMeasureRadialGaussian
AUDIT_TARGET GaussianRank.instIsProbabilityMeasureRealRealComponent
AUDIT_TARGET GaussianRank.instNoAtomsComplexComplexGaussian
AUDIT_TARGET GaussianRank.instNoAtomsRealRealComponent
AUDIT_TARGET GaussianRank.integrable_radial_exp
AUDIT_TARGET GaussianRank.integral_radial_exp
AUDIT_TARGET GaussianRank.matrixCoordinates_apply
AUDIT_TARGET GaussianRank.matrixCoordinates_unitary
AUDIT_TARGET GaussianRank.matrixGaussian_isProbabilityMeasure
AUDIT_TARGET GaussianRank.matrixGaussian_unitary_invariant
AUDIT_TARGET GaussianRank.measurable_radialDensity
AUDIT_TARGET GaussianRank.mvPolynomial_ae_ne_zero
AUDIT_TARGET GaussianRank.mvPolynomial_ae_ne_zero_fin
AUDIT_TARGET GaussianRank.polynomial_ae_ne_zero
AUDIT_TARGET GaussianRank.radialGaussian_absolutelyContinuous
AUDIT_TARGET GaussianRank.radialGaussian_isometry_invariant
AUDIT_TARGET GaussianRank.rank_submatrix_le_general
AUDIT_TARGET HaarProjection.ae_complexGaussian_whitenedProjection_posDef_iff
AUDIT_TARGET HaarProjection.ae_complexGaussian_whitenedProjection_rank
AUDIT_TARGET HaarProjection.ae_haar_iff_ae_whitened_of_law_eq
AUDIT_TARGET HaarProjection.ae_haar_projection_partialTrace_posDef_iff
AUDIT_TARGET HaarProjection.ae_haar_projection_partialTrace_rank
AUDIT_TARGET HaarProjection.ae_whitenedProjection_partialTrace_posDef_iff
AUDIT_TARGET HaarProjection.ae_whitenedProjection_partialTrace_rank
AUDIT_TARGET HaarProjection.continuous_flatten
AUDIT_TARGET HaarProjection.continuous_traceB
AUDIT_TARGET HaarProjection.continuous_unitary_orbit
AUDIT_TARGET HaarProjection.eq_haarProjectionLaw_of_invariant
AUDIT_TARGET HaarProjection.gaussianLeftUnitaryIsometry_apply
AUDIT_TARGET HaarProjection.gram_posDef
AUDIT_TARGET HaarProjection.haarProjectionLaw_conjugate_base
AUDIT_TARGET HaarProjection.haarProjectionLaw_conjugation_invariant
AUDIT_TARGET HaarProjection.haarProjectionLaw_isProbabilityMeasure
AUDIT_TARGET HaarProjection.haar_local_rank_from_invariant_matrix_law
AUDIT_TARGET HaarProjection.haar_local_support_from_invariant_matrix_law
AUDIT_TARGET HaarProjection.haar_projection_full_local_support_iff
AUDIT_TARGET HaarProjection.haar_projection_full_local_support_iff_fin
AUDIT_TARGET HaarProjection.haar_projection_partialTrace_rank_fin
AUDIT_TARGET HaarProjection.injective_of_full_column_rank
AUDIT_TARGET HaarProjection.isClosed_unitary_matrices
AUDIT_TARGET HaarProjection.isCompact_unitary_matrices
AUDIT_TARGET HaarProjection.matrixBorelSpace
AUDIT_TARGET HaarProjection.matrixSecondCountableTopology
AUDIT_TARGET HaarProjection.measurableSet_unitary_orbit
AUDIT_TARGET HaarProjection.measurable_matrix_inverse
AUDIT_TARGET HaarProjection.measurable_whitenedProjection
AUDIT_TARGET HaarProjection.one_kronecker_posDef
AUDIT_TARGET HaarProjection.posDef_iff_full_rank
AUDIT_TARGET HaarProjection.projection_posSemidef
AUDIT_TARGET HaarProjection.traceB_posSemidef
AUDIT_TARGET HaarProjection.unitaryGroupBorelSpace
AUDIT_TARGET HaarProjection.unitaryGroupCompactSpace
AUDIT_TARGET HaarProjection.unitaryGroupContinuousInv
AUDIT_TARGET HaarProjection.unitaryGroupIsTopologicalGroup
AUDIT_TARGET HaarProjection.unitaryHaar_isHaarMeasure
AUDIT_TARGET HaarProjection.unitaryHaar_isMulRightInvariant
AUDIT_TARGET HaarProjection.unitaryHaar_isProbabilityMeasure
AUDIT_TARGET HaarProjection.unitary_column_normSq_sum
AUDIT_TARGET HaarProjection.unitary_conjugation_rank
AUDIT_TARGET HaarProjection.unitary_entry_norm_le_one
AUDIT_TARGET HaarProjection.whitenedLaw_conjugation_invariant
AUDIT_TARGET HaarProjection.whitenedLaw_eq_haarProjectionLaw
AUDIT_TARGET HaarProjection.whitenedProjection_idempotent
AUDIT_TARGET HaarProjection.whitenedProjection_mul
AUDIT_TARGET HaarProjection.whitenedProjection_partialTrace_posDef
AUDIT_TARGET HaarProjection.whitenedProjection_partialTrace_posDef_iff
AUDIT_TARGET HaarProjection.whitenedProjection_partialTrace_rank
AUDIT_TARGET HaarProjection.whitenedProjection_posSemidef
AUDIT_TARGET HaarProjection.whitenedProjection_rank
AUDIT_TARGET HaarProjection.whitenedProjection_unitary_equivariant
AUDIT_TARGET OutputSpaceVerification.ae_support_distance_tendsto_of_dense
AUDIT_TARGET OutputSpaceVerification.ae_uniform_tendsto_on_compact_of_dense
AUDIT_TARGET OutputSpaceVerification.attained_minimum_tendsto_of_hausdorff
AUDIT_TARGET OutputSpaceVerification.bodySupport_isGreatest
AUDIT_TARGET OutputSpaceVerification.body_compact
AUDIT_TARGET OutputSpaceVerification.body_mass_pos
AUDIT_TARGET OutputSpaceVerification.body_mass_uniformly_positive
AUDIT_TARGET OutputSpaceVerification.body_nonempty
AUDIT_TARGET OutputSpaceVerification.concrete_normalized_support_tendsto
AUDIT_TARGET OutputSpaceVerification.cost_continuous
AUDIT_TARGET OutputSpaceVerification.minimum_value_tendsto_of_hausdorff
AUDIT_TARGET OutputSpaceVerification.normalizedBodySupport_isGreatest
AUDIT_TARGET OutputSpaceVerification.normalized_support_tendsto
AUDIT_TARGET OutputSpaceVerification.pointwise_tendsto_of_dense
AUDIT_TARGET OutputSpaceVerification.ratio_support_brackets
AUDIT_TARGET OutputSpaceVerification.support_distance_tendsto_of_uniform
AUDIT_TARGET OutputSpaceVerification.threshold_tendsto_of_strict_brackets
AUDIT_TARGET OutputSpaceVerification.uniform_tendsto_on_compact
AUDIT_TARGET PreliminariesMatrix.channel_trace
AUDIT_TARGET PreliminariesMatrix.channel_trace_preserving
AUDIT_TARGET PreliminariesMatrix.choi_inversion
AUDIT_TARGET PreliminariesMatrix.choi_recovery
AUDIT_TARGET PreliminariesMatrix.inverse_sqrt_normalized_choi
AUDIT_TARGET PreliminariesMatrix.normalized_choi
AUDIT_TARGET PreliminariesMatrix.posDef_congruence_kernel
AUDIT_TARGET PreliminariesMatrix.posDef_congruence_rank
AUDIT_TARGET PreliminariesMatrix.reduced_gram
AUDIT_TARGET PreliminariesMatrix.reduced_gram_rank
AUDIT_TARGET PreliminariesMatrix.reduced_weighted_gram
AUDIT_TARGET PreliminariesMatrix.traceB_congruence
AUDIT_TARGET PreliminariesMatrix.traceB_left
AUDIT_TARGET PreliminariesMatrix.traceB_right
AUDIT_TARGET ProjectionChannels.ae_all_projection_compressions
AUDIT_TARGET ProjectionChannels.ae_bernoulliMeasure_zero_or_one
AUDIT_TARGET ProjectionChannels.ae_simultaneous_convergence_of_dense_lipschitz
AUDIT_TARGET ProjectionChannels.amplified_diagonalTrace
AUDIT_TARGET ProjectionChannels.analytic_imaginary_bound_on_compact
AUDIT_TARGET ProjectionChannels.bernoulliBudget_zero
AUDIT_TARGET ProjectionChannels.bernoulliCost_expansion
AUDIT_TARGET ProjectionChannels.bernoulliCost_nonneg
AUDIT_TARGET ProjectionChannels.bernoulliCost_one
AUDIT_TARGET ProjectionChannels.bernoulliCost_self
AUDIT_TARGET ProjectionChannels.bernoulliCost_zero
AUDIT_TARGET ProjectionChannels.bernoulliDelta_original
AUDIT_TARGET ProjectionChannels.bernoulliDelta_pos
AUDIT_TARGET ProjectionChannels.bernoulliDelta_sq
AUDIT_TARGET ProjectionChannels.bernoulliDual_zero
AUDIT_TARGET ProjectionChannels.bernoulliK_critical_dichotomy
AUDIT_TARGET ProjectionChannels.bernoulliK_critical_minimum
AUDIT_TARGET ProjectionChannels.bernoulliK_critical_unique
AUDIT_TARGET ProjectionChannels.bernoulliK_deriv_neg_of_endpoint_le
AUDIT_TARGET ProjectionChannels.bernoulliK_deriv_neg_of_no_critical
AUDIT_TARGET ProjectionChannels.bernoulliK_deriv_sign_around_critical
AUDIT_TARGET ProjectionChannels.bernoulliK_deriv_zero_iff
AUDIT_TARGET ProjectionChannels.bernoulliK_endpoint_isGLB
AUDIT_TARGET ProjectionChannels.bernoulliK_has_critical_iff
AUDIT_TARGET ProjectionChannels.bernoulliK_infimum_at_infinity
AUDIT_TARGET ProjectionChannels.bernoulliK_minimum_is_critical
AUDIT_TARGET ProjectionChannels.bernoulliK_profile_identity
AUDIT_TARGET ProjectionChannels.bernoulliK_strictAntiOn_of_no_critical
AUDIT_TARGET ProjectionChannels.bernoulliK_unique_global_minimum
AUDIT_TARGET ProjectionChannels.bernoulliK_zero_coefficients
AUDIT_TARGET ProjectionChannels.bernoulliMaximizer_lower
AUDIT_TARGET ProjectionChannels.bernoulliMaximizer_mem_Ioo
AUDIT_TARGET ProjectionChannels.bernoulliMaximizer_product
AUDIT_TARGET ProjectionChannels.bernoulliMaximizer_upper
AUDIT_TARGET ProjectionChannels.bernoulliMaximizer_zero
AUDIT_TARGET ProjectionChannels.bernoulliMeasure_isProbability
AUDIT_TARGET ProjectionChannels.bernoulliMeasure_mass_one
AUDIT_TARGET ProjectionChannels.bernoulliMeasure_mass_zero
AUDIT_TARGET ProjectionChannels.bernoulliMeasure_moment
AUDIT_TARGET ProjectionChannels.bernoulliProfile_lt_budget_of_endpoint_le
AUDIT_TARGET ProjectionChannels.bernoulliProfile_lt_endpoint
AUDIT_TARGET ProjectionChannels.bernoulliProfile_zero
AUDIT_TARGET ProjectionChannels.bernoulliProfile_zero_coefficients
AUDIT_TARGET ProjectionChannels.bernoulliSupport_difference_le
AUDIT_TARGET ProjectionChannels.bernoulliSupport_lipschitz
AUDIT_TARGET ProjectionChannels.bernoulli_duality_from_continuity_and_limits
AUDIT_TARGET ProjectionChannels.bernoulli_endpoint_objective
AUDIT_TARGET ProjectionChannels.bernoulli_endpoint_support
AUDIT_TARGET ProjectionChannels.bernoulli_full_duality
AUDIT_TARGET ProjectionChannels.bernoulli_legendre_equality
AUDIT_TARGET ProjectionChannels.bernoulli_legendre_equality_iff
AUDIT_TARGET ProjectionChannels.bernoulli_legendre_inequality
AUDIT_TARGET ProjectionChannels.bernoulli_legendre_maximum
AUDIT_TARGET ProjectionChannels.bernoulli_secondDerivative_pos
AUDIT_TARGET ProjectionChannels.bernoulli_support_attainment
AUDIT_TARGET ProjectionChannels.bernoulli_support_attains_inf
AUDIT_TARGET ProjectionChannels.bernoulli_support_eq_inf
AUDIT_TARGET ProjectionChannels.bernoulli_support_eq_inf_nat
AUDIT_TARGET ProjectionChannels.bernoulli_support_le_K
AUDIT_TARGET ProjectionChannels.bernoulli_support_upper_bound
AUDIT_TARGET ProjectionChannels.blockCompression_isHermitian
AUDIT_TARGET ProjectionChannels.blockCompression_largest_lipschitz
AUDIT_TARGET ProjectionChannels.blockCompression_shift
AUDIT_TARGET ProjectionChannels.blockCompression_sub_constant
AUDIT_TARGET ProjectionChannels.blockModification_polynomial
AUDIT_TARGET ProjectionChannels.cauchyTransform_bernoulli
AUDIT_TARGET ProjectionChannels.cauchyTransform_bernoulli_quadratic
AUDIT_TARGET ProjectionChannels.cauchyTransform_bernoulli_rational
AUDIT_TARGET ProjectionChannels.cauchyTransform_dilation
AUDIT_TARGET ProjectionChannels.cauchyTransform_neg_im
AUDIT_TARGET ProjectionChannels.cauchyTransform_ofReal
AUDIT_TARGET ProjectionChannels.cauchy_agreement_upper_of_real_right
AUDIT_TARGET ProjectionChannels.cauchy_interval_mass_bound
AUDIT_TARGET ProjectionChannels.cauchy_no_mass_holomorphic_continuation
AUDIT_TARGET ProjectionChannels.cauchy_no_mass_of_linear_imaginary_bound
AUDIT_TARGET ProjectionChannels.choi_conventions
AUDIT_TARGET ProjectionChannels.choi_reconstructs_linearMap
AUDIT_TARGET ProjectionChannels.conjugateMap_choi
AUDIT_TARGET ProjectionChannels.conjugate_matrixUnit
AUDIT_TARGET ProjectionChannels.continuous_bernoulliBudget
AUDIT_TARGET ProjectionChannels.continuous_bernoulliCost
AUDIT_TARGET ProjectionChannels.continuous_bernoulliMaximizer
AUDIT_TARGET ProjectionChannels.continuous_bernoulliProfile
AUDIT_TARGET ProjectionChannels.continuous_poissonKernel
AUDIT_TARGET ProjectionChannels.continuous_traceB
AUDIT_TARGET ProjectionChannels.contraction_scalar_shift
AUDIT_TARGET ProjectionChannels.convergence_of_dense_lipschitz
AUDIT_TARGET ProjectionChannels.deriv_bernoulliDual
AUDIT_TARGET ProjectionChannels.diagonalTraceLinearMap_eq
AUDIT_TARGET ProjectionChannels.diagonalTraceMap_choiInput
AUDIT_TARGET ProjectionChannels.diagonalTraceMap_choiOutput
AUDIT_TARGET ProjectionChannels.diagonal_mul_levelProjection
AUDIT_TARGET ProjectionChannels.diagonal_trace_formula
AUDIT_TARGET ProjectionChannels.diagonal_trace_matrixUnit
AUDIT_TARGET ProjectionChannels.differentiableAt_cauchyTransform_off_real
AUDIT_TARGET ProjectionChannels.differentiableAt_cauchyTransform_right
AUDIT_TARGET ProjectionChannels.differentiableOn_cauchyTransform_right
AUDIT_TARGET ProjectionChannels.differentiableOn_cauchyTransform_upper
AUDIT_TARGET ProjectionChannels.eigenvalue_le_largest
AUDIT_TARGET ProjectionChannels.eigenvalue_le_of_shift_posSemidef
AUDIT_TARGET ProjectionChannels.entropy_lower_bound_of_one_high_minimizer
AUDIT_TARGET ProjectionChannels.eventual_product_violation_of_limits
AUDIT_TARGET ProjectionChannels.eventual_strict_gap_of_limits
AUDIT_TARGET ProjectionChannels.exists_positive_saturation
AUDIT_TARGET ProjectionChannels.exists_real_holomorphic_local_inverse
AUDIT_TARGET ProjectionChannels.finiteShannon_oneHigh
AUDIT_TARGET ProjectionChannels.hasDerivAt_bernoulliBudget
AUDIT_TARGET ProjectionChannels.hasDerivAt_bernoulliCost
AUDIT_TARGET ProjectionChannels.hasDerivAt_bernoulliCostSlope
AUDIT_TARGET ProjectionChannels.hasDerivAt_bernoulliCost_at_maximizer
AUDIT_TARGET ProjectionChannels.hasDerivAt_bernoulliCost_maximizer
AUDIT_TARGET ProjectionChannels.hasDerivAt_bernoulliDelta
AUDIT_TARGET ProjectionChannels.hasDerivAt_bernoulliDual
AUDIT_TARGET ProjectionChannels.hasDerivAt_bernoulliK
AUDIT_TARGET ProjectionChannels.hasDerivAt_bernoulliMaximizer
AUDIT_TARGET ProjectionChannels.hasDerivAt_cauchyTransform_of_separation
AUDIT_TARGET ProjectionChannels.hasDerivAt_deriv_bernoulliCost
AUDIT_TARGET ProjectionChannels.hasDerivAt_deriv_bernoulliCost_rpow
AUDIT_TARGET ProjectionChannels.hasDerivAt_deriv_bernoulliDual
AUDIT_TARGET ProjectionChannels.hermitian_sandwich
AUDIT_TARGET ProjectionChannels.holomorphic_imaginary_bound_on_compact
AUDIT_TARGET ProjectionChannels.integrable_bernoulliMeasure
AUDIT_TARGET ProjectionChannels.integrable_cauchyKernel
AUDIT_TARGET ProjectionChannels.integrable_poissonKernel_left
AUDIT_TARGET ProjectionChannels.integrable_poissonKernel_prod
AUDIT_TARGET ProjectionChannels.integrable_realCauchyKernel
AUDIT_TARGET ProjectionChannels.integral_bernoulliMeasure
AUDIT_TARGET ProjectionChannels.inverse_cauchy_finite_endpoint_deriv_eq_zero
AUDIT_TARGET ProjectionChannels.inverse_sqrt_largest_le_iff
AUDIT_TARGET ProjectionChannels.inverse_sqrt_normalizes
AUDIT_TARGET ProjectionChannels.inverse_sqrt_threshold
AUDIT_TARGET ProjectionChannels.invertible_hermitian_congruence_iff
AUDIT_TARGET ProjectionChannels.isOpen_matrix_rank_ge
AUDIT_TARGET ProjectionChannels.l1_parameter_dist
AUDIT_TARGET ProjectionChannels.largest_compare
AUDIT_TARGET ProjectionChannels.largest_le_iff
AUDIT_TARGET ProjectionChannels.largest_le_iff_shift_posSemidef
AUDIT_TARGET ProjectionChannels.levelProjection_idempotent
AUDIT_TARGET ProjectionChannels.levelProjection_isHermitian
AUDIT_TARGET ProjectionChannels.levelProjection_trace
AUDIT_TARGET ProjectionChannels.matrixUnit_block_insertion
AUDIT_TARGET ProjectionChannels.matrixUnit_expansion
AUDIT_TARGET ProjectionChannels.measurableSet_matrix_rank_eq
AUDIT_TARGET ProjectionChannels.measurableSet_traceB_rank_eq
AUDIT_TARGET ProjectionChannels.measurable_matrix_rank
AUDIT_TARGET ProjectionChannels.measurable_traceB_rank
AUDIT_TARGET ProjectionChannels.monotoneOn_bernoulliBudget
AUDIT_TARGET ProjectionChannels.no_real_holomorphic_continuation_at_support
AUDIT_TARGET ProjectionChannels.no_real_holomorphic_right_continuation_at_support
AUDIT_TARGET ProjectionChannels.normalized_blockCompression_threshold
AUDIT_TARGET ProjectionChannels.normalized_compression_convergence
AUDIT_TARGET ProjectionChannels.normalizer_largest_le_iff
AUDIT_TARGET ProjectionChannels.objective_cube_difference
AUDIT_TARGET ProjectionChannels.oneHighEntropy_antitoneOn
AUDIT_TARGET ProjectionChannels.oneHighEntropy_eq_qaryEntropy
AUDIT_TARGET ProjectionChannels.outputFirst_partialTrace
AUDIT_TARGET ProjectionChannels.poissonKernel_le_inv
AUDIT_TARGET ProjectionChannels.poissonKernel_local_lower
AUDIT_TARGET ProjectionChannels.poissonKernel_nonneg
AUDIT_TARGET ProjectionChannels.poissonKernel_window_integral
AUDIT_TARGET ProjectionChannels.poisson_interval_mass_lower
AUDIT_TARGET ProjectionChannels.posSemidef_finite_sum
AUDIT_TARGET ProjectionChannels.posSemidef_real_smul
AUDIT_TARGET ProjectionChannels.positive_sqrt_isUnit
AUDIT_TARGET ProjectionChannels.projection_complement_posSemidef
AUDIT_TARGET ProjectionChannels.projection_diagonalBlock_contraction
AUDIT_TARGET ProjectionChannels.projection_posSemidef
AUDIT_TARGET ProjectionChannels.realCauchyTransform_le
AUDIT_TARGET ProjectionChannels.realCauchyTransform_pos
AUDIT_TARGET ProjectionChannels.realCauchyTransform_strictAntiOn
AUDIT_TARGET ProjectionChannels.realCauchyTransform_tendsto_zero
AUDIT_TARGET ProjectionChannels.real_scalar_shift_hermitian
AUDIT_TARGET ProjectionChannels.scalar_cauchy
AUDIT_TARGET ProjectionChannels.scalar_shift_spectral
AUDIT_TARGET ProjectionChannels.spectralProjection_partialTrace
AUDIT_TARGET ProjectionChannels.strictAntiOn_bernoulliK_of_endpoint_le
AUDIT_TARGET ProjectionChannels.strictConvexOn_bernoulliCost
AUDIT_TARGET ProjectionChannels.strictMonoOn_bernoulliBudget
AUDIT_TARGET ProjectionChannels.strictMonoOn_deriv_bernoulliCost
AUDIT_TARGET ProjectionChannels.strictMono_bernoulliMaximizer
AUDIT_TARGET ProjectionChannels.tendsto_bernoulliBudget_zero
AUDIT_TARGET ProjectionChannels.tendsto_bernoulliK_atTop
AUDIT_TARGET ProjectionChannels.tendsto_bernoulliMaximizer_atBot
AUDIT_TARGET ProjectionChannels.tendsto_bernoulliMaximizer_atTop
AUDIT_TARGET ProjectionChannels.tendsto_bernoulliMaximizer_scaled
AUDIT_TARGET ProjectionChannels.tendsto_bernoulliProfile_atTop
AUDIT_TARGET ProjectionChannels.tendsto_bernoulli_objective_atTop
AUDIT_TARGET ProjectionChannels.tendsto_deriv_bernoulliCost_one
AUDIT_TARGET ProjectionChannels.tendsto_deriv_bernoulliCost_zero
AUDIT_TARGET ProjectionChannelsCP.amplified_kraus_term
AUDIT_TARGET ProjectionChannelsCP.amplify_bell
AUDIT_TARGET ProjectionChannelsCP.bell_block
AUDIT_TARGET ProjectionChannelsCP.channel_gram_kraus
AUDIT_TARGET ProjectionChannelsCP.choiInput_choiChannel
AUDIT_TARGET ProjectionChannelsCP.choi_posSemidef_of_completelyPositive
AUDIT_TARGET ProjectionChannelsCP.completelyPositive_iff_choi_posSemidef
AUDIT_TARGET ProjectionChannelsCP.completelyPositive_of_choi_posSemidef
AUDIT_TARGET ProjectionChannelsCP.completelyPositive_of_kraus
AUDIT_TARGET ProjectionChannelsCP.generalizedChoi_is_quantumChannel
AUDIT_TARGET ProjectionChannelsCP.generalizedChoi_positive_rescaling
AUDIT_TARGET ProjectionChannelsCP.posDef_real_smul
AUDIT_TARGET ProjectionChannelsCP.posSemidef_real_smul
AUDIT_TARGET ProjectionChannelsCP.posSemidef_sum
AUDIT_TARGET ProjectionChannelsCP.positive_sqrt_real_smul
AUDIT_TARGET ProjectionChannelsCP.quantumChannel_iff_choi
AUDIT_TARGET ProjectionChannelsCP.scaled_marginal_posDef
AUDIT_TARGET ProjectionChannelsCP.traceB_smul
AUDIT_TARGET ProjectionChannelsCP.tracePreserving_iff_choi_partialTrace
AUDIT_TARGET ProjectionOrbit.eigenvalues_zero_or_one
AUDIT_TARGET ProjectionOrbit.exists_matching_eigenvalue_permutation
AUDIT_TARGET ProjectionOrbit.exists_unitary_conjugate
AUDIT_TARGET ProjectionOrbit.permuteColumns_diagonalization
AUDIT_TARGET ProjectionStrongConvergence.eventually_proper_projection
AUDIT_TARGET ProjectionStrongConvergence.norm_polynomial_projection
AUDIT_TARGET ProjectionStrongConvergence.normalizedTrace_polynomial_projection
AUDIT_TARGET ProjectionStrongConvergence.polynomial_projection
AUDIT_TARGET ProjectionStrongConvergence.projection_polynomial_norm_eventually
AUDIT_TARGET ProjectionStrongConvergence.projection_polynomial_trace_tendsto
AUDIT_TARGET ProjectionStrongConvergence.projections_strongly_converge_to_bernoulli
AUDIT_TARGET ProjectionStrongConvergence.spectrum_projection_endpoints
AUDIT_TARGET ProjectionStrongConvergence.spectrum_projection_subset
AUDIT_TARGET ProjectionStrongConvergence.trace_projection_eq_rank
AUDIT_TARGET _private.BernoulliCalculus.0.ProjectionChannels.deltaRadicand_pos
AUDIT_TARGET _private.entropy.Entropy.BellGeneral.0.AppendixB.general_half_bound
AUDIT_TARGET _private.entropy.Entropy.BellOne.0.AppendixB.half_bound
AUDIT_TARGET AppendixB.Bpr.eq_1
AUDIT_TARGET AppendixB.D2wm._proof_1
AUDIT_TARGET AppendixB.Dset.eq_1
AUDIT_TARGET AppendixB.Fp.eq_1
AUDIT_TARGET AppendixB.Lam.eq_1
AUDIT_TARGET AppendixB.alphaB.eq_1
AUDIT_TARGET AppendixB.bellNu.eq_1
AUDIT_TARGET AppendixB.bell_output._proof_1
AUDIT_TARGET AppendixB.bell_output._proof_10
AUDIT_TARGET AppendixB.bell_output._proof_11
AUDIT_TARGET AppendixB.bell_output._proof_2
AUDIT_TARGET AppendixB.bell_output._proof_3
AUDIT_TARGET AppendixB.bell_output._proof_4
AUDIT_TARGET AppendixB.bell_output._proof_5
AUDIT_TARGET AppendixB.bell_output._proof_6
AUDIT_TARGET AppendixB.bell_output._proof_7
AUDIT_TARGET AppendixB.bell_output._proof_8
AUDIT_TARGET AppendixB.bell_output._proof_9
AUDIT_TARGET AppendixB.betaB.eq_1
AUDIT_TARGET AppendixB.card_in_out._proof_1
AUDIT_TARGET AppendixB.card_in_out._proof_2
AUDIT_TARGET AppendixB.choose_le_pow._proof_1
AUDIT_TARGET AppendixB.choose_le_pow._proof_2
AUDIT_TARGET AppendixB.choose_le_pow._proof_3
AUDIT_TARGET AppendixB.choose_le_ratio._proof_1
AUDIT_TARGET AppendixB.choose_le_ratio._proof_2
AUDIT_TARGET AppendixB.choose_mul_left._proof_1
AUDIT_TARGET AppendixB.choose_mul_left._proof_2
AUDIT_TARGET AppendixB.choose_mul_right._proof_1
AUDIT_TARGET AppendixB.choose_mul_right._proof_2
AUDIT_TARGET AppendixB.cp.eq_1
AUDIT_TARGET AppendixB.ct.eq_1
AUDIT_TARGET AppendixB.dm.eq_1
AUDIT_TARGET AppendixB.dm_small._proof_1
AUDIT_TARGET AppendixB.dm_small._proof_2
AUDIT_TARGET AppendixB.dm_small._proof_3
AUDIT_TARGET AppendixB.dm_small._proof_4
AUDIT_TARGET AppendixB.dm_small._proof_5
AUDIT_TARGET AppendixB.exact_expansion._proof_1
AUDIT_TARGET AppendixB.infimumOutputEntropy.eq_1
AUDIT_TARGET AppendixB.isCompact_Dset._proof_1
AUDIT_TARGET AppendixB.isCompact_Dset._proof_2
AUDIT_TARGET AppendixB.isCompact_Dset._proof_3
AUDIT_TARGET AppendixB.kappa._proof_1
AUDIT_TARGET AppendixB.kappa.eq_1
AUDIT_TARGET AppendixB.outputEntropyValues.eq_1
AUDIT_TARGET AppendixB.psi.eq_1
AUDIT_TARGET AppendixB.quad_coeff._proof_1
AUDIT_TARGET AppendixB.quad_coeff._proof_2
AUDIT_TARGET AppendixB.quad_coeff._proof_3
AUDIT_TARGET AppendixB.quad_coeff._proof_4
AUDIT_TARGET AppendixB.quad_coeff._proof_5
AUDIT_TARGET AppendixB.quad_coeff._proof_6
AUDIT_TARGET AppendixB.quad_coeff._proof_7
AUDIT_TARGET AppendixB.quadratic_form._proof_1
AUDIT_TARGET AppendixB.renyi.eq_1
AUDIT_TARGET AppendixB.shuffle.eq_1
AUDIT_TARGET AppendixB.shuffle_pos._proof_1
AUDIT_TARGET AppendixB.shuffle_pos._proof_2
AUDIT_TARGET AppendixB.shuffle_repr._proof_1
AUDIT_TARGET AppendixB.shuffle_repr._proof_2
AUDIT_TARGET AppendixB.shuffle_repr._proof_3
AUDIT_TARGET AppendixB.single_output._proof_1
AUDIT_TARGET AppendixB.single_output._proof_2
AUDIT_TARGET AppendixB.single_output._proof_3
AUDIT_TARGET AppendixB.single_output._proof_4
AUDIT_TARGET AppendixB.single_output._proof_5
AUDIT_TARGET AppendixB.subsets.eq_1
AUDIT_TARGET AppendixB.trace_identity._proof_1
AUDIT_TARGET AppendixB.trace_identity._proof_2
AUDIT_TARGET AppendixB.two_spike._proof_1
AUDIT_TARGET AppendixB.weighted_choose_sq._proof_1
AUDIT_TARGET AppendixB.weighted_choose_sq._proof_2
AUDIT_TARGET AppendixB.weighted_choose_sq._proof_3
AUDIT_TARGET AppendixB.wm.eq_1
AUDIT_TARGET BellLimitVerification.bell_overlap_eq_normalized_purity._proof_1
AUDIT_TARGET BellLimitVerification.centralDifference._proof_1
AUDIT_TARGET BellLimitVerification.choiBlock.eq_1
AUDIT_TARGET BellLimitVerification.denominator._proof_1
AUDIT_TARGET GaussianRank.ae_matrix_rank._proof_4
AUDIT_TARGET GaussianRank.ae_matrix_rank._proof_5
AUDIT_TARGET GaussianRank.complexGaussian.eq_1
AUDIT_TARGET GaussianRank.gaussianMass._proof_1
AUDIT_TARGET GaussianRank.gaussianMass.eq_1
AUDIT_TARGET GaussianRank.integrable_radial_exp._proof_2
AUDIT_TARGET GaussianRank.integrable_radial_exp._proof_3
AUDIT_TARGET GaussianRank.matrixCoordinates._proof_1
AUDIT_TARGET GaussianRank.matrixCoordinates._proof_10
AUDIT_TARGET GaussianRank.matrixCoordinates._proof_11
AUDIT_TARGET GaussianRank.matrixCoordinates._proof_12
AUDIT_TARGET GaussianRank.matrixCoordinates._proof_13
AUDIT_TARGET GaussianRank.matrixCoordinates._proof_2
AUDIT_TARGET GaussianRank.matrixCoordinates._proof_3
AUDIT_TARGET GaussianRank.matrixCoordinates._proof_4
AUDIT_TARGET GaussianRank.matrixCoordinates._proof_5
AUDIT_TARGET GaussianRank.matrixCoordinates._proof_6
AUDIT_TARGET GaussianRank.matrixCoordinates._proof_7
AUDIT_TARGET GaussianRank.matrixCoordinates._proof_8
AUDIT_TARGET GaussianRank.matrixCoordinates._proof_9
AUDIT_TARGET GaussianRank.matrixGaussian._proof_14
AUDIT_TARGET GaussianRank.matrixGaussian._proof_15
AUDIT_TARGET GaussianRank.polynomial_ae_ne_zero._proof_4
AUDIT_TARGET GaussianRank.polynomial_ae_ne_zero._proof_5
AUDIT_TARGET GaussianRank.radialDensity.eq_1
AUDIT_TARGET GaussianRank.radialGaussian.eq_1
AUDIT_TARGET GaussianRank.realComponent._proof_1
AUDIT_TARGET HaarProjection.gaussianLeftUnitaryIsometry._proof_10
AUDIT_TARGET HaarProjection.gaussianLeftUnitaryIsometry._proof_9
AUDIT_TARGET HaarProjection.haarProjectionLaw.eq_1
AUDIT_TARGET HaarProjection.haar_local_support_from_invariant_matrix_law._proof_1
AUDIT_TARGET HaarProjection.injective_of_full_column_rank._proof_1
AUDIT_TARGET HaarProjection.isCompact_unitary_matrices._proof_1
AUDIT_TARGET HaarProjection.measurableSet_unitary_orbit._proof_1
AUDIT_TARGET HaarProjection.measurableSet_unitary_orbit._proof_2
AUDIT_TARGET HaarProjection.unitaryEuclideanIsometry._proof_1
AUDIT_TARGET HaarProjection.unitaryEuclideanIsometry._proof_2
AUDIT_TARGET HaarProjection.unitaryEuclideanIsometry._proof_3
AUDIT_TARGET HaarProjection.unitaryEuclideanIsometry._proof_4
AUDIT_TARGET HaarProjection.unitaryEuclideanIsometry._proof_5
AUDIT_TARGET HaarProjection.unitaryEuclideanIsometry._proof_6
AUDIT_TARGET HaarProjection.unitaryEuclideanIsometry._proof_7
AUDIT_TARGET HaarProjection.unitaryHaar._proof_1
AUDIT_TARGET HaarProjection.unitaryHaar.eq_1
AUDIT_TARGET HaarProjection.unitaryTensorIdentity._proof_8
AUDIT_TARGET HaarProjection.unitary_column_normSq_sum._proof_1
AUDIT_TARGET HaarProjection.unitary_conjugation_rank._proof_1
AUDIT_TARGET HaarProjection.unitary_conjugation_rank._proof_2
AUDIT_TARGET HaarProjection.whitenedProjection.eq_1
AUDIT_TARGET HaarProjection.whitenedProjection_partialTrace_posDef_iff._proof_1
AUDIT_TARGET MeasurableEquiv.piFinSuccAbove.eq_1
AUDIT_TARGET PreliminariesMatrix.channel.eq_1
AUDIT_TARGET PreliminariesMatrix.flatten.eq_1
AUDIT_TARGET PreliminariesMatrix.matrixUnit.eq_1
AUDIT_TARGET PreliminariesMatrix.posDef_congruence_kernel._proof_1
AUDIT_TARGET PreliminariesMatrix.posDef_congruence_rank._proof_1
AUDIT_TARGET PreliminariesMatrix.traceA.eq_1
AUDIT_TARGET PreliminariesMatrix.traceB.eq_1
AUDIT_TARGET PreliminariesMatrix.traceB_left._proof_1
AUDIT_TARGET PreliminariesMatrix.traceB_right._proof_1
AUDIT_TARGET ProjectionChannels.K182.bellAlpha_eq
AUDIT_TARGET ProjectionChannels.K182.bellBeta_eq
AUDIT_TARGET ProjectionChannels.K182.bell_coefficients_valid
AUDIT_TARGET ProjectionChannels.K182.certified_entropy_gap
AUDIT_TARGET ProjectionChannels.K182.coordinate_le_L_sum
AUDIT_TARGET ProjectionChannels.K182.coordinate_lt_quarter
AUDIT_TARGET ProjectionChannels.K182.density_admissible
AUDIT_TARGET ProjectionChannels.K182.dual_bound_neg
AUDIT_TARGET ProjectionChannels.K182.entropy_gap_of_one_high_minimizer
AUDIT_TARGET ProjectionChannels.K182.eventual_gap_of_one_high_minimizer
AUDIT_TARGET ProjectionChannels.K182.first_sqrt_upper
AUDIT_TARGET ProjectionChannels.K182.log_enclosure
AUDIT_TARGET ProjectionChannels.K182.normalizedFeasible_coordinate_le_L
AUDIT_TARGET ProjectionChannels.K182.normalizedFeasible_probability
AUDIT_TARGET ProjectionChannels.K182.normalized_coordinate_le_L
AUDIT_TARGET ProjectionChannels.K182.scalar_upper_bound
AUDIT_TARGET ProjectionChannels.K182.second_sqrt_upper
AUDIT_TARGET ProjectionChannels.K182.sum_pos
AUDIT_TARGET ProjectionChannels.K182SecondVariation.not_constrained_localMin_of_feasible_negative_curvature
AUDIT_TARGET ProjectionChannels.K182SecondVariation.not_localMin_of_second_derivative_neg
AUDIT_TARGET ProjectionChannels.K182ShapeCalculus.denominator_sq_strictMono
AUDIT_TARGET ProjectionChannels.K182ShapeCalculus.denominator_strictMono
AUDIT_TARGET ProjectionChannels.K182ShapeCalculus.negative_second_variation
AUDIT_TARGET ProjectionChannels.K182ShapeCalculus.reduction_hypotheses
AUDIT_TARGET ProjectionChannels.bernoulliCost.eq_1
AUDIT_TARGET ProjectionChannels.bernoulliCostSlope._proof_1
AUDIT_TARGET ProjectionChannels.bernoulliDelta._proof_1
AUDIT_TARGET ProjectionChannels.bernoulliDelta._proof_2
AUDIT_TARGET ProjectionChannels.bernoulliDelta.eq_1
AUDIT_TARGET ProjectionChannels.bernoulliEndpoint.eq_1
AUDIT_TARGET ProjectionChannels.bernoulliK.eq_1
AUDIT_TARGET ProjectionChannels.bernoulliK_strictAntiOn_of_no_critical._proof_1
AUDIT_TARGET ProjectionChannels.bernoulliMeasure._proof_1
AUDIT_TARGET ProjectionChannels.bernoulliMeasure.eq_1
AUDIT_TARGET ProjectionChannels.bernoulliProfile.eq_1
AUDIT_TARGET ProjectionChannels.blockCompression.eq_1
AUDIT_TARGET ProjectionChannels.blockCompression_shift._proof_1
AUDIT_TARGET ProjectionChannels.blockModification_polynomial._proof_3
AUDIT_TARGET ProjectionChannels.cauchyTransform.eq_1
AUDIT_TARGET ProjectionChannels.cauchyTransform_ofReal._proof_2
AUDIT_TARGET ProjectionChannels.cauchyTransform_ofReal._proof_3
AUDIT_TARGET ProjectionChannels.cauchy_agreement_upper_of_real_right._proof_1
AUDIT_TARGET ProjectionChannels.cauchy_agreement_upper_of_real_right._proof_2
AUDIT_TARGET ProjectionChannels.cauchy_no_mass_holomorphic_continuation._proof_1
AUDIT_TARGET ProjectionChannels.choiInput.eq_1
AUDIT_TARGET ProjectionChannels.choiOutput.eq_1
AUDIT_TARGET ProjectionChannels.conjugateMap.eq_1
AUDIT_TARGET ProjectionChannels.diagonalBlock.eq_1
AUDIT_TARGET ProjectionChannels.diagonalTraceLinearMap._proof_1
AUDIT_TARGET ProjectionChannels.diagonalTraceLinearMap._proof_2
AUDIT_TARGET ProjectionChannels.diagonalTraceLinearMap.eq_1
AUDIT_TARGET ProjectionChannels.diagonalTraceMap.eq_1
AUDIT_TARGET ProjectionChannels.entrywiseConjugate.eq_1
AUDIT_TARGET ProjectionChannels.exists_real_holomorphic_local_inverse._proof_1
AUDIT_TARGET ProjectionChannels.exists_real_holomorphic_local_inverse._proof_2
AUDIT_TARGET ProjectionChannels.finiteShannon_oneHigh._proof_1
AUDIT_TARGET ProjectionChannels.hasDerivAt_cauchyTransform_of_separation._proof_1
AUDIT_TARGET ProjectionChannels.isOpen_matrix_rank_ge._proof_1
AUDIT_TARGET ProjectionChannels.isOpen_matrix_rank_ge._proof_2
AUDIT_TARGET ProjectionChannels.isOpen_matrix_rank_ge._proof_3
AUDIT_TARGET ProjectionChannels.isOpen_matrix_rank_ge._proof_4
AUDIT_TARGET ProjectionChannels.largestEigenvalue.eq_1
AUDIT_TARGET ProjectionChannels.largest_le_iff._proof_1
AUDIT_TARGET ProjectionChannels.levelProjection.eq_1
AUDIT_TARGET ProjectionChannels.matrixUnit_block_insertion._proof_3
AUDIT_TARGET ProjectionChannels.measurableSet_matrix_rank_eq._proof_1
AUDIT_TARGET ProjectionChannels.measurableSet_matrix_rank_eq._proof_2
AUDIT_TARGET ProjectionChannels.monotoneOn_bernoulliBudget._proof_1
AUDIT_TARGET ProjectionChannels.oneHighEntropy.eq_1
AUDIT_TARGET ProjectionChannels.oneHighEntropy_eq_qaryEntropy._proof_1
AUDIT_TARGET ProjectionChannels.poissonKernel.eq_1
AUDIT_TARGET ProjectionChannels.realCauchyTransform.eq_1
AUDIT_TARGET ProjectionChannels.realCauchyTransform_strictAntiOn._proof_2
AUDIT_TARGET ProjectionChannels.strictAntiOn_bernoulliK_of_endpoint_le._proof_1
AUDIT_TARGET ProjectionChannels.strictMonoOn_bernoulliBudget._proof_1
AUDIT_TARGET ProjectionChannelsCP.amplify.eq_1
AUDIT_TARGET ProjectionChannelsCP.bellColumn.eq_1
AUDIT_TARGET ProjectionChannelsCP.bell_block._proof_3
AUDIT_TARGET ProjectionChannelsCP.choiChannel._proof_1
AUDIT_TARGET ProjectionChannelsCP.choiChannel._proof_2
AUDIT_TARGET ProjectionChannelsCP.generalizedChoi._proof_3
AUDIT_TARGET ProjectionChannelsCP.generalizedChoi_positive_rescaling._proof_4
AUDIT_TARGET ProjectionChannelsCP.krausOperator.eq_1
AUDIT_TARGET ProjectionChannelsCP.positive_sqrt_real_smul._proof_4
AUDIT_TARGET ProjectionOrbit.exists_matching_eigenvalue_permutation._proof_1
AUDIT_TARGET ProjectionOrbit.permuteColumns._proof_1
AUDIT_TARGET ProjectionStrongConvergence.matrixCStarAlgebra._proof_1
AUDIT_TARGET ProjectionStrongConvergence.matrixCStarAlgebra._proof_2
AUDIT_TARGET ProjectionStrongConvergence.normalizedTrace.eq_1
AUDIT_TARGET _private.K182Numerics.0.ProjectionChannels.K182.log_alpha_scaled_bounds
AUDIT_TARGET _private.K182Numerics.0.ProjectionChannels.K182.log_beta_scaled_bounds
AUDIT_TARGET _private.K182Numerics.0.ProjectionChannels.K182.log_cutoff_scaled_bounds
AUDIT_TARGET _private.K182Numerics.0.ProjectionChannels.K182.log_dimension_scaled_bounds
AUDIT_TARGET _private.K182Numerics.0.ProjectionChannels.K182.log_half_bounds
AUDIT_TARGET _private.K182Numerics.0.ProjectionChannels.K182.log_mul_half_pow
AUDIT_TARGET _private.K182Numerics.0.ProjectionChannels.K182.log_rest_bounds
AUDIT_TARGET ProjectionChannels.K182.L._proof_3
AUDIT_TARGET ProjectionChannels.K182.L._proof_4
AUDIT_TARGET ProjectionChannels.K182.L.eq_1
AUDIT_TARGET ProjectionChannels.K182.bellAlpha.eq_1
AUDIT_TARGET ProjectionChannels.K182.bellBeta.eq_1
AUDIT_TARGET ProjectionChannels.K182.bellMixing._proof_5
AUDIT_TARGET ProjectionChannels.K182.bellMixing.eq_1
AUDIT_TARGET ProjectionChannels.K182.cutoff._proof_1
AUDIT_TARGET ProjectionChannels.K182.cutoff._proof_2
AUDIT_TARGET ProjectionChannels.K182.cutoff.eq_1
AUDIT_TARGET ProjectionChannels.K182.density._proof_3
AUDIT_TARGET ProjectionChannels.K182.density._proof_4
AUDIT_TARGET ProjectionChannels.K182.density.eq_1
AUDIT_TARGET ProjectionChannels.K182.entropyLower._proof_6
AUDIT_TARGET ProjectionChannels.K182.entropyLower.eq_1
AUDIT_TARGET ProjectionChannels.K182.normalizedFeasible._proof_1
AUDIT_TARGET ProjectionChannels.K182.q._proof_7
AUDIT_TARGET ProjectionChannels.K182.q._proof_8
AUDIT_TARGET ProjectionChannels.K182.t._proof_1
AUDIT_TARGET ProjectionChannels.K182.t._proof_2
AUDIT_TARGET ProjectionChannels.K182.t.eq_1
AUDIT_TARGET ProjectionChannels.K182.z._proof_5
AUDIT_TARGET ProjectionChannels.K182.z._proof_6
AUDIT_TARGET ProjectionChannels.K182.z.eq_1
TRANSITIVE AXIOMS: [propext, Classical.choice, Quot.sound]
PROJECT LOGICAL AXIOM DECLARATIONS: []
UNSAFE COMPILER ARTIFACTS (not proof dependencies): [HaarProjection.unitaryTensorIdentity._elambda_1,
 Matrix.kronecker._at.HaarProjection.unitaryTensorIdentity._elambda_1._spec_1,
 Matrix.diagonal._at.HaarProjection.unitaryTensorIdentity._spec_1,
 ProjectionOrbit.permuteColumns._elambda_1]
TOTAL audited theorem declarations: 697
