{
  "status": "pass",
  "precision_decimal_digits": 90,
  "scope": "Finite-grid numerical diagnostics; universal inequality is Lean-proved.",
  "uniform_ratio_lower_bound": "0.81516075185068125082207143427782",
  "cases": [
    {
      "p": "0.000000000001",
      "B": "3.0568528194421506373743727382641e-10",
      "normalized_gap": "0.015160751851240169966499396870433",
      "relative_integral_error": "0.0"
    },
    {
      "p": "0.001",
      "B": "0.30589499747052831739907259578377",
      "normalized_gap": "0.015719993254742179730860255423375",
      "relative_integral_error": "0.0"
    },
    {
      "p": "0.01",
      "B": "3.077933670301350774082198010287",
      "normalized_gap": "0.020782312080360206421919469409865",
      "relative_integral_error": "0.0"
    },
    {
      "p": "0.1",
      "B": "32.791446922975159461833278576954",
      "normalized_gap": "0.074438584612670918982220762052118",
      "relative_integral_error": "1.2272734e-91"
    },
    {
      "p": "0.25",
      "B": "91.666666666666666666666666666667",
      "normalized_gap": "0.17777777777777777777777777777778",
      "relative_integral_error": "1.2272734e-91"
    },
    {
      "p": "0.5",
      "B": "225.0",
      "normalized_gap": "0.4",
      "relative_integral_error": "0.0"
    },
    {
      "p": "0.75",
      "B": "425.0",
      "normalized_gap": "0.71111111111111111111111111111111",
      "relative_integral_error": "3.2486648e-91"
    },
    {
      "p": "0.99999999999999999999",
      "B": "734.0354888959124950521968978877",
      "normalized_gap": "1.1574279703890999868254326740711",
      "relative_integral_error": "4.3119346e-72"
    },
    {
      "p": "1.0",
      "B": "734.03548889591249506757139433308",
      "normalized_gap": "1.1574279703890999868468570515549",
      "relative_integral_error": "0.0"
    },
    {
      "p": "1.00000000000000000001",
      "B": "734.03548889591249508294589077846",
      "normalized_gap": "1.1574279703890999868682814290387",
      "relative_integral_error": "9.1583124e-73"
    },
    {
      "p": "1.5",
      "B": "2025.0",
      "normalized_gap": "2.8",
      "relative_integral_error": "4.0909112e-91"
    },
    {
      "p": "2.0",
      "B": "5625.0",
      "normalized_gap": "6.7",
      "relative_integral_error": "1.3090916e-91"
    },
    {
      "p": "4.0",
      "B": "545625.0",
      "normalized_gap": "362.95",
      "relative_integral_error": "1.7274611e-91"
    },
    {
      "p": "8.0",
      "B": "15339168482.142857142857142857143",
      "normalized_gap": "5113055.3607142857142857142857143",
      "relative_integral_error": "4.0269908e-91"
    },
    {
      "p": "20.0",
      "B": "1590691867913985756191940.7894737",
      "normalized_gap": "212092249055198100824.79210526316",
      "relative_integral_error": "2.7326009e-90"
    }
  ]
}
