PreliminariesChoi.lean:33:0: warning: automatically included section variable(s) unused in theorem 'ProjectionChannels.choi_conventions':
  [Fintype A]
  [Fintype B]
consider restructuring your `variable` declarations so that the variables are not in scope or explicitly omit them:
  omit [Fintype A] [Fintype B] in theorem ...
note: this linter can be disabled with `set_option linter.unusedSectionVars false`
PreliminariesChoi.lean:45:0: warning: automatically included section variable(s) unused in theorem 'ProjectionChannels.choi_reconstructs_linearMap':
  [Fintype B]
consider restructuring your `variable` declarations so that the variables are not in scope or explicitly omit them:
  omit [Fintype B] in theorem ...
note: this linter can be disabled with `set_option linter.unusedSectionVars false`
PreliminariesChoi.lean:64:0: warning: automatically included section variable(s) unused in theorem 'ProjectionChannels.conjugate_matrixUnit':
  [Fintype A]
consider restructuring your `variable` declarations so that the variables are not in scope or explicitly omit them:
  omit [Fintype A] in theorem ...
note: this linter can be disabled with `set_option linter.unusedSectionVars false`
PreliminariesChoi.lean:70:0: warning: automatically included section variable(s) unused in theorem 'ProjectionChannels.conjugateMap_choi':
  [Fintype B]
consider restructuring your `variable` declarations so that the variables are not in scope or explicitly omit them:
  omit [Fintype B] in theorem ...
note: this linter can be disabled with `set_option linter.unusedSectionVars false`
PreliminariesChoi.lean:97:0: warning: automatically included section variable(s) unused in theorem 'ProjectionChannels.diagonalTraceMap_choiInput':
  [Fintype B]
consider restructuring your `variable` declarations so that the variables are not in scope or explicitly omit them:
  omit [Fintype B] in theorem ...
note: this linter can be disabled with `set_option linter.unusedSectionVars false`
PreliminariesChoi.lean:108:0: warning: automatically included section variable(s) unused in theorem 'ProjectionChannels.diagonalTraceMap_choiOutput':
  [Fintype B]
consider restructuring your `variable` declarations so that the variables are not in scope or explicitly omit them:
  omit [Fintype B] in theorem ...
note: this linter can be disabled with `set_option linter.unusedSectionVars false`
PreliminariesChoi.lean:119:0: warning: automatically included section variable(s) unused in theorem 'ProjectionChannels.outputFirst_partialTrace':
  [Fintype B]
consider restructuring your `variable` declarations so that the variables are not in scope or explicitly omit them:
  omit [Fintype B] in theorem ...
note: this linter can be disabled with `set_option linter.unusedSectionVars false`
PreliminariesChoi.lean:141:0: warning: automatically included section variable(s) unused in theorem 'ProjectionChannels.levelProjection_isHermitian':
  [Fintype A]
consider restructuring your `variable` declarations so that the variables are not in scope or explicitly omit them:
  omit [Fintype A] in theorem ...
note: this linter can be disabled with `set_option linter.unusedSectionVars false`
