RevisionK182Curve.lean:21:8: warning: automatically included section variable(s) unused in theorem 'ProjectionChannels.RevisionK182.parabola_zero':
  [Fintype ι]
  [DecidableEq ι]
consider restructuring your `variable` declarations so that the variables are not in scope or explicitly omit them:
  omit [Fintype ι] [DecidableEq ι] in theorem ...
note: this linter can be disabled with `set_option linter.unusedSectionVars false`
RevisionK182Curve.lean:25:8: warning: automatically included section variable(s) unused in theorem 'ProjectionChannels.RevisionK182.parabolaSlope_zero':
  [Fintype ι]
  [DecidableEq ι]
consider restructuring your `variable` declarations so that the variables are not in scope or explicitly omit them:
  omit [Fintype ι] [DecidableEq ι] in theorem ...
note: this linter can be disabled with `set_option linter.unusedSectionVars false`
RevisionK182Curve.lean:29:0: warning: automatically included section variable(s) unused in theorem 'ProjectionChannels.RevisionK182.hasDerivAt_parabola':
  [Fintype ι]
  [DecidableEq ι]
consider restructuring your `variable` declarations so that the variables are not in scope or explicitly omit them:
  omit [Fintype ι] [DecidableEq ι] in theorem ...
note: this linter can be disabled with `set_option linter.unusedSectionVars false`
RevisionK182Curve.lean:33:38: warning: this tactic is never executed
note: this linter can be disabled with `set_option linter.unreachableTactic false`
RevisionK182Curve.lean:33:38: warning: 'ring' tactic does nothing
note: this linter can be disabled with `set_option linter.unusedTactic false`
RevisionK182Curve.lean:32:56: warning: Used `tac1 <;> tac2` where `(tac1; tac2)` would suffice
note: this linter can be disabled with `set_option linter.unnecessarySeqFocus false`
RevisionK182Curve.lean:35:0: warning: automatically included section variable(s) unused in theorem 'ProjectionChannels.RevisionK182.hasDerivAt_parabolaSlope':
  [Fintype ι]
  [DecidableEq ι]
consider restructuring your `variable` declarations so that the variables are not in scope or explicitly omit them:
  omit [Fintype ι] [DecidableEq ι] in theorem ...
note: this linter can be disabled with `set_option linter.unusedSectionVars false`
RevisionK182Curve.lean:37:84: warning: Used `tac1 <;> tac2` where `(tac1; tac2)` would suffice
note: this linter can be disabled with `set_option linter.unnecessarySeqFocus false`
RevisionK182Curve.lean:75:21: warning: Used `tac1 <;> tac2` where `(tac1; tac2)` would suffice
note: this linter can be disabled with `set_option linter.unnecessarySeqFocus false`
RevisionK182Curve.lean:75:104: warning: Used `tac1 <;> tac2` where `(tac1; tac2)` would suffice
note: this linter can be disabled with `set_option linter.unnecessarySeqFocus false`
RevisionK182Curve.lean:88:21: warning: Used `tac1 <;> tac2` where `(tac1; tac2)` would suffice
note: this linter can be disabled with `set_option linter.unnecessarySeqFocus false`
RevisionK182Curve.lean:88:70: warning: Used `tac1 <;> tac2` where `(tac1; tac2)` would suffice
note: this linter can be disabled with `set_option linter.unnecessarySeqFocus false`
RevisionK182Curve.lean:116:6: warning: this tactic is never executed
note: this linter can be disabled with `set_option linter.unreachableTactic false`
RevisionK182Curve.lean:116:6: warning: 'ring' tactic does nothing
note: this linter can be disabled with `set_option linter.unusedTactic false`
