RevisionBellPolarization.lean:15:0: warning: automatically included section variable(s) unused in theorem 'RevisionBell.bilinear_polarization':
  [StarAddMonoid V]
  [StarModule ℂ V]
consider restructuring your `variable` declarations so that the variables are not in scope or explicitly omit them:
  omit [StarAddMonoid V] [StarModule ℂ V] in theorem ...
note: this linter can be disabled with `set_option linter.unusedSectionVars false`
RevisionBellPolarization.lean:69:8: warning: automatically included section variable(s) unused in theorem 'RevisionBell.normalizedTraceForm_apply':
  [Fintype B]
consider restructuring your `variable` declarations so that the variables are not in scope or explicitly omit them:
  omit [Fintype B] in theorem ...
note: this linter can be disabled with `set_option linter.unusedSectionVars false`
RevisionBellPolarization.lean:74:0: warning: automatically included section variable(s) unused in theorem 'RevisionBell.normalizedTraceForm_symmetric':
  [Fintype B]
consider restructuring your `variable` declarations so that the variables are not in scope or explicitly omit them:
  omit [Fintype B] in theorem ...
note: this linter can be disabled with `set_option linter.unusedSectionVars false`
RevisionBellPolarization.lean:126:0: warning: automatically included section variable(s) unused in theorem 'RevisionBell.choiAdjoint_matrixUnit':
  [Fintype A]
consider restructuring your `variable` declarations so that the variables are not in scope or explicitly omit them:
  omit [Fintype A] in theorem ...
note: this linter can be disabled with `set_option linter.unusedSectionVars false`
