RevisionBellNormalizedChoi.lean:17:0: warning: automatically included section variable(s) unused in theorem 'RevisionBell.normalizedChoi_block':
  [DecidableEq A]
  [Nonempty A]
  [Nonempty B]
consider restructuring your `variable` declarations so that the variables are not in scope or explicitly omit them:
  omit [DecidableEq A] [Nonempty A] [Nonempty B] in theorem ...
note: this linter can be disabled with `set_option linter.unusedSectionVars false`
RevisionBellNormalizedChoi.lean:26:0: warning: automatically included section variable(s) unused in theorem 'RevisionBell.choiAdjoint_eq_contraction':
  [Nonempty B]
consider restructuring your `variable` declarations so that the variables are not in scope or explicitly omit them:
  omit [Nonempty B] in theorem ...
note: this linter can be disabled with `set_option linter.unusedSectionVars false`
RevisionBellNormalizedChoi.lean:31:0: warning: automatically included section variable(s) unused in theorem 'RevisionBell.contraction_eq_block_sum':
  [Nonempty B]
consider restructuring your `variable` declarations so that the variables are not in scope or explicitly omit them:
  omit [Nonempty B] in theorem ...
note: this linter can be disabled with `set_option linter.unusedSectionVars false`
RevisionBellNormalizedChoi.lean:64:0: warning: automatically included section variable(s) unused in theorem 'RevisionBell.normalizedChoi_posSemidef':
  [Nonempty A]
  [Nonempty B]
consider restructuring your `variable` declarations so that the variables are not in scope or explicitly omit them:
  omit [Nonempty A] [Nonempty B] in theorem ...
note: this linter can be disabled with `set_option linter.unusedSectionVars false`
