StrongConvergenceTensorComplexification.lean:25:0: warning: automatically included section variable(s) unused in theorem 'ProjectionChannels.TensorHaar.eval_tensorPowerPolynomial':
  [Fintype E]
  [DecidableEq E]
consider restructuring your `variable` declarations so that the variables are not in scope or explicitly omit them:
  omit [Fintype E] [DecidableEq E] in theorem ...
note: this linter can be disabled with `set_option linter.unusedSectionVars false`
StrongConvergenceTensorComplexification.lean:57:0: warning: automatically included section variable(s) unused in theorem 'ProjectionChannels.TensorHaar.hermitianRealPart_isHermitian':
  [Fintype E]
  [DecidableEq E]
consider restructuring your `variable` declarations so that the variables are not in scope or explicitly omit them:
  omit [Fintype E] [DecidableEq E] in theorem ...
note: this linter can be disabled with `set_option linter.unusedSectionVars false`
StrongConvergenceTensorComplexification.lean:62:0: warning: automatically included section variable(s) unused in theorem 'ProjectionChannels.TensorHaar.hermitianImagPart_isHermitian':
  [Fintype E]
  [DecidableEq E]
consider restructuring your `variable` declarations so that the variables are not in scope or explicitly omit them:
  omit [Fintype E] [DecidableEq E] in theorem ...
note: this linter can be disabled with `set_option linter.unusedSectionVars false`
StrongConvergenceTensorComplexification.lean:69:0: warning: automatically included section variable(s) unused in theorem 'ProjectionChannels.TensorHaar.realPart_add_I_imagPart':
  [Fintype E]
  [DecidableEq E]
consider restructuring your `variable` declarations so that the variables are not in scope or explicitly omit them:
  omit [Fintype E] [DecidableEq E] in theorem ...
note: this linter can be disabled with `set_option linter.unusedSectionVars false`
'ProjectionChannels.TensorHaar.commutes_tensorPower_of_unitary' depends on axioms: [propext,
 Classical.choice,
 Quot.sound]
