'StrongConvergenceMoments.integrable_of_continuousOn_of_ae_mem_Icc' depends on axioms: [propext,
 Classical.choice,
 Quot.sound]
'StrongConvergenceMoments.integral_polynomial_eq_moments' depends on axioms: [propext, Classical.choice, Quot.sound]
'StrongConvergenceMoments.polynomial_integral_tendsto_of_moments' depends on axioms: [propext,
 Classical.choice,
 Quot.sound]
'StrongConvergenceMoments.integral_difference_le_of_uniform_Icc' depends on axioms: [propext,
 Classical.choice,
 Quot.sound]
'StrongConvergenceMoments.continuous_integral_tendsto_of_moments' depends on axioms: [propext,
 Classical.choice,
 Quot.sound]
'StrongConvergenceMoments.bounded_continuous_integral_tendsto_of_moments' depends on axioms: [propext,
 Classical.choice,
 Quot.sound]
'StrongConvergenceMoments.empiricalMeasure_isProbability' depends on axioms: [propext, Classical.choice, Quot.sound]
'StrongConvergenceMoments.integral_empiricalMeasure' depends on axioms: [propext, Classical.choice, Quot.sound]
'StrongConvergenceMoments.empiricalMeasure_ae_mem_Icc' depends on axioms: [propext, Classical.choice, Quot.sound]
'StrongConvergenceMoments.empirical_integral_tendsto_of_moments' depends on axioms: [propext,
 Classical.choice,
 Quot.sound]
'StrongConvergenceMoments.trace_power_eq_sum_eigenvalues' depends on axioms: [propext, Classical.choice, Quot.sound]
'StrongConvergenceMoments.empiricalSpectralMeasure_moment' depends on axioms: [propext, Classical.choice, Quot.sound]
'StrongConvergenceMoments.empiricalSpectralMeasure_ae_mem_of_norm_le' depends on axioms: [propext,
 Classical.choice,
 Quot.sound]
'StrongConvergenceMoments.matrix_spectral_tests_tendsto_of_trace_moments' depends on axioms: [propext,
 Classical.choice,
 Quot.sound]
'StrongConvergenceMoments.ae_matrix_spectral_tests_of_ae_trace_moments' depends on axioms: [propext,
 Classical.choice,
 Quot.sound]
'StrongConvergence.normLowerTest_integral_pos' depends on axioms: [propext, Classical.choice, Quot.sound]
'StrongConvergence.eventually_lt_norm_of_support' depends on axioms: [propext, Classical.choice, Quot.sound]
'StrongConvergence.eventually_lt_norm_of_lt_supportNorm' depends on axioms: [propext, Classical.choice, Quot.sound]
'StrongConvergence.supportNorm_le_liminf_norm' depends on axioms: [propext, Classical.choice, Quot.sound]
'StrongConvergence.ae_norm_and_spectral_tests_of_moments' depends on axioms: [propext, Classical.choice, Quot.sound]
