lean/Antisymmetric/RevisionPostprocessingTransport.lean:18:0: warning: automatically included section variable(s) unused in theorem 'RevisionMain.completelyPositive_comp':
  [DecidableEq A]
  [DecidableEq B]
  [DecidableEq C]
consider restructuring your `variable` declarations so that the variables are not in scope or explicitly omit them:
  omit [DecidableEq A] [DecidableEq B] [DecidableEq C] in theorem ...
note: this linter can be disabled with `set_option linter.unusedSectionVars false`
lean/Antisymmetric/RevisionPostprocessingTransport.lean:26:0: warning: automatically included section variable(s) unused in theorem 'RevisionMain.tracePreserving_comp':
  [DecidableEq A]
  [DecidableEq B]
  [DecidableEq C]
consider restructuring your `variable` declarations so that the variables are not in scope or explicitly omit them:
  omit [DecidableEq A] [DecidableEq B] [DecidableEq C] in theorem ...
note: this linter can be disabled with `set_option linter.unusedSectionVars false`
lean/Antisymmetric/RevisionPostprocessingTransport.lean:42:0: warning: automatically included section variable(s) unused in theorem 'RevisionMain.completelyPositive_posSemidef':
  [DecidableEq A]
  [DecidableEq B]
consider restructuring your `variable` declarations so that the variables are not in scope or explicitly omit them:
  omit [DecidableEq A] [DecidableEq B] in theorem ...
note: this linter can be disabled with `set_option linter.unusedSectionVars false`
