'RevisionBell.bernoulli_law_logPotential_identity' depends on axioms: [propext, Classical.choice, Quot.sound]
'RevisionBell.bernoulli_logPotential_hessian' depends on axioms: [propext, Classical.choice, Quot.sound]
'RevisionBell.matrixLogPotential_central_remainder' depends on axioms: [propext, Classical.choice, Quot.sound]
'RevisionBell.ae_rotated_logPotential_tendsto' depends on axioms: [propext, Classical.choice, Quot.sound]
'RevisionBell.ae_normalized_square_moment_limit' depends on axioms: [propext, Classical.choice, Quot.sound]
'RevisionBell.ae_normalized_choi_mixed_moments' depends on axioms: [propext, Classical.choice, Quot.sound]
'RevisionBell.normalized_choi_mixed_moment_limit' depends on axioms: [propext, Classical.choice, Quot.sound]
'RevisionBell.bell_output_limit' depends on axioms: [propext, Classical.choice, Quot.sound]
'RevisionBell.asymptotic_choi_purity' depends on axioms: [propext, Classical.choice, Quot.sound]
RevisionBell.bell_output_limit.{u_1} {Ω : Type u_1} [MeasurableSpace Ω] (μ : MeasureTheory.Measure Ω) {k : ℕ} [NeZero k]
  {t : ℝ} (hk : 0 < k) (ht0 : 0 < t) (ht1 : t < 1) (hkt : 1 < ↑k ^ 2 * t)
  (P : Ω → (n : ℕ) → Matrix (Fin (n + 1) × Fin k) (Fin (n + 1) × Fin k) ℂ) (hH : ∀ (ω : Ω) (n : ℕ), (P ω n).IsHermitian)
  (hId : ∀ (ω : Ω) (n : ℕ), P ω n * P ω n = P ω n)
  (hFull : ProjectionChannels.FullBlockModifiedStrongInput μ k t P hH) :
  let D := fun ω n => RevisionOutput.marginalNormalizer (P ω n) ⋯;
  ∀ᵐ (ω : Ω) ∂μ,
    Filter.Tendsto
      (fun n =>
        ‖RevisionBell.tensorMap (RevisionOutput.normalizedOutput (P ω n) (D ω n))
              (ProjectionChannels.conjugateMap (RevisionOutput.normalizedOutput (P ω n) (D ω n)))
              (RevisionBell.bellState (Fin (n + 1))) -
            RevisionBell.isotropic (Fin k) (BellLimitVerification.mixing (↑k) t)‖)
      Filter.atTop (nhds 0)
RevisionBell.asymptotic_choi_purity.{u_1} {Ω : Type u_1} [MeasurableSpace Ω] (μ : MeasureTheory.Measure Ω) {k : ℕ}
  [NeZero k] {t : ℝ} (hk : 0 < k) (ht0 : 0 < t) (ht1 : t < 1) (hkt : 1 < ↑k ^ 2 * t)
  (P : Ω → (n : ℕ) → Matrix (Fin (n + 1) × Fin k) (Fin (n + 1) × Fin k) ℂ) (hH : ∀ (ω : Ω) (n : ℕ), (P ω n).IsHermitian)
  (hId : ∀ (ω : Ω) (n : ℕ), P ω n * P ω n = P ω n)
  (hFull : ProjectionChannels.FullBlockModifiedStrongInput μ k t P hH) :
  let D := fun ω n => RevisionOutput.marginalNormalizer (P ω n) ⋯;
  ∀ᵐ (ω : Ω) ∂μ,
    Filter.Tendsto
      (fun n =>
        (RevisionBell.normalizedChoi (P ω n) (D ω n) * RevisionBell.normalizedChoi (P ω n) (D ω n)).trace /
          (↑(n + 1) * ↑k))
      Filter.atTop (nhds ↑(BellLimitVerification.bellAlpha (↑k) t))
