lean/Dimension182/RevisionK182Multiplier.lean:26:8: warning: automatically included section variable(s) unused in theorem 'ProjectionChannels.RevisionK182.weightedSum_apply':
  [DecidableEq ι]
consider restructuring your `variable` declarations so that the variables are not in scope or explicitly omit them:
  omit [DecidableEq ι] in theorem ...
note: this linter can be disabled with `set_option linter.unusedSectionVars false`
lean/Dimension182/RevisionK182Multiplier.lean:75:0: warning: automatically included section variable(s) unused in theorem 'ProjectionChannels.RevisionK182.hasStrictFDerivAt_mass':
  [DecidableEq ι]
consider restructuring your `variable` declarations so that the variables are not in scope or explicitly omit them:
  omit [DecidableEq ι] in theorem ...
note: this linter can be disabled with `set_option linter.unusedSectionVars false`
lean/Dimension182/RevisionK182Multiplier.lean:82:0: warning: automatically included section variable(s) unused in theorem 'ProjectionChannels.RevisionK182.hasStrictFDerivAt_logMoment':
  [DecidableEq ι]
consider restructuring your `variable` declarations so that the variables are not in scope or explicitly omit them:
  omit [DecidableEq ι] in theorem ...
note: this linter can be disabled with `set_option linter.unusedSectionVars false`
lean/Dimension182/RevisionK182Multiplier.lean:95:0: warning: automatically included section variable(s) unused in theorem 'ProjectionChannels.RevisionK182.hasStrictFDerivAt_costSum':
  [DecidableEq ι]
consider restructuring your `variable` declarations so that the variables are not in scope or explicitly omit them:
  omit [DecidableEq ι] in theorem ...
note: this linter can be disabled with `set_option linter.unusedSectionVars false`
lean/Dimension182/RevisionK182Multiplier.lean:178:0: warning: automatically included section variable(s) unused in theorem 'ProjectionChannels.RevisionK182.sublevel_minimum_is_level_minimum':
  [DecidableEq ι]
consider restructuring your `variable` declarations so that the variables are not in scope or explicitly omit them:
  omit [DecidableEq ι] in theorem ...
note: this linter can be disabled with `set_option linter.unusedSectionVars false`
'ProjectionChannels.RevisionK182.hasStrictDerivAt_cost' depends on axioms: [propext, Classical.choice, Quot.sound]
'ProjectionChannels.RevisionK182.hasStrictFDerivAt_normalizedEntropy' depends on axioms: [propext,
 Classical.choice,
 Quot.sound]
'ProjectionChannels.RevisionK182.level_minimum_stationary' depends on axioms: [propext, Classical.choice, Quot.sound]
'ProjectionChannels.RevisionK182.normalizedEntropy_eq_shannon' depends on axioms: [propext,
 Classical.choice,
 Quot.sound]
'ProjectionChannels.RevisionK182.sublevel_minimum_is_level_minimum' depends on axioms: [propext,
 Classical.choice,
 Quot.sound]
'ProjectionChannels.RevisionK182.interior_minimum_two_values' depends on axioms: [propext, Classical.choice, Quot.sound]
