lean/OutputStates/RevisionOutputUnitary.lean:19:0: warning: automatically included section variable(s) unused in theorem 'RevisionOutput.traceB_local_cyclic':
  [DecidableEq B]
  [Nonempty A]
consider restructuring your `variable` declarations so that the variables are not in scope or explicitly omit them:
  omit [DecidableEq B] [Nonempty A] in theorem ...
note: this linter can be disabled with `set_option linter.unusedSectionVars false`
lean/OutputStates/RevisionOutputUnitary.lean:34:0: warning: automatically included section variable(s) unused in theorem 'RevisionOutput.local_kronecker_mul':
  [DecidableEq B]
  [Nonempty A]
consider restructuring your `variable` declarations so that the variables are not in scope or explicitly omit them:
  omit [DecidableEq B] [Nonempty A] in theorem ...
note: this linter can be disabled with `set_option linter.unusedSectionVars false`
lean/OutputStates/RevisionOutputUnitary.lean:61:0: warning: automatically included section variable(s) unused in theorem 'RevisionOutput.localConjugate_isHermitian':
  [DecidableEq B]
  [Nonempty A]
consider restructuring your `variable` declarations so that the variables are not in scope or explicitly omit them:
  omit [DecidableEq B] [Nonempty A] in theorem ...
note: this linter can be disabled with `set_option linter.unusedSectionVars false`
lean/OutputStates/RevisionOutputUnitary.lean:85:0: warning: automatically included section variable(s) unused in theorem 'RevisionOutput.local_kronecker_conjTranspose':
  [Fintype A]
  [Fintype B]
  [DecidableEq B]
  [Nonempty A]
consider restructuring your `variable` declarations so that the variables are not in scope or explicitly omit them:
  omit [Fintype A] [Fintype B] [DecidableEq B] [Nonempty A] in theorem ...
note: this linter can be disabled with `set_option linter.unusedSectionVars false`
