lean/Preliminaries/CompletePositivity.lean:46:0: warning: automatically included section variable(s) unused in theorem 'ProjectionChannelsCP.bell_block':
  [Fintype A]
consider restructuring your `variable` declarations so that the variables are not in scope or explicitly omit them:
  omit [Fintype A] in theorem ...
note: this linter can be disabled with `set_option linter.unusedSectionVars false`
lean/Preliminaries/CompletePositivity.lean:55:0: warning: automatically included section variable(s) unused in theorem 'ProjectionChannelsCP.amplify_bell':
  [Fintype B]
consider restructuring your `variable` declarations so that the variables are not in scope or explicitly omit them:
  omit [Fintype B] in theorem ...
note: this linter can be disabled with `set_option linter.unusedSectionVars false`
lean/Preliminaries/CompletePositivity.lean:84:0: warning: automatically included section variable(s) unused in theorem 'ProjectionChannelsCP.channel_gram_kraus':
  [Fintype B]
consider restructuring your `variable` declarations so that the variables are not in scope or explicitly omit them:
  omit [Fintype B] in theorem ...
note: this linter can be disabled with `set_option linter.unusedSectionVars false`
lean/Preliminaries/CompletePositivity.lean:105:0: warning: automatically included section variable(s) unused in theorem 'ProjectionChannelsCP.amplified_kraus_term':
  [Fintype B]
consider restructuring your `variable` declarations so that the variables are not in scope or explicitly omit them:
  omit [Fintype B] in theorem ...
note: this linter can be disabled with `set_option linter.unusedSectionVars false`
lean/Preliminaries/CompletePositivity.lean:176:0: warning: automatically included section variable(s) unused in theorem 'ProjectionChannelsCP.choiInput_choiChannel':
  [Fintype B]
consider restructuring your `variable` declarations so that the variables are not in scope or explicitly omit them:
  omit [Fintype B] in theorem ...
note: this linter can be disabled with `set_option linter.unusedSectionVars false`
lean/Preliminaries/CompletePositivity.lean:219:0: warning: automatically included section variable(s) unused in theorem 'ProjectionChannelsCP.traceB_smul':
  [Fintype A]
consider restructuring your `variable` declarations so that the variables are not in scope or explicitly omit them:
  omit [Fintype A] in theorem ...
note: this linter can be disabled with `set_option linter.unusedSectionVars false`
