RevisionMatrixEntropyConjugate.lean:11:0: warning: automatically included section variable(s) unused in theorem 'RevisionMatrixEntropy.entrywiseConjugate_mul':
  [DecidableEq A]
consider restructuring your `variable` declarations so that the variables are not in scope or explicitly omit them:
  omit [DecidableEq A] in theorem ...
note: this linter can be disabled with `set_option linter.unusedSectionVars false`
RevisionMatrixEntropyConjugate.lean:16:0: warning: automatically included section variable(s) unused in theorem 'RevisionMatrixEntropy.entrywiseConjugate_star':
  [Fintype A]
  [DecidableEq A]
consider restructuring your `variable` declarations so that the variables are not in scope or explicitly omit them:
  omit [Fintype A] [DecidableEq A] in theorem ...
note: this linter can be disabled with `set_option linter.unusedSectionVars false`
RevisionMatrixEntropyConjugate.lean:21:8: warning: automatically included section variable(s) unused in theorem 'RevisionMatrixEntropy.entrywiseConjugate_one':
  [Fintype A]
consider restructuring your `variable` declarations so that the variables are not in scope or explicitly omit them:
  omit [Fintype A] in theorem ...
note: this linter can be disabled with `set_option linter.unusedSectionVars false`
RevisionMatrixEntropyConjugate.lean:25:8: warning: automatically included section variable(s) unused in theorem 'RevisionMatrixEntropy.entrywiseConjugate_involutive':
  [Fintype A]
  [DecidableEq A]
  [Fintype B]
  [DecidableEq B]
consider restructuring your `variable` declarations so that the variables are not in scope or explicitly omit them:
  omit [Fintype A] [DecidableEq A] [Fintype B] [DecidableEq B] in theorem ...
note: this linter can be disabled with `set_option linter.unusedSectionVars false`
