'AntisymmetricVerification.signC_mul_self' depends on axioms: [propext, Classical.choice, Quot.sound]
'AntisymmetricVerification.signC_mul' depends on axioms: [propext, Classical.choice, Quot.sound]
'AntisymmetricVerification.slater_expansion' depends on axioms: [propext, Classical.choice, Quot.sound]
'AntisymmetricVerification.slater_alternating' depends on axioms: [propext, Classical.choice, Quot.sound]
'AntisymmetricVerification.antisymmetrize_of_alternating' depends on axioms: [propext, Classical.choice, Quot.sound]
'AntisymmetricVerification.antisymmetrize_slater' depends on axioms: [propext, Classical.choice, Quot.sound]
'AntisymmetricVerification.pureTensor_update' depends on axioms: [propext, Classical.choice, Quot.sound]
'AntisymmetricVerification.oneLeg_pureTensor' depends on axioms: [propext, Classical.choice, Quot.sound]
'AntisymmetricVerification.allLegs_pureTensor' depends on axioms: [propext, Classical.choice, Quot.sound]
'AntisymmetricVerification.allLegs_sum_smul' depends on axioms: [propext, Classical.choice, Quot.sound]
'AntisymmetricVerification.allLegs_slater' depends on axioms: [propext, Classical.choice, Quot.sound]
'AntisymmetricVerification.antisymmetrize_smul' depends on axioms: [propext, Classical.choice, Quot.sound]
'AntisymmetricVerification.permute_oneLeg' depends on axioms: [propext, Classical.choice, Quot.sound]
'AntisymmetricVerification.oneLeg_smul' depends on axioms: [propext, Classical.choice, Quot.sound]
'AntisymmetricVerification.antisymmetrize_oneLeg_formula' depends on axioms: [propext, Classical.choice, Quot.sound]
'AntisymmetricVerification.antisymmetrize_oneLeg_eq' depends on axioms: [propext, Classical.choice, Quot.sound]
'AntisymmetricVerification.antisymmetrize_allLegs' depends on axioms: [propext, Classical.choice, Quot.sound]
'AntisymmetricVerification.compressed_oneLeg_slater' depends on axioms: [propext, Classical.choice, Quot.sound]
'AntisymmetricVerification.channel_normalization' depends on axioms: [propext, Classical.choice, Quot.sound]
'AntisymmetricVerification.postprocess_slater_eigenvector' depends on axioms: [propext, Classical.choice, Quot.sound]
'AntisymmetricVerification.postprocess_smul' depends on axioms: [propext, Classical.choice, Quot.sound]
'AntisymmetricVerification.postprocess_normalized_slater' depends on axioms: [propext, Classical.choice, Quot.sound]
'AntisymmetricVerification.antisymmetrize_alternating' depends on axioms: [propext, Classical.choice, Quot.sound]
'AntisymmetricVerification.antisymmetrize_idempotent' depends on axioms: [propext, Classical.choice, Quot.sound]
'AntisymmetricVerification.postprocess_independent_leg' depends on axioms: [propext, Classical.choice, Quot.sound]
'AntisymmetricVerification.sum_subset_enumeration' depends on axioms: [propext, Classical.choice, Quot.sound]
'AntisymmetricVerification.subset_shuffling_eigenvector' depends on axioms: [propext, Classical.choice, Quot.sound]
'AntisymmetricVerification.subsetEnum_injective' depends on axioms: [propext, Quot.sound]
'AntisymmetricVerification.subsetEnum_mem' depends on axioms: [propext, Quot.sound]
'AntisymmetricVerification.standardSlater_self' depends on axioms: [propext, Classical.choice, Quot.sound]
'AntisymmetricVerification.standardSlater_ne_zero' depends on axioms: [propext, Classical.choice, Quot.sound]
'AntisymmetricVerification.standardSlater_of_missing' depends on axioms: [propext, Classical.choice, Quot.sound]
'AntisymmetricVerification.standardSlater_other' depends on axioms: [propext, Classical.choice, Quot.sound]
'AntisymmetricVerification.standardSlater_evaluation' depends on axioms: [propext, Classical.choice, Quot.sound]
'AntisymmetricVerification.standardSlater_linearIndependent' depends on axioms: [propext, Classical.choice, Quot.sound]
'AntisymmetricVerification.alternating_zero_of_not_injective' depends on axioms: [propext, Classical.choice, Quot.sound]
'AntisymmetricVerification.standardSlater_zero_of_not_injective' depends on axioms: [propext,
 Classical.choice,
 Quot.sound]
'AntisymmetricVerification.tensorIndex_eq_enum_perm' depends on axioms: [propext, Classical.choice, Quot.sound]
'AntisymmetricVerification.alternating_slater_expansion' depends on axioms: [propext, Classical.choice, Quot.sound]
'AntisymmetricVerification.tensorMatrix_mul' depends on axioms: [propext, Classical.choice, Quot.sound]
'AntisymmetricVerification.tensorMatrix_one' depends on axioms: [propext, Classical.choice, Quot.sound]
'AntisymmetricVerification.tensorMatrix_pureTensor' depends on axioms: [propext, Classical.choice, Quot.sound]
'AntisymmetricVerification.mulVec_fintype_sum' depends on axioms: [propext, Classical.choice, Quot.sound]
'AntisymmetricVerification.slater_expansion_vector' depends on axioms: [propext, Classical.choice, Quot.sound]
'AntisymmetricVerification.tensorMatrix_slater' depends on axioms: [propext, Classical.choice, Quot.sound]
'AntisymmetricVerification.standardVector_eq_single' depends on axioms: [propext, Classical.choice, Quot.sound]
'AntisymmetricVerification.tensorMatrix_standardSlater' depends on axioms: [propext, Classical.choice, Quot.sound]
'AntisymmetricVerification.alternating_sum_smul' depends on axioms: [propext, Classical.choice, Quot.sound]
'AntisymmetricVerification.alternating_expansion_vector' depends on axioms: [propext, Classical.choice, Quot.sound]
'AntisymmetricVerification.tensorMatrix_preserves_alternating' depends on axioms: [propext,
 Classical.choice,
 Quot.sound]
'AntisymmetricVerification.transformedSlater_expansion' depends on axioms: [propext, Classical.choice, Quot.sound]
'AntisymmetricVerification.tensorMatrix_mulVec_injective' depends on axioms: [propext, Classical.choice, Quot.sound]
'AntisymmetricVerification.transformedSlater_linearIndependent' depends on axioms: [propext,
 Classical.choice,
 Quot.sound]
'AntisymmetricVerification.eigenSlater_alternating' depends on axioms: [propext, Classical.choice, Quot.sound]
'AntisymmetricVerification.eigenSlater_linearIndependent' depends on axioms: [propext, Classical.choice, Quot.sound]
'AntisymmetricVerification.eigenSlater_span' depends on axioms: [propext, Classical.choice, Quot.sound]
'AntisymmetricVerification.postprocess_eigenSlater' depends on axioms: [propext, Classical.choice, Quot.sound]
'AntisymmetricVerification.eigenSlaterInSpace_linearIndependent' depends on axioms: [propext,
 Classical.choice,
 Quot.sound]
'AntisymmetricVerification.eigenSlaterInSpace_spans' depends on axioms: [propext, Classical.choice, Quot.sound]
'AntisymmetricVerification.eigenSlaterBasis_apply' depends on axioms: [propext, Classical.choice, Quot.sound]
'AntisymmetricVerification.shuffling_eigenbasis' depends on axioms: [propext, Classical.choice, Quot.sound]
'AntisymmetricVerification.card_subsetIndex' depends on axioms: [propext, Classical.choice, Quot.sound]
'AntisymmetricVerification.finrank_alternatingSpace' depends on axioms: [propext, Classical.choice, Quot.sound]
'AntisymmetricVerification.antisymmetrize_add' depends on axioms: [propext, Classical.choice, Quot.sound]
'AntisymmetricVerification.oneLeg_add' depends on axioms: [propext, Classical.choice, Quot.sound]
'AntisymmetricVerification.postprocess_add' depends on axioms: [propext, Classical.choice, Quot.sound]
'AntisymmetricVerification.postprocess_alternating' depends on axioms: [propext, Classical.choice, Quot.sound]
'AntisymmetricVerification.postprocessRestriction_basis' depends on axioms: [propext, Classical.choice, Quot.sound]
'AntisymmetricVerification.postprocess_matrix_diagonal' depends on axioms: [propext, Classical.choice, Quot.sound]
'AntisymmetricVerification.decompose_permute_index' depends on axioms: [propext, Quot.sound]
'AntisymmetricVerification.signC_decompose' depends on axioms: [propext, Classical.choice, Quot.sound]
'AntisymmetricVerification.antisymmetrize_coset_sum' depends on axioms: [propext, Classical.choice, Quot.sound]
'AntisymmetricVerification.antisymmetrize_recursion' depends on axioms: [propext, Classical.choice, Quot.sound]
'AntisymmetricVerification.antisymMatrix_mulVec' depends on axioms: [propext, Classical.choice, Quot.sound]
'AntisymmetricVerification.signC_symm' depends on axioms: [propext, Classical.choice, Quot.sound]
'AntisymmetricVerification.permute_eq_iff' depends on axioms: [propext, Quot.sound]
'AntisymmetricVerification.antisymMatrix_isHermitian' depends on axioms: [propext, Classical.choice, Quot.sound]
'AntisymmetricVerification.antisymMatrix_idempotent' depends on axioms: [propext, Classical.choice, Quot.sound]
'AntisymmetricVerification.pureTensor_standard' depends on axioms: [propext, Classical.choice, Quot.sound]
'AntisymmetricVerification.antisymMatrix_enum_apply' depends on axioms: [propext, Classical.choice, Quot.sound]
'AntisymmetricVerification.antisymMatrix_flip' depends on axioms: [propext, Classical.choice, Quot.sound]
'AntisymmetricVerification.standardSlater_gram' depends on axioms: [propext, Classical.choice, Quot.sound]
'AntisymmetricVerification.slaterIsometry_isometry' depends on axioms: [propext, Classical.choice, Quot.sound]
'AntisymmetricVerification.matrixUnit_twirl' depends on axioms: [propext, Classical.choice, Quot.sound]
'AntisymmetricVerification.compressed_matrixUnit_twirl' depends on axioms: [propext, Classical.choice, Quot.sound]
'AntisymmetricVerification.partialTrace_hilbertSchmidt_adjoint' depends on axioms: [propext,
 Classical.choice,
 Quot.sound]
'AntisymmetricVerification.scaled_compressed_twirl' depends on axioms: [propext, Classical.choice, Quot.sound]
'AntisymmetricVerification.oneLegMatrix_mulVec' depends on axioms: [propext, Classical.choice, Quot.sound]
'AntisymmetricVerification.compressed_oneLegMatrix_independent' depends on axioms: [propext,
 Classical.choice,
 Quot.sound]
'AntisymmetricVerification.compressed_allLegsMatrix' depends on axioms: [propext, Classical.choice, Quot.sound]
'AntisymmetricVerification.update_zero_eq_cons' depends on axioms: [propext, Quot.sound]
'AntisymmetricVerification.oneLegMatrix_zero_product' depends on axioms: [propext, Classical.choice, Quot.sound]
'AntisymmetricVerification.generator_in_product_coordinates' depends on axioms: [propext, Classical.choice, Quot.sound]
'AntisymmetricVerification.antisymmetric_bell_gram_identity' depends on axioms: [propext, Classical.choice, Quot.sound]
'AntisymmetricVerification.swapFirstIndex_involutive' depends on axioms: [propext, Classical.choice, Quot.sound]
'AntisymmetricVerification.swapFirstMatrix_mulVec' depends on axioms: [propext, Classical.choice, Quot.sound]
'AntisymmetricVerification.swapFirstIndex_cons' depends on axioms: [propext, Quot.sound]
'AntisymmetricVerification.oneLegMatrix_matrixUnit_apply' depends on axioms: [propext, Classical.choice, Quot.sound]
'AntisymmetricVerification.swapFirstMatrix_matrixUnits' depends on axioms: [propext, Classical.choice, Quot.sound]
'AntisymmetricVerification.matrix_fintypeSum_mulVec' depends on axioms: [propext, Classical.choice, Quot.sound]
'AntisymmetricVerification.antisymMatrixProduct_mulVec' depends on axioms: [propext, Classical.choice, Quot.sound]
'AntisymmetricVerification.liftedAntisym_mulVec' depends on axioms: [propext, Classical.choice, Quot.sound]
'AntisymmetricVerification.antisymMatrixProduct_coset' depends on axioms: [propext, Classical.choice, Quot.sound]
'AntisymmetricVerification.traceA_fintype_sum' depends on axioms: [propext, Classical.choice, Quot.sound]
'AntisymmetricVerification.traceA_kronecker' depends on axioms: [propext, Classical.choice, Quot.sound]
'AntisymmetricVerification.traceA_smul' depends on axioms: [propext, Classical.choice, Quot.sound]
'AntisymmetricVerification.traceA_add' depends on axioms: [propext, Classical.choice, Quot.sound]
'AntisymmetricVerification.traceA_sub' depends on axioms: [propext, Classical.choice, Quot.sound]
'AntisymmetricVerification.kronecker_multiply' depends on axioms: [propext, Classical.choice, Quot.sound]
'AntisymmetricVerification.traceA_kronecker_units' depends on axioms: [propext, Classical.choice, Quot.sound]
'AntisymmetricVerification.swapFirstMatrix_mul' depends on axioms: [propext, Classical.choice, Quot.sound]
'AntisymmetricVerification.mul_swapFirstMatrix' depends on axioms: [propext, Classical.choice, Quot.sound]
'AntisymmetricVerification.traceA_swapFirst_left' depends on axioms: [propext, Classical.choice, Quot.sound]
'AntisymmetricVerification.traceA_swapFirst_right' depends on axioms: [propext, Classical.choice, Quot.sound]
'AntisymmetricVerification.traceA_two_swaps' depends on axioms: [propext, Classical.choice, Quot.sound]
'AntisymmetricVerification.compressed_traceA_two_swaps' depends on axioms: [propext, Classical.choice, Quot.sound]
'AntisymmetricVerification.tailAntisymmetrize_of_alternating' depends on axioms: [propext, Classical.choice, Quot.sound]
'AntisymmetricVerification.antisymMatrixProduct_isHermitian' depends on axioms: [propext, Classical.choice, Quot.sound]
'AntisymmetricVerification.liftedAntisym_isHermitian' depends on axioms: [propext, Classical.choice, Quot.sound]
'AntisymmetricVerification.antisymMatrixProduct_tail_left' depends on axioms: [propext, Classical.choice, Quot.sound]
'AntisymmetricVerification.antisymMatrixProduct_tail_right' depends on axioms: [propext, Classical.choice, Quot.sound]
'AntisymmetricVerification.traceA_second_left' depends on axioms: [propext, Classical.choice, Quot.sound]
'AntisymmetricVerification.traceA_second_right' depends on axioms: [propext, Classical.choice, Quot.sound]
'AntisymmetricVerification.antisym_partialTrace_support' depends on axioms: [propext, Classical.choice, Quot.sound]
'AntisymmetricVerification.swapFirstMatrix_isHermitian' depends on axioms: [propext, Classical.choice, Quot.sound]
'AntisymmetricVerification.cosetOperator_isHermitian' depends on axioms: [propext, Classical.choice, Quot.sound]
'AntisymmetricVerification.antisymMatrixProduct_coset_right' depends on axioms: [propext, Classical.choice, Quot.sound]
'AntisymmetricVerification.antisymMatrixProduct_idempotent' depends on axioms: [propext, Classical.choice, Quot.sound]
'AntisymmetricVerification.coset_sandwich' depends on axioms: [propext, Classical.choice, Quot.sound]
'AntisymmetricVerification.traceA_coset_sandwich' depends on axioms: [propext, Classical.choice, Quot.sound]
'AntisymmetricVerification.compressed_traceA_coset_sandwich' depends on axioms: [propext, Classical.choice, Quot.sound]
'AntisymmetricVerification.antisymmetric_partialTrace_ladder' depends on axioms: [propext, Classical.choice, Quot.sound]
'AntisymmetricVerification.slaterIsometry_column' depends on axioms: [propext, Classical.choice, Quot.sound]
'AntisymmetricVerification.antisymMatrix_mul_slaterIsometry' depends on axioms: [propext, Classical.choice, Quot.sound]
'AntisymmetricVerification.slaterIsometry_range_projection' depends on axioms: [propext, Classical.choice, Quot.sound]
'AntisymmetricVerification.slater_coordinates_reconstruct' depends on axioms: [propext, Classical.choice, Quot.sound]
'AntisymmetricVerification.traceA_gram_rows' depends on axioms: [propext, Classical.choice, Quot.sound]
'AntisymmetricVerification.downCoordinates_eq_kraus' depends on axioms: [propext, Classical.choice, Quot.sound]
'AntisymmetricVerification.gram_kronecker_rows' depends on axioms: [propext, Classical.choice, Quot.sound]
'AntisymmetricVerification.upCoordinates_eq_kraus' depends on axioms: [propext, Classical.choice, Quot.sound]
'AntisymmetricVerification.slaterProduct_conjTranspose' depends on axioms: [propext, Classical.choice, Quot.sound]
'AntisymmetricVerification.slaterProduct_isometry' depends on axioms: [propext, Classical.choice, Quot.sound]
'AntisymmetricVerification.slaterProduct_range_projection' depends on axioms: [propext, Classical.choice, Quot.sound]
'AntisymmetricVerification.slaterDown_up_formula' depends on axioms: [propext, Classical.choice, Quot.sound]
'AntisymmetricVerification.submatrix_fintypeSum' depends on axioms: [propext, Classical.choice, Quot.sound]
'AntisymmetricVerification.oneLegGram_product' depends on axioms: [propext, Classical.choice, Quot.sound]
'AntisymmetricVerification.slater_sandwich_reindex' depends on axioms: [propext, Classical.choice, Quot.sound]
'AntisymmetricVerification.slater_embed_product' depends on axioms: [propext, Classical.choice, Quot.sound]
'AntisymmetricVerification.slaterProduct_projection_left' depends on axioms: [propext, Classical.choice, Quot.sound]
'AntisymmetricVerification.slaterProduct_projection_right' depends on axioms: [propext, Classical.choice, Quot.sound]
'AntisymmetricVerification.slaterEmbed_projection_left' depends on axioms: [propext, Classical.choice, Quot.sound]
'AntisymmetricVerification.slaterEmbed_projection_right' depends on axioms: [propext, Classical.choice, Quot.sound]
'AntisymmetricVerification.slater_oneLegGram_coordinates' depends on axioms: [propext, Classical.choice, Quot.sound]
'AntisymmetricVerification.slater_sandwich_embed' depends on axioms: [propext, Classical.choice, Quot.sound]
'AntisymmetricVerification.slaterDown_up_successor' depends on axioms: [propext, Classical.choice, Quot.sound]
'AntisymmetricVerification.slaterDown_up_zero' depends on axioms: [propext, Classical.choice, Quot.sound]
'AntisymmetricVerification.slaterReductionMatrix_mulVec' depends on axioms: [propext, Classical.choice, Quot.sound]
'AntisymmetricVerification.slaterReductionMatrix_adj_mulVec' depends on axioms: [propext, Classical.choice, Quot.sound]
'AntisymmetricVerification.matrix_eq_of_mulVec_matrixVec' depends on axioms: [propext, Classical.choice, Quot.sound]
'AntisymmetricVerification.matrixVec_smul' depends on axioms: [propext, Classical.choice, Quot.sound]
'AntisymmetricVerification.matrixVec_add' depends on axioms: [propext, Classical.choice, Quot.sound]
'AntisymmetricVerification.slaterReductionMatrix_gram_zero' depends on axioms: [propext, Classical.choice, Quot.sound]
'AntisymmetricVerification.slaterReductionMatrix_gram_successor' depends on axioms: [propext,
 Classical.choice,
 Quot.sound]
'AntisymmetricVerification.slaterLadderGram_zero' depends on axioms: [propext, Classical.choice, Quot.sound]
'AntisymmetricVerification.slaterLadderGram_successor' depends on axioms: [propext, Classical.choice, Quot.sound]
'AntisymmetricVerification.weightedSlaterReduction_gram' depends on axioms: [propext, Classical.choice, Quot.sound]
'AntisymmetricVerification.weightedSlaterReduction_ladder' depends on axioms: [propext, Classical.choice, Quot.sound]
'AntisymmetricVerification.product_eigenspace_finrank' depends on axioms: [propext, Classical.choice, Quot.sound]
'AntisymmetricVerification.gram_eigenspace_finrank' depends on axioms: [propext, Classical.choice, Quot.sound]
'AntisymmetricVerification.gram_kernel' depends on axioms: [propext, Classical.choice, Quot.sound]
'AntisymmetricVerification.gram_zero_multiplicity' depends on axioms: [propext, Classical.choice, Quot.sound]
'AntisymmetricVerification.matrix_scalar_shift_eigenspace' depends on axioms: [propext, Classical.choice, Quot.sound]
'AntisymmetricVerification.matrix_scalar_smul_eigenspace' depends on axioms: [propext, Classical.choice, Quot.sound]
'AntisymmetricVerification.gram_surjective_of_posDef' depends on axioms: [propext, Classical.choice, Quot.sound]
'AntisymmetricVerification.ladderValue_step' depends on axioms: [propext, Classical.choice, Quot.sound]
'AntisymmetricVerification.ladderValue_diag' depends on axioms: [propext, Classical.choice, Quot.sound]
'AntisymmetricVerification.ladderValue_step_pos' depends on axioms: [propext, Classical.choice, Quot.sound]
'AntisymmetricVerification.gram_ladder_surjective' depends on axioms: [propext, Classical.choice, Quot.sound]
'AntisymmetricVerification.gram_ladder_multiplicities' depends on axioms: [propext, Classical.choice, Quot.sound]
'AntisymmetricVerification.matrix_zero_eigenspace' depends on axioms: [propext, Classical.choice, Quot.sound]
'AntisymmetricVerification.gram_ladder_no_other_eigenvalues' depends on axioms: [propext, Classical.choice, Quot.sound]
'AntisymmetricVerification.ladderValue_strictAntiOn' depends on axioms: [propext, Classical.choice, Quot.sound]
'AntisymmetricVerification.hermitian_eigenspace_finrank_eq_count' depends on axioms: [propext,
 Classical.choice,
 Quot.sound]
'AntisymmetricVerification.sum_eigenvalues_by_multiplicity' depends on axioms: [propext, Classical.choice, Quot.sound]
'AntisymmetricVerification.hermitian_eigenvalues_covered' depends on axioms: [propext, Classical.choice, Quot.sound]
'AntisymmetricVerification.matrixVec_injective' depends on axioms: [propext, Classical.choice, Quot.sound]
'AntisymmetricVerification.krausSupermatrix_mulVec' depends on axioms: [propext, Classical.choice, Quot.sound]
'AntisymmetricVerification.krausSupermatrix_conjTranspose' depends on axioms: [propext, Classical.choice, Quot.sound]
'AntisymmetricVerification.krausSupermatrix_conjTranspose_mulVec' depends on axioms: [propext,
 Classical.choice,
 Quot.sound]
'AntisymmetricVerification.identity_ancilla_kraus' depends on axioms: [propext, Classical.choice, Quot.sound]
'AntisymmetricVerification.compressedTensorMap_completelyPositive' depends on axioms: [propext,
 Classical.choice,
 Quot.sound]
'AntisymmetricVerification.antisymmetricChannel_completelyPositive' depends on axioms: [propext,
 Classical.choice,
 Quot.sound]
'AntisymmetricVerification.antisymmetricChannel_product_formula' depends on axioms: [propext,
 Classical.choice,
 Quot.sound]
'AntisymmetricVerification.antisymmetricChannel_tensor_formula' depends on axioms: [propext,
 Classical.choice,
 Quot.sound]
'AntisymmetricVerification.slater_conjTranspose_mul_antisymMatrix' depends on axioms: [propext,
 Classical.choice,
 Quot.sound]
'AntisymmetricVerification.antisymmetricChannel_restriction_conjugate' depends on axioms: [propext,
 Classical.choice,
 Quot.sound]
'AntisymmetricVerification.sum_shuffle' depends on axioms: [propext, Classical.choice, Quot.sound]
'AntisymmetricVerification.restriction_trace_hermitian' depends on axioms: [propext, Classical.choice, Quot.sound]
'AntisymmetricVerification.antisymmetricChannel_trace_hermitian' depends on axioms: [propext,
 Classical.choice,
 Quot.sound]
'AntisymmetricVerification.antisymmetricChannel_tracePreserving' depends on axioms: [propext,
 Classical.choice,
 Quot.sound]
'AntisymmetricVerification.antisymmetricChannel_quantumChannel' depends on axioms: [propext,
 Classical.choice,
 Quot.sound]
'AntisymmetricVerification.tensorMatrix_conjTranspose' depends on axioms: [propext, Classical.choice, Quot.sound]
'AntisymmetricVerification.tensorMatrix_unitary_star_mul' depends on axioms: [propext, Classical.choice, Quot.sound]
'AntisymmetricVerification.antisymMatrix_mul_tensor_slater' depends on axioms: [propext, Classical.choice, Quot.sound]
'AntisymmetricVerification.slater_mul_exteriorUnitary' depends on axioms: [propext, Classical.choice, Quot.sound]
'AntisymmetricVerification.tensor_eigenSlater_column' depends on axioms: [propext, Classical.choice, Quot.sound]
'AntisymmetricVerification.slaterCoordinateEquiv_apply' depends on axioms: [propext, Classical.choice, Quot.sound]
'AntisymmetricVerification.channel_slater_intertwining' depends on axioms: [propext, Classical.choice, Quot.sound]
'AntisymmetricVerification.antisymmetricChannel_eigenmatrix' depends on axioms: [propext, Classical.choice, Quot.sound]
'AntisymmetricVerification.antisymmetricChannel_unitaryDiagonal' depends on axioms: [propext,
 Classical.choice,
 Quot.sound]
'AntisymmetricVerification.unitaryDiagonal_column_eigenvector' depends on axioms: [propext,
 Classical.choice,
 Quot.sound]
'AntisymmetricVerification.tensor_transformedSlater_column' depends on axioms: [propext, Classical.choice, Quot.sound]
'AntisymmetricVerification.antisymmetricChannel_eigenmatrix_of_unitary' depends on axioms: [propext,
 Classical.choice,
 Quot.sound]
'AntisymmetricVerification.antisymmetricChannel_of_unitaryDiagonal' depends on axioms: [propext,
 Classical.choice,
 Quot.sound]
'AntisymmetricVerification.renyi_subsetIndex' depends on axioms: [propext, Classical.choice, Quot.sound]
'AntisymmetricVerification.antisymmetricChannel_entropy' depends on axioms: [propext, Classical.choice, Quot.sound]
'AntisymmetricVerification.slater_ladder_card' depends on axioms: [propext, Classical.choice, Quot.sound]
'AntisymmetricVerification.slater_ladder_recurrence_real' depends on axioms: [propext, Classical.choice, Quot.sound]
'AntisymmetricVerification.slaterLadderGram_multiplicity' depends on axioms: [propext, Classical.choice, Quot.sound]
'AntisymmetricVerification.slaterLadderGram_no_other_eigenvalues' depends on axioms: [propext,
 Classical.choice,
 Quot.sound]
'AntisymmetricVerification.slaterLadderGram_posSemidef' depends on axioms: [propext, Classical.choice, Quot.sound]
'AntisymmetricVerification.slaterLadderGram_isHermitian' depends on axioms: [propext, Classical.choice, Quot.sound]
'AntisymmetricVerification.subsetIndex_nonempty_of_le' depends on axioms: [propext, Classical.choice, Quot.sound]
'AntisymmetricVerification.slaterLadderGram_eigenvalues_covered' depends on axioms: [propext,
 Classical.choice,
 Quot.sound]
'AntisymmetricVerification.slaterLadderGram_spectral_sum' depends on axioms: [propext, Classical.choice, Quot.sound]
'AntisymmetricVerification.ladderMultiplicity_cast_eq_dm' depends on axioms: [propext, Classical.choice, Quot.sound]
'AntisymmetricVerification.entrywiseConjugate_add' depends on axioms: [propext, Classical.choice, Quot.sound]
'AntisymmetricVerification.entrywiseConjugate_smul' depends on axioms: [propext, Classical.choice, Quot.sound]
'AntisymmetricVerification.entrywiseConjugate_one' depends on axioms: [propext, Classical.choice, Quot.sound]
'AntisymmetricVerification.tensorMap_add_input' depends on axioms: [propext, Classical.choice, Quot.sound]
'AntisymmetricVerification.tensorMap_smul_input' depends on axioms: [propext, Classical.choice, Quot.sound]
'AntisymmetricVerification.tensor_conjugate_one' depends on axioms: [propext, Classical.choice, Quot.sound]
'AntisymmetricVerification.tensor_conjugate_bell_supermatrix' depends on axioms: [propext, Classical.choice, Quot.sound]
'AntisymmetricVerification.matrixUnit_conjTranspose' depends on axioms: [propext, Classical.choice, Quot.sound]
'AntisymmetricVerification.kronecker_conjTranspose_matrix' depends on axioms: [propext, Classical.choice, Quot.sound]
'AntisymmetricVerification.compressed_leg_twirl' depends on axioms: [propext, Classical.choice, Quot.sound]
'AntisymmetricVerification.slater_up_down_raw' depends on axioms: [propext, Classical.choice, Quot.sound]
'AntisymmetricVerification.antisymmetricChannel_unit_adjoint' depends on axioms: [propext, Classical.choice, Quot.sound]
'AntisymmetricVerification.antisymmetricChannel_unit_gram' depends on axioms: [propext, Classical.choice, Quot.sound]
'AntisymmetricVerification.antisymmetricChannel_bell_mulVec' depends on axioms: [propext, Classical.choice, Quot.sound]
'AntisymmetricVerification.antisymmetricChannel_bell_gram' depends on axioms: [propext, Classical.choice, Quot.sound]
'AntisymmetricVerification.antisymmetricChannel_one' depends on axioms: [propext, Classical.choice, Quot.sound]
'AntisymmetricVerification.antisymmetricChannel_maximallyMixed' depends on axioms: [propext,
 Classical.choice,
 Quot.sound]
'AntisymmetricVerification.antisymmetricChannel_tensor_one' depends on axioms: [propext, Classical.choice, Quot.sound]
'AntisymmetricVerification.antisymmetricChannel_isotropic_gram' depends on axioms: [propext,
 Classical.choice,
 Quot.sound]
'AntisymmetricVerification.antisymmetric_choose_relation' depends on axioms: [propext, Classical.choice, Quot.sound]
'AntisymmetricVerification.antisymmetric_bell_normalization' depends on axioms: [propext, Classical.choice, Quot.sound]
'AntisymmetricVerification.antisymmetricChannel_bell_weighted_gram' depends on axioms: [propext,
 Classical.choice,
 Quot.sound]
'AntisymmetricVerification.antisymmetricChannel_isotropic_weighted_gram' depends on axioms: [propext,
 Classical.choice,
 Quot.sound]
'AntisymmetricVerification.antisymmetricChannel_isotropic_eigenspace' depends on axioms: [propext,
 Classical.choice,
 Quot.sound]
'AntisymmetricVerification.matrixRenyiEntropy_by_multiplicity' depends on axioms: [propext,
 Classical.choice,
 Quot.sound]
'AntisymmetricVerification.antisymmetricBellEigenvalue_eq_bellNu' depends on axioms: [propext,
 Classical.choice,
 Quot.sound]
'AntisymmetricVerification.unitaryDiagonal_affine' depends on axioms: [propext, Classical.choice, Quot.sound]
'AntisymmetricVerification.matrixRenyiEntropy_affine_spectrum' depends on axioms: [propext,
 Classical.choice,
 Quot.sound]
'AntisymmetricVerification.antisymmetricChannel_isotropic_entropy_ladder' depends on axioms: [propext,
 Classical.choice,
 Quot.sound]
'AntisymmetricVerification.antisymmetricChannel_bell_entropy' depends on axioms: [propext, Classical.choice, Quot.sound]
'AntisymmetricVerification.completelyPositive_posSemidef' depends on axioms: [propext, Classical.choice, Quot.sound]
'AntisymmetricVerification.antisymmetricChannel_density' depends on axioms: [propext, Classical.choice, Quot.sound]
'AntisymmetricVerification.antisymmetricChannel_continuous' depends on axioms: [propext, Classical.choice, Quot.sound]
'AntisymmetricVerification.nonempty_subsetIndex' depends on axioms: [propext, Classical.choice, Quot.sound]
'AntisymmetricVerification.antisymmetric_entropy_continuousOn' depends on axioms: [propext,
 Classical.choice,
 Quot.sound]
'AntisymmetricVerification.antisymmetric_spectralBody_entropy_image' depends on axioms: [propext,
 Classical.choice,
 Quot.sound]
'AntisymmetricVerification.antisymmetric_body_infimum' depends on axioms: [propext, Classical.choice, Quot.sound]
'AntisymmetricVerification.actual_antisymmetric_minimum_output_entropy_limit' depends on axioms: [propext,
 Classical.choice,
 Quot.sound]
'AntisymmetricVerification.antisymmetricChannel_bell_entropy_asymptotics' depends on axioms: [propext,
 Classical.choice,
 Quot.sound]
