RevisionK182BirthCurve.lean:16:0: warning: automatically included section variable(s) unused in theorem 'ProjectionChannels.RevisionK182.birthCurve_zero':
  [Fintype ι]
consider restructuring your `variable` declarations so that the variables are not in scope or explicitly omit them:
  omit [Fintype ι] in theorem ...
note: this linter can be disabled with `set_option linter.unusedSectionVars false`
RevisionK182BirthCurve.lean:29:0: warning: automatically included section variable(s) unused in theorem 'ProjectionChannels.RevisionK182.continuous_birthCurve':
  [Fintype ι]
consider restructuring your `variable` declarations so that the variables are not in scope or explicitly omit them:
  omit [Fintype ι] in theorem ...
note: this linter can be disabled with `set_option linter.unusedSectionVars false`
RevisionK182BirthCurve.lean:69:0: warning: automatically included section variable(s) unused in theorem 'ProjectionChannels.RevisionK182.birthCurve_in_box_eventually':
  [Fintype ι]
consider restructuring your `variable` declarations so that the variables are not in scope or explicitly omit them:
  omit [Fintype ι] in theorem ...
note: this linter can be disabled with `set_option linter.unusedSectionVars false`
RevisionK182BirthCurve.lean:98:88: warning: Used `tac1 <;> tac2` where `(tac1; tac2)` would suffice
note: this linter can be disabled with `set_option linter.unnecessarySeqFocus false`
RevisionK182BirthCurve.lean:101:88: warning: Used `tac1 <;> tac2` where `(tac1; tac2)` would suffice
note: this linter can be disabled with `set_option linter.unnecessarySeqFocus false`
RevisionK182BirthCurve.lean:117:88: warning: Used `tac1 <;> tac2` where `(tac1; tac2)` would suffice
note: this linter can be disabled with `set_option linter.unnecessarySeqFocus false`
RevisionK182BirthCurve.lean:120:88: warning: Used `tac1 <;> tac2` where `(tac1; tac2)` would suffice
note: this linter can be disabled with `set_option linter.unnecessarySeqFocus false`
