RevisionAntisymmetricBellBridge.lean:18:0: warning: automatically included section variable(s) unused in theorem 'AntisymmetricVerification.entrywiseConjugate_add':
  [Fintype A]
  [DecidableEq A]
consider restructuring your `variable` declarations so that the variables are not in scope or explicitly omit them:
  omit [Fintype A] [DecidableEq A] in theorem ...
note: this linter can be disabled with `set_option linter.unusedSectionVars false`
RevisionAntisymmetricBellBridge.lean:23:0: warning: automatically included section variable(s) unused in theorem 'AntisymmetricVerification.entrywiseConjugate_smul':
  [Fintype A]
  [DecidableEq A]
consider restructuring your `variable` declarations so that the variables are not in scope or explicitly omit them:
  omit [Fintype A] [DecidableEq A] in theorem ...
note: this linter can be disabled with `set_option linter.unusedSectionVars false`
RevisionAntisymmetricBellBridge.lean:28:0: warning: automatically included section variable(s) unused in theorem 'AntisymmetricVerification.entrywiseConjugate_one':
  [Fintype A]
consider restructuring your `variable` declarations so that the variables are not in scope or explicitly omit them:
  omit [Fintype A] in theorem ...
note: this linter can be disabled with `set_option linter.unusedSectionVars false`
RevisionAntisymmetricBellBridge.lean:41:0: warning: automatically included section variable(s) unused in theorem 'AntisymmetricVerification.tensorMap_add_input':
  [Fintype B]
  [DecidableEq B]
consider restructuring your `variable` declarations so that the variables are not in scope or explicitly omit them:
  omit [Fintype B] [DecidableEq B] in theorem ...
note: this linter can be disabled with `set_option linter.unusedSectionVars false`
RevisionAntisymmetricBellBridge.lean:47:0: warning: automatically included section variable(s) unused in theorem 'AntisymmetricVerification.tensorMap_smul_input':
  [Fintype B]
  [DecidableEq B]
consider restructuring your `variable` declarations so that the variables are not in scope or explicitly omit them:
  omit [Fintype B] [DecidableEq B] in theorem ...
note: this linter can be disabled with `set_option linter.unusedSectionVars false`
RevisionAntisymmetricBellBridge.lean:70:0: warning: automatically included section variable(s) unused in theorem 'AntisymmetricVerification.matrixUnit_conjTranspose':
  [Fintype A]
consider restructuring your `variable` declarations so that the variables are not in scope or explicitly omit them:
  omit [Fintype A] in theorem ...
note: this linter can be disabled with `set_option linter.unusedSectionVars false`
RevisionAntisymmetricBellBridge.lean:75:0: warning: automatically included section variable(s) unused in theorem 'AntisymmetricVerification.kronecker_conjTranspose_matrix':
  [Fintype A]
  [Fintype B]
  [DecidableEq A]
  [DecidableEq B]
consider restructuring your `variable` declarations so that the variables are not in scope or explicitly omit them:
  omit [Fintype A] [Fintype B] [DecidableEq A] [DecidableEq B] in theorem ...
note: this linter can be disabled with `set_option linter.unusedSectionVars false`
RevisionAntisymmetricBellBridge.lean:81:0: warning: automatically included section variable(s) unused in theorem 'AntisymmetricVerification.compressed_leg_twirl':
  [DecidableEq C]
consider restructuring your `variable` declarations so that the variables are not in scope or explicitly omit them:
  omit [DecidableEq C] in theorem ...
note: this linter can be disabled with `set_option linter.unusedSectionVars false`
