RevisionAntisymmetricPartialTrace.lean:15:0: warning: automatically included section variable(s) unused in theorem 'AntisymmetricVerification.traceA_fintype_sum':
  [Fintype B]
consider restructuring your `variable` declarations so that the variables are not in scope or explicitly omit them:
  omit [Fintype B] in theorem ...
note: this linter can be disabled with `set_option linter.unusedSectionVars false`
RevisionAntisymmetricPartialTrace.lean:19:0: warning: automatically included section variable(s) unused in theorem 'AntisymmetricVerification.traceA_kronecker':
  [Fintype B]
consider restructuring your `variable` declarations so that the variables are not in scope or explicitly omit them:
  omit [Fintype B] in theorem ...
note: this linter can be disabled with `set_option linter.unusedSectionVars false`
RevisionAntisymmetricPartialTrace.lean:25:0: warning: automatically included section variable(s) unused in theorem 'AntisymmetricVerification.traceA_smul':
  [Fintype B]
consider restructuring your `variable` declarations so that the variables are not in scope or explicitly omit them:
  omit [Fintype B] in theorem ...
note: this linter can be disabled with `set_option linter.unusedSectionVars false`
RevisionAntisymmetricPartialTrace.lean:28:0: warning: automatically included section variable(s) unused in theorem 'AntisymmetricVerification.traceA_add':
  [Fintype B]
consider restructuring your `variable` declarations so that the variables are not in scope or explicitly omit them:
  omit [Fintype B] in theorem ...
note: this linter can be disabled with `set_option linter.unusedSectionVars false`
RevisionAntisymmetricPartialTrace.lean:31:0: warning: automatically included section variable(s) unused in theorem 'AntisymmetricVerification.traceA_sub':
  [Fintype B]
consider restructuring your `variable` declarations so that the variables are not in scope or explicitly omit them:
  omit [Fintype B] in theorem ...
note: this linter can be disabled with `set_option linter.unusedSectionVars false`
RevisionAntisymmetricPartialTrace.lean:35:0: warning: automatically included section variable(s) unused in theorem 'AntisymmetricVerification.kronecker_multiply':
  [DecidableEq A]
  [DecidableEq B]
consider restructuring your `variable` declarations so that the variables are not in scope or explicitly omit them:
  omit [DecidableEq A] [DecidableEq B] in theorem ...
note: this linter can be disabled with `set_option linter.unusedSectionVars false`
