RevisionOutputTraceDistance.lean:21:0: warning: automatically included section variable(s) unused in theorem 'RevisionOutput.abs_eigenvalue_le_card_sq_norm':
  [Nonempty A]
consider restructuring your `variable` declarations so that the variables are not in scope or explicitly omit them:
  omit [Nonempty A] in theorem ...
note: this linter can be disabled with `set_option linter.unusedSectionVars false`
RevisionOutputTraceDistance.lean:57:0: warning: automatically included section variable(s) unused in theorem 'RevisionOutput.hermitianTraceNorm_eq':
  [Nonempty A]
consider restructuring your `variable` declarations so that the variables are not in scope or explicitly omit them:
  omit [Nonempty A] in theorem ...
note: this linter can be disabled with `set_option linter.unusedSectionVars false`
RevisionOutputTraceDistance.lean:61:0: warning: automatically included section variable(s) unused in theorem 'RevisionOutput.hermitianTraceNorm_nonneg':
  [Nonempty A]
consider restructuring your `variable` declarations so that the variables are not in scope or explicitly omit them:
  omit [Nonempty A] in theorem ...
note: this linter can be disabled with `set_option linter.unusedSectionVars false`
RevisionOutputTraceDistance.lean:85:0: warning: automatically included section variable(s) unused in theorem 'RevisionOutput.costHausdorff_nonneg':
  [PseudoMetricSpace E]
consider restructuring your `variable` declarations so that the variables are not in scope or explicitly omit them:
  omit [PseudoMetricSpace E] in theorem ...
note: this linter can be disabled with `set_option linter.unusedSectionVars false`
