StrongConvergenceTensorPower.lean:16:0: warning: automatically included section variable(s) unused in theorem 'ProjectionChannels.TensorHaar.tensorPower_mul':
  [DecidableEq E]
consider restructuring your `variable` declarations so that the variables are not in scope or explicitly omit them:
  omit [DecidableEq E] in theorem ...
note: this linter can be disabled with `set_option linter.unusedSectionVars false`
StrongConvergenceTensorPower.lean:25:0: warning: automatically included section variable(s) unused in theorem 'ProjectionChannels.TensorHaar.tensorPower_diagonal':
  [Fintype E]
consider restructuring your `variable` declarations so that the variables are not in scope or explicitly omit them:
  omit [Fintype E] in theorem ...
note: this linter can be disabled with `set_option linter.unusedSectionVars false`
StrongConvergenceTensorPower.lean:45:0: warning: automatically included section variable(s) unused in theorem 'ProjectionChannels.TensorHaar.tensorPower_conjTranspose':
  [Fintype E]
  [DecidableEq E]
consider restructuring your `variable` declarations so that the variables are not in scope or explicitly omit them:
  omit [Fintype E] [DecidableEq E] in theorem ...
note: this linter can be disabled with `set_option linter.unusedSectionVars false`
StrongConvergenceTensorPower.lean:50:0: warning: automatically included section variable(s) unused in theorem 'ProjectionChannels.TensorHaar.tensorPower_smul':
  [Fintype E]
  [DecidableEq E]
consider restructuring your `variable` declarations so that the variables are not in scope or explicitly omit them:
  omit [Fintype E] [DecidableEq E] in theorem ...
note: this linter can be disabled with `set_option linter.unusedSectionVars false`
StrongConvergenceTensorPower.lean:55:0: warning: automatically included section variable(s) unused in theorem 'ProjectionChannels.TensorHaar.tensorPower_trace':
  [DecidableEq E]
consider restructuring your `variable` declarations so that the variables are not in scope or explicitly omit them:
  omit [DecidableEq E] in theorem ...
note: this linter can be disabled with `set_option linter.unusedSectionVars false`
StrongConvergenceTensorPower.lean:73:0: warning: automatically included section variable(s) unused in theorem 'ProjectionChannels.TensorHaar.continuous_tensorPower':
  [Fintype E]
  [DecidableEq E]
consider restructuring your `variable` declarations so that the variables are not in scope or explicitly omit them:
  omit [Fintype E] [DecidableEq E] in theorem ...
note: this linter can be disabled with `set_option linter.unusedSectionVars false`
'ProjectionChannels.TensorHaar.tensorPower_mul' depends on axioms: [propext, Classical.choice, Quot.sound]
'ProjectionChannels.TensorHaar.tensorPower_mem_unitary' depends on axioms: [propext, Classical.choice, Quot.sound]
'ProjectionChannels.TensorHaar.tensorPower_trace' depends on axioms: [propext, Classical.choice, Quot.sound]
