lean/StrongConvergence/StrongConvergenceTensorSpanning.lean:24:0: warning: automatically included section variable(s) unused in theorem 'ProjectionChannels.TensorHaar.prod_erase_coordinate':
  [Fintype E]
consider restructuring your `variable` declarations so that the variables are not in scope or explicitly omit them:
  omit [Fintype E] in theorem ...
note: this linter can be disabled with `set_option linter.unusedSectionVars false`
lean/StrongConvergence/StrongConvergenceTensorSpanning.lean:58:0: warning: automatically included section variable(s) unused in theorem 'ProjectionChannels.TensorHaar.exists_permutation_of_range_eq':
  [Fintype E]
  [DecidableEq E]
consider restructuring your `variable` declarations so that the variables are not in scope or explicitly omit them:
  omit [Fintype E] [DecidableEq E] in theorem ...
note: this linter can be disabled with `set_option linter.unusedSectionVars false`
lean/StrongConvergence/StrongConvergenceTensorSpanning.lean:82:0: warning: automatically included section variable(s) unused in theorem 'ProjectionChannels.TensorHaar.tuple_permutation_injective':
  [Fintype E]
  [DecidableEq E]
consider restructuring your `variable` declarations so that the variables are not in scope or explicitly omit them:
  omit [Fintype E] [DecidableEq E] in theorem ...
note: this linter can be disabled with `set_option linter.unusedSectionVars false`
lean/StrongConvergence/StrongConvergenceTensorSpanning.lean:93:0: warning: automatically included section variable(s) unused in theorem 'ProjectionChannels.TensorHaar.tupleColumnMap_apply':
  [Fintype E]
consider restructuring your `variable` declarations so that the variables are not in scope or explicitly omit them:
  omit [Fintype E] in theorem ...
note: this linter can be disabled with `set_option linter.unusedSectionVars false`
'ProjectionChannels.TensorHaar.eq_sum_permutationTensor_of_commutes' depends on axioms: [propext,
 Classical.choice,
 Quot.sound]
