lean/StrongConvergence/StrongConvergenceHaarSecondCompression.lean:14:0: warning: automatically included section variable(s) unused in theorem 'ProjectionChannels.HaarMoment.signFlip_star':
  [Fintype E]
consider restructuring your `variable` declarations so that the variables are not in scope or explicitly omit them:
  omit [Fintype E] in theorem ...
note: this linter can be disabled with `set_option linter.unusedSectionVars false`
lean/StrongConvergence/StrongConvergenceHaarSecondCompression.lean:108:0: warning: automatically included section variable(s) unused in theorem 'ProjectionChannels.HaarMoment.compression_entry':
  [Fintype A]
  [DecidableEq A]
  [DecidableEq K]
consider restructuring your `variable` declarations so that the variables are not in scope or explicitly omit them:
  omit [Fintype A] [DecidableEq A] [DecidableEq K] in theorem ...
note: this linter can be disabled with `set_option linter.unusedSectionVars false`
lean/StrongConvergence/StrongConvergenceHaarSecondCompression.lean:141:7: warning: Used `tac1 <;> tac2` where `(tac1; tac2)` would suffice
note: this linter can be disabled with `set_option linter.unnecessarySeqFocus false`
lean/StrongConvergence/StrongConvergenceHaarSecondCompression.lean:247:2: warning: Used `tac1 <;> tac2` where `(tac1; tac2)` would suffice
note: this linter can be disabled with `set_option linter.unnecessarySeqFocus false`
'ProjectionChannels.HaarMoment.integral_disjoint_entry_product' depends on axioms: [propext,
 Classical.choice,
 Quot.sound]
'ProjectionChannels.HaarMoment.integral_block_entry_product' depends on axioms: [propext, Classical.choice, Quot.sound]
'ProjectionChannels.HaarMoment.integral_compression_second_trace_formula' depends on axioms: [propext,
 Classical.choice,
 Quot.sound]
'ProjectionChannels.Canonical.integral_compression_second_trace_formula' depends on axioms: [propext,
 Classical.choice,
 Quot.sound]
'ProjectionChannels.Canonical.normalized_second_moment_tendsto' depends on axioms: [propext,
 Classical.choice,
 Quot.sound]
