lean/StrongConvergence/StrongConvergenceScalarMatrix.lean:25:0: warning: automatically included section variable(s) unused in theorem 'ProjectionChannels.ScalarStrong.localConjugate_one_output':
  [Nonempty A]
consider restructuring your `variable` declarations so that the variables are not in scope or explicitly omit them:
  omit [Nonempty A] in theorem ...
note: this linter can be disabled with `set_option linter.unusedSectionVars false`
lean/StrongConvergence/StrongConvergenceScalarMatrix.lean:42:0: warning: automatically included section variable(s) unused in theorem 'ProjectionChannels.ScalarStrong.amplified_one_output':
  [Fintype A]
  [DecidableEq A]
  [Nonempty A]
consider restructuring your `variable` declarations so that the variables are not in scope or explicitly omit them:
  omit [Fintype A] [DecidableEq A] [Nonempty A] in theorem ...
note: this linter can be disabled with `set_option linter.unusedSectionVars false`
lean/StrongConvergence/StrongConvergenceScalarMatrix.lean:50:0: warning: automatically included section variable(s) unused in theorem 'ProjectionChannels.ScalarStrong.compression_one_output':
  [Fintype A]
  [DecidableEq A]
  [Nonempty A]
consider restructuring your `variable` declarations so that the variables are not in scope or explicitly omit them:
  omit [Fintype A] [DecidableEq A] [Nonempty A] in theorem ...
note: this linter can be disabled with `set_option linter.unusedSectionVars false`
lean/StrongConvergence/StrongConvergenceScalarMatrix.lean:56:0: warning: automatically included section variable(s) unused in theorem 'ProjectionChannels.ScalarStrong.affine_projection_cfc':
  [Nonempty A]
consider restructuring your `variable` declarations so that the variables are not in scope or explicitly omit them:
  omit [Nonempty A] in theorem ...
note: this linter can be disabled with `set_option linter.unusedSectionVars false`
