SuppliedBernoulliEdge.lean:90:6: warning: this tactic is never executed
note: this linter can be disabled with `set_option linter.unreachableTactic false`
SuppliedBernoulliEdge.lean:90:6: warning: 'simp' tactic does nothing
note: this linter can be disabled with `set_option linter.unusedTactic false`
SuppliedBernoulliEdge.lean:202:6: warning: this tactic is never executed
note: this linter can be disabled with `set_option linter.unreachableTactic false`
SuppliedBernoulliEdge.lean:203:6: warning: this tactic is never executed
note: this linter can be disabled with `set_option linter.unreachableTactic false`
SuppliedBernoulliEdge.lean:202:6: warning: 'fun_prop' tactic does nothing
note: this linter can be disabled with `set_option linter.unusedTactic false`
SuppliedBernoulliEdge.lean:203:6: warning: 'continuity' tactic does nothing
note: this linter can be disabled with `set_option linter.unusedTactic false`
SuppliedBernoulliEdge.lean:211:8: warning: this tactic is never executed
note: this linter can be disabled with `set_option linter.unreachableTactic false`
SuppliedBernoulliEdge.lean:211:8: warning: 'exact (hnum.mul ((continuous_disc t).inv₀ hne)).congr (fun y => (div_eq_mul_inv _ _).symm)' tactic does nothing
note: this linter can be disabled with `set_option linter.unusedTactic false`
SuppliedBernoulliEdge.lean:221:8: warning: this tactic is never executed
note: this linter can be disabled with `set_option linter.unreachableTactic false`
SuppliedBernoulliEdge.lean:225:8: warning: this tactic is never executed
note: this linter can be disabled with `set_option linter.unreachableTactic false`
SuppliedBernoulliEdge.lean:221:8: warning: 'fun_prop' tactic does nothing
note: this linter can be disabled with `set_option linter.unusedTactic false`
SuppliedBernoulliEdge.lean:225:8: warning: 'fun_prop' tactic does nothing
note: this linter can be disabled with `set_option linter.unusedTactic false`
SuppliedBernoulliEdge.lean:256:24: warning: unused variable `i`
note: this linter can be disabled with `set_option linter.unusedVariables false`
SuppliedBernoulliEdge.lean:268:6: warning: this tactic is never executed
note: this linter can be disabled with `set_option linter.unreachableTactic false`
SuppliedBernoulliEdge.lean:268:6: warning: 'fun_prop' tactic does nothing
note: this linter can be disabled with `set_option linter.unusedTactic false`
SuppliedBernoulliEdge.lean:393:8: warning: this tactic is never executed
note: this linter can be disabled with `set_option linter.unreachableTactic false`
SuppliedBernoulliEdge.lean:393:8: warning: 'fun_prop' tactic does nothing
note: this linter can be disabled with `set_option linter.unusedTactic false`
SuppliedBernoulliEdge.lean:451:27: warning: unused variable `i`
note: this linter can be disabled with `set_option linter.unusedVariables false`
SuppliedBernoulliEdge.lean:454:24: warning: unused variable `i`
note: this linter can be disabled with `set_option linter.unusedVariables false`
SuppliedBernoulliEdge.lean:520:12: warning: this tactic is never executed
note: this linter can be disabled with `set_option linter.unreachableTactic false`
SuppliedBernoulliEdge.lean:521:12: warning: this tactic is never executed
note: this linter can be disabled with `set_option linter.unreachableTactic false`
SuppliedBernoulliEdge.lean:520:12: warning: '(field_simp; ring)' tactic does nothing
note: this linter can be disabled with `set_option linter.unusedTactic false`
SuppliedBernoulliEdge.lean:521:12: warning: 'field_simp' tactic does nothing
note: this linter can be disabled with `set_option linter.unusedTactic false`
SuppliedBernoulliEdge.lean:570:6: warning: this tactic is never executed
note: this linter can be disabled with `set_option linter.unreachableTactic false`
SuppliedBernoulliEdge.lean:570:6: warning: '(unfold rayleigh; rw [Matrix.smul_mulVec_assoc]; simp)' tactic does nothing
note: this linter can be disabled with `set_option linter.unusedTactic false`
SuppliedBernoulliEdge.lean:583:8: warning: this tactic is never executed
note: this linter can be disabled with `set_option linter.unreachableTactic false`
SuppliedBernoulliEdge.lean:583:8: warning: 'simp [φ]' tactic does nothing
note: this linter can be disabled with `set_option linter.unusedTactic false`
SuppliedBernoulliEdge.lean:616:8: warning: this tactic is never executed
note: this linter can be disabled with `set_option linter.unreachableTactic false`
SuppliedBernoulliEdge.lean:617:8: warning: this tactic is never executed
note: this linter can be disabled with `set_option linter.unreachableTactic false`
SuppliedBernoulliEdge.lean:616:8: warning: 'simpa using (Complex.le_def.mp (hM.2 v)).1' tactic does nothing
note: this linter can be disabled with `set_option linter.unusedTactic false`
SuppliedBernoulliEdge.lean:617:8: warning: 'exact hM.re_dotProduct_nonneg v' tactic does nothing
note: this linter can be disabled with `set_option linter.unusedTactic false`
SuppliedBernoulliEdge.lean:752:10: warning: this tactic is never executed
note: this linter can be disabled with `set_option linter.unreachableTactic false`
SuppliedBernoulliEdge.lean:756:10: warning: this tactic is never executed
note: this linter can be disabled with `set_option linter.unreachableTactic false`
SuppliedBernoulliEdge.lean:752:10: warning: 'field_simp' tactic does nothing
note: this linter can be disabled with `set_option linter.unusedTactic false`
SuppliedBernoulliEdge.lean:756:10: warning: 'field_simp' tactic does nothing
note: this linter can be disabled with `set_option linter.unusedTactic false`
SuppliedBernoulliEdge.lean:777:8: warning: this tactic is never executed
note: this linter can be disabled with `set_option linter.unreachableTactic false`
SuppliedBernoulliEdge.lean:777:8: warning: 'fun_prop' tactic does nothing
note: this linter can be disabled with `set_option linter.unusedTactic false`
'BernoulliEdge.bernoulli_edge_duality' depends on axioms: [propext, Classical.choice, Quot.sound]
'BernoulliEdge.random_compression' depends on axioms: [propext, Classical.choice, Quot.sound]
'BernoulliEdge.support_limit_diag' depends on axioms: [propext, Classical.choice, Quot.sound]
'BernoulliEdge.ae_tendstoUniformlyOn_of_lipschitz' depends on axioms: [propext, Classical.choice, Quot.sound]
