Checked PreliminariesLegendre
Checked BernoulliCalculus
Checked PreliminariesAnalysis
Checked BernoulliDuality
Checked BernoulliEdgeCalculus
Checked BernoulliCriticalPoint
Checked PreliminariesMatrix
Checked CompressionSpectral
Checked PreliminariesChoi
Checked CompletePositivity
Checked BlockModification
Checked CauchyBernoulli
Checked CauchyHolomorphic
Checked CauchyHolomorphy
Checked SpectralEdge
Checked CauchyLocalInverse
Checked CompressionEndpointGlue
Checked CompressionEndpointAudit
Checked CompressionExtension
Checked Entropy.Defs
Checked Entropy.Analysis
Checked Entropy.Combinatorics
Checked Entropy.BellBounds
Checked Entropy.BellOne
Checked Entropy.BellGeneral
Checked Entropy.Bell
Checked Entropy.BellFiniteDifference
Checked Entropy.BellLimitCoefficients
Checked Entropy.BellLimitTransfer
Checked Entropy.BellMatrixIdentities
Checked Entropy.Localization
Checked Entropy.SpikeArithmetic
Checked Entropy.Spike
Checked Entropy.Single
Checked Entropy.Infimum
Checked Entropy.MainCoefficient
Checked Entropy.MainSpectral
Checked Entropy.Minimum
Checked Entropy.OutputSpace
Checked Entropy.OutputSpaceBody
Checked Entropy
Checked ProjectionStrongConvergence
Checked GaussianRank
Checked GaussianRadial
Checked HaarProjection
Checked HaarMeasure
Checked GaussianUnitary
Checked GaussianMatrixLaw
Checked HaarOrbitUnique
Checked GaussianWhitening
Checked ProjectionOrbit
Checked MatrixRankMeasurable
Checked HaarLocalSupport
Checked HaarFullLocalSupport
Checked PaperFormalization
Checked K182Dual
Checked K182Numerics
Checked K182Entropy
Checked K182ShapeCalculus
Checked K182SecondVariation
Checked OutputSpaceMatrix
Checked OutputSpaceCompressionBridge
Checked FinalAudit
Checked FullAudit
Checked K182Audit
Checked OutputSpaceCompressionBridgeAudit
Checked OutputSpaceMatrixAudit
Checked Preliminaries
Checked UnprovedTargets
54 original public theorem statements preserved.
Verified 69 modules and 697 theorem declarations.
